<?xml version="1.0" encoding="ISO-8859-1" ?>
<link_info>
   <banner>TI ARM Linker PC v18.1.2.LTS</banner>
   <copyright>Copyright (c) 1996-2017 Texas Instruments Incorporated</copyright>
   <link_time>0x5cd17c89</link_time>
   <link_errors>0x0</link_errors>
   <output_file>Car_Control.out</output_file>
   <entry_point>
      <name>_c_int00_noargs</name>
      <address>0x9715</address>
   </entry_point>
   <input_file_list>
      <input_file id="fl-2">
         <path>.\</path>
         <kind>object</kind>
         <file>My_UART.obj</file>
         <name>My_UART.obj</name>
      </input_file>
      <input_file id="fl-3">
         <path>.\</path>
         <kind>object</kind>
         <file>main.obj</file>
         <name>main.obj</name>
      </input_file>
      <input_file id="fl-4">
         <path>.\</path>
         <kind>object</kind>
         <file>tm4c123gh6pm_startup_ccs.obj</file>
         <name>tm4c123gh6pm_startup_ccs.obj</name>
      </input_file>
      <input_file id="fl-5">
         <path>.\</path>
         <kind>object</kind>
         <file>uartstdio.obj</file>
         <name>uartstdio.obj</name>
      </input_file>
      <input_file id="fl-6">
         <path>.\GPIO\</path>
         <kind>object</kind>
         <file>Gpio.obj</file>
         <name>Gpio.obj</name>
      </input_file>
      <input_file id="fl-7">
         <path>.\I2C_Init\</path>
         <kind>object</kind>
         <file>I2C_Init.obj</file>
         <name>I2C_Init.obj</name>
      </input_file>
      <input_file id="fl-8">
         <path>.\Motor_Set\</path>
         <kind>object</kind>
         <file>Pwm_Control.obj</file>
         <name>Pwm_Control.obj</name>
      </input_file>
      <input_file id="fl-9">
         <path>.\PID\</path>
         <kind>object</kind>
         <file>pid.obj</file>
         <name>pid.obj</name>
      </input_file>
      <input_file id="fl-a">
         <path>.\QEI\</path>
         <kind>object</kind>
         <file>QEI_Model.obj</file>
         <name>QEI_Model.obj</name>
      </input_file>
      <input_file id="fl-b">
         <path>.\Timer_Init\</path>
         <kind>object</kind>
         <file>Timer_Init.obj</file>
         <name>Timer_Init.obj</name>
      </input_file>
      <input_file id="fl-c">
         <path>.\UART_Init\</path>
         <kind>object</kind>
         <file>UART_Init.obj</file>
         <name>UART_Init.obj</name>
      </input_file>
      <input_file id="fl-d">
         <path>.\USART_Show\</path>
         <kind>object</kind>
         <file>Show.obj</file>
         <name>Show.obj</name>
      </input_file>
      <input_file id="fl-e">
         <path>.\delay_fct\</path>
         <kind>object</kind>
         <file>delay.obj</file>
         <name>delay.obj</name>
      </input_file>
      <input_file id="fl-f">
         <path>.\mpu9150\</path>
         <kind>object</kind>
         <file>MPU6050.obj</file>
         <name>MPU6050.obj</name>
      </input_file>
      <input_file id="fl-10">
         <path>.\mpu9150\</path>
         <kind>object</kind>
         <file>inv_mpu.obj</file>
         <name>inv_mpu.obj</name>
      </input_file>
      <input_file id="fl-11">
         <path>.\mpu9150\</path>
         <kind>object</kind>
         <file>inv_mpu_dmp_motion_driver.obj</file>
         <name>inv_mpu_dmp_motion_driver.obj</name>
      </input_file>
      <input_file id="fl-12">
         <path>.\oled\</path>
         <kind>object</kind>
         <file>oled.obj</file>
         <name>oled.obj</name>
      </input_file>
      <input_file id="fl-13">
         <path>.\oled\</path>
         <kind>object</kind>
         <file>oled_font.obj</file>
         <name>oled_font.obj</name>
      </input_file>
      <input_file id="fl-18">
         <kind>object</kind>
         <file>&lt;internal&gt;</file>
         <name>&lt;internal&gt;</name>
      </input_file>
      <input_file id="fl-19">
         <path>C:\ti\TivaWare_C_Series-2.1.4.178\driverlib\ccs\Debug\</path>
         <kind>archive</kind>
         <file>driverlib.lib</file>
         <name>fpu.obj</name>
      </input_file>
      <input_file id="fl-1a">
         <path>C:\ti\TivaWare_C_Series-2.1.4.178\driverlib\ccs\Debug\</path>
         <kind>archive</kind>
         <file>driverlib.lib</file>
         <name>gpio.obj</name>
      </input_file>
      <input_file id="fl-1b">
         <path>C:\ti\TivaWare_C_Series-2.1.4.178\driverlib\ccs\Debug\</path>
         <kind>archive</kind>
         <file>driverlib.lib</file>
         <name>i2c.obj</name>
      </input_file>
      <input_file id="fl-1c">
         <path>C:\ti\TivaWare_C_Series-2.1.4.178\driverlib\ccs\Debug\</path>
         <kind>archive</kind>
         <file>driverlib.lib</file>
         <name>interrupt.obj</name>
      </input_file>
      <input_file id="fl-1d">
         <path>C:\ti\TivaWare_C_Series-2.1.4.178\driverlib\ccs\Debug\</path>
         <kind>archive</kind>
         <file>driverlib.lib</file>
         <name>pwm.obj</name>
      </input_file>
      <input_file id="fl-1e">
         <path>C:\ti\TivaWare_C_Series-2.1.4.178\driverlib\ccs\Debug\</path>
         <kind>archive</kind>
         <file>driverlib.lib</file>
         <name>qei.obj</name>
      </input_file>
      <input_file id="fl-1f">
         <path>C:\ti\TivaWare_C_Series-2.1.4.178\driverlib\ccs\Debug\</path>
         <kind>archive</kind>
         <file>driverlib.lib</file>
         <name>sysctl.obj</name>
      </input_file>
      <input_file id="fl-20">
         <path>C:\ti\TivaWare_C_Series-2.1.4.178\driverlib\ccs\Debug\</path>
         <kind>archive</kind>
         <file>driverlib.lib</file>
         <name>systick.obj</name>
      </input_file>
      <input_file id="fl-21">
         <path>C:\ti\TivaWare_C_Series-2.1.4.178\driverlib\ccs\Debug\</path>
         <kind>archive</kind>
         <file>driverlib.lib</file>
         <name>timer.obj</name>
      </input_file>
      <input_file id="fl-22">
         <path>C:\ti\TivaWare_C_Series-2.1.4.178\driverlib\ccs\Debug\</path>
         <kind>archive</kind>
         <file>driverlib.lib</file>
         <name>uart.obj</name>
      </input_file>
      <input_file id="fl-23">
         <path>C:\ti\TivaWare_C_Series-2.1.4.178\driverlib\ccs\Debug\</path>
         <kind>archive</kind>
         <file>driverlib.lib</file>
         <name>cpu.obj</name>
      </input_file>
      <input_file id="fl-d9">
         <path>C:\ti\ccsv8\tools\compiler\ti-cgt-arm_18.1.2.LTS\lib\</path>
         <kind>archive</kind>
         <file>rtsv7M4_T_le_v4SPD16_eabi.lib</file>
         <name>e_asin.c.obj</name>
      </input_file>
      <input_file id="fl-da">
         <path>C:\ti\ccsv8\tools\compiler\ti-cgt-arm_18.1.2.LTS\lib\</path>
         <kind>archive</kind>
         <file>rtsv7M4_T_le_v4SPD16_eabi.lib</file>
         <name>e_atan2.c.obj</name>
      </input_file>
      <input_file id="fl-db">
         <path>C:\ti\ccsv8\tools\compiler\ti-cgt-arm_18.1.2.LTS\lib\</path>
         <kind>archive</kind>
         <file>rtsv7M4_T_le_v4SPD16_eabi.lib</file>
         <name>e_pow.c.obj</name>
      </input_file>
      <input_file id="fl-dc">
         <path>C:\ti\ccsv8\tools\compiler\ti-cgt-arm_18.1.2.LTS\lib\</path>
         <kind>archive</kind>
         <file>rtsv7M4_T_le_v4SPD16_eabi.lib</file>
         <name>e_sqrt.c.obj</name>
      </input_file>
      <input_file id="fl-dd">
         <path>C:\ti\ccsv8\tools\compiler\ti-cgt-arm_18.1.2.LTS\lib\</path>
         <kind>archive</kind>
         <file>rtsv7M4_T_le_v4SPD16_eabi.lib</file>
         <name>s_atan.c.obj</name>
      </input_file>
      <input_file id="fl-de">
         <path>C:\ti\ccsv8\tools\compiler\ti-cgt-arm_18.1.2.LTS\lib\</path>
         <kind>archive</kind>
         <file>rtsv7M4_T_le_v4SPD16_eabi.lib</file>
         <name>s_scalbn.c.obj</name>
      </input_file>
      <input_file id="fl-df">
         <path>C:\ti\ccsv8\tools\compiler\ti-cgt-arm_18.1.2.LTS\lib\</path>
         <kind>archive</kind>
         <file>rtsv7M4_T_le_v4SPD16_eabi.lib</file>
         <name>s_copysign.c.obj</name>
      </input_file>
      <input_file id="fl-e0">
         <path>C:\ti\ccsv8\tools\compiler\ti-cgt-arm_18.1.2.LTS\lib\</path>
         <kind>archive</kind>
         <file>rtsv7M4_T_le_v4SPD16_eabi.lib</file>
         <name>u_divt2.asm.obj</name>
      </input_file>
      <input_file id="fl-e1">
         <path>C:\ti\ccsv8\tools\compiler\ti-cgt-arm_18.1.2.LTS\lib\</path>
         <kind>archive</kind>
         <file>rtsv7M4_T_le_v4SPD16_eabi.lib</file>
         <name>memset_t2.asm.obj</name>
      </input_file>
      <input_file id="fl-e2">
         <path>C:\ti\ccsv8\tools\compiler\ti-cgt-arm_18.1.2.LTS\lib\</path>
         <kind>archive</kind>
         <file>rtsv7M4_T_le_v4SPD16_eabi.lib</file>
         <name>fd_add_t2.asm.obj</name>
      </input_file>
      <input_file id="fl-e3">
         <path>C:\ti\ccsv8\tools\compiler\ti-cgt-arm_18.1.2.LTS\lib\</path>
         <kind>archive</kind>
         <file>rtsv7M4_T_le_v4SPD16_eabi.lib</file>
         <name>fd_cmp_t2.asm.obj</name>
      </input_file>
      <input_file id="fl-e4">
         <path>C:\ti\ccsv8\tools\compiler\ti-cgt-arm_18.1.2.LTS\lib\</path>
         <kind>archive</kind>
         <file>rtsv7M4_T_le_v4SPD16_eabi.lib</file>
         <name>fd_div_t2.asm.obj</name>
      </input_file>
      <input_file id="fl-e5">
         <path>C:\ti\ccsv8\tools\compiler\ti-cgt-arm_18.1.2.LTS\lib\</path>
         <kind>archive</kind>
         <file>rtsv7M4_T_le_v4SPD16_eabi.lib</file>
         <name>fd_mul_t2.asm.obj</name>
      </input_file>
      <input_file id="fl-e6">
         <path>C:\ti\ccsv8\tools\compiler\ti-cgt-arm_18.1.2.LTS\lib\</path>
         <kind>archive</kind>
         <file>rtsv7M4_T_le_v4SPD16_eabi.lib</file>
         <name>fd_toi_t2.asm.obj</name>
      </input_file>
      <input_file id="fl-e7">
         <path>C:\ti\ccsv8\tools\compiler\ti-cgt-arm_18.1.2.LTS\lib\</path>
         <kind>archive</kind>
         <file>rtsv7M4_T_le_v4SPD16_eabi.lib</file>
         <name>fd_tos_t2.asm.obj</name>
      </input_file>
      <input_file id="fl-e8">
         <path>C:\ti\ccsv8\tools\compiler\ti-cgt-arm_18.1.2.LTS\lib\</path>
         <kind>archive</kind>
         <file>rtsv7M4_T_le_v4SPD16_eabi.lib</file>
         <name>fs_tod_t2.asm.obj</name>
      </input_file>
      <input_file id="fl-e9">
         <path>C:\ti\ccsv8\tools\compiler\ti-cgt-arm_18.1.2.LTS\lib\</path>
         <kind>archive</kind>
         <file>rtsv7M4_T_le_v4SPD16_eabi.lib</file>
         <name>i_tofd_t2.asm.obj</name>
      </input_file>
      <input_file id="fl-ea">
         <path>C:\ti\ccsv8\tools\compiler\ti-cgt-arm_18.1.2.LTS\lib\</path>
         <kind>archive</kind>
         <file>rtsv7M4_T_le_v4SPD16_eabi.lib</file>
         <name>ll_mul_t2.asm.obj</name>
      </input_file>
      <input_file id="fl-eb">
         <path>C:\ti\ccsv8\tools\compiler\ti-cgt-arm_18.1.2.LTS\lib\</path>
         <kind>archive</kind>
         <file>rtsv7M4_T_le_v4SPD16_eabi.lib</file>
         <name>memcpy_t2.asm.obj</name>
      </input_file>
      <input_file id="fl-ec">
         <path>C:\ti\ccsv8\tools\compiler\ti-cgt-arm_18.1.2.LTS\lib\</path>
         <kind>archive</kind>
         <file>rtsv7M4_T_le_v4SPD16_eabi.lib</file>
         <name>u_tofd_t2.asm.obj</name>
      </input_file>
      <input_file id="fl-ed">
         <path>C:\ti\ccsv8\tools\compiler\ti-cgt-arm_18.1.2.LTS\lib\</path>
         <kind>archive</kind>
         <file>rtsv7M4_T_le_v4SPD16_eabi.lib</file>
         <name>ll_div_t2.asm.obj</name>
      </input_file>
      <input_file id="fl-ee">
         <path>C:\ti\ccsv8\tools\compiler\ti-cgt-arm_18.1.2.LTS\lib\</path>
         <kind>archive</kind>
         <file>rtsv7M4_T_le_v4SPD16_eabi.lib</file>
         <name>ull_div_t2.asm.obj</name>
      </input_file>
      <input_file id="fl-ef">
         <path>C:\ti\ccsv8\tools\compiler\ti-cgt-arm_18.1.2.LTS\lib\</path>
         <kind>archive</kind>
         <file>rtsv7M4_T_le_v4SPD16_eabi.lib</file>
         <name>copy_zero_init.c.obj</name>
      </input_file>
      <input_file id="fl-f0">
         <path>C:\ti\ccsv8\tools\compiler\ti-cgt-arm_18.1.2.LTS\lib\</path>
         <kind>archive</kind>
         <file>rtsv7M4_T_le_v4SPD16_eabi.lib</file>
         <name>copy_decompress_none.c.obj</name>
      </input_file>
      <input_file id="fl-f1">
         <path>C:\ti\ccsv8\tools\compiler\ti-cgt-arm_18.1.2.LTS\lib\</path>
         <kind>archive</kind>
         <file>rtsv7M4_T_le_v4SPD16_eabi.lib</file>
         <name>copy_decompress_lzss.c.obj</name>
      </input_file>
      <input_file id="fl-f2">
         <path>C:\ti\ccsv8\tools\compiler\ti-cgt-arm_18.1.2.LTS\lib\</path>
         <kind>archive</kind>
         <file>rtsv7M4_T_le_v4SPD16_eabi.lib</file>
         <name>boot_cortex_m.c.obj</name>
      </input_file>
      <input_file id="fl-f3">
         <path>C:\ti\ccsv8\tools\compiler\ti-cgt-arm_18.1.2.LTS\lib\</path>
         <kind>archive</kind>
         <file>rtsv7M4_T_le_v4SPD16_eabi.lib</file>
         <name>errno.c.obj</name>
      </input_file>
      <input_file id="fl-f4">
         <path>C:\ti\ccsv8\tools\compiler\ti-cgt-arm_18.1.2.LTS\lib\</path>
         <kind>archive</kind>
         <file>rtsv7M4_T_le_v4SPD16_eabi.lib</file>
         <name>exit.c.obj</name>
      </input_file>
      <input_file id="fl-f5">
         <path>C:\ti\ccsv8\tools\compiler\ti-cgt-arm_18.1.2.LTS\lib\</path>
         <kind>archive</kind>
         <file>rtsv7M4_T_le_v4SPD16_eabi.lib</file>
         <name>_lock.c.obj</name>
      </input_file>
      <input_file id="fl-f6">
         <path>C:\ti\ccsv8\tools\compiler\ti-cgt-arm_18.1.2.LTS\lib\</path>
         <kind>archive</kind>
         <file>rtsv7M4_T_le_v4SPD16_eabi.lib</file>
         <name>args_main.c.obj</name>
      </input_file>
      <input_file id="fl-f7">
         <path>C:\ti\ccsv8\tools\compiler\ti-cgt-arm_18.1.2.LTS\lib\</path>
         <kind>archive</kind>
         <file>rtsv7M4_T_le_v4SPD16_eabi.lib</file>
         <name>memcmp.c.obj</name>
      </input_file>
      <input_file id="fl-f8">
         <path>C:\ti\ccsv8\tools\compiler\ti-cgt-arm_18.1.2.LTS\lib\</path>
         <kind>archive</kind>
         <file>rtsv7M4_T_le_v4SPD16_eabi.lib</file>
         <name>printf.c.obj</name>
      </input_file>
      <input_file id="fl-f9">
         <path>C:\ti\ccsv8\tools\compiler\ti-cgt-arm_18.1.2.LTS\lib\</path>
         <kind>archive</kind>
         <file>rtsv7M4_T_le_v4SPD16_eabi.lib</file>
         <name>div0.asm.obj</name>
      </input_file>
      <input_file id="fl-fa">
         <path>C:\ti\ccsv8\tools\compiler\ti-cgt-arm_18.1.2.LTS\lib\</path>
         <kind>archive</kind>
         <file>rtsv7M4_T_le_v4SPD16_eabi.lib</file>
         <name>autoinit.c.obj</name>
      </input_file>
      <input_file id="fl-fb">
         <path>C:\ti\ccsv8\tools\compiler\ti-cgt-arm_18.1.2.LTS\lib\</path>
         <kind>archive</kind>
         <file>rtsv7M4_T_le_v4SPD16_eabi.lib</file>
         <name>pre_init.c.obj</name>
      </input_file>
      <input_file id="fl-fc">
         <path>C:\ti\ccsv8\tools\compiler\ti-cgt-arm_18.1.2.LTS\lib\</path>
         <kind>archive</kind>
         <file>rtsv7M4_T_le_v4SPD16_eabi.lib</file>
         <name>cpy_tbl.c.obj</name>
      </input_file>
      <input_file id="fl-fd">
         <path>C:\ti\ccsv8\tools\compiler\ti-cgt-arm_18.1.2.LTS\lib\</path>
         <kind>archive</kind>
         <file>rtsv7M4_T_le_v4SPD16_eabi.lib</file>
         <name>_printfi.c.obj</name>
      </input_file>
      <input_file id="fl-fe">
         <path>C:\ti\ccsv8\tools\compiler\ti-cgt-arm_18.1.2.LTS\lib\</path>
         <kind>archive</kind>
         <file>rtsv7M4_T_le_v4SPD16_eabi.lib</file>
         <name>atoi.c.obj</name>
      </input_file>
      <input_file id="fl-ff">
         <path>C:\ti\ccsv8\tools\compiler\ti-cgt-arm_18.1.2.LTS\lib\</path>
         <kind>archive</kind>
         <file>rtsv7M4_T_le_v4SPD16_eabi.lib</file>
         <name>ctype.c.obj</name>
      </input_file>
      <input_file id="fl-100">
         <path>C:\ti\ccsv8\tools\compiler\ti-cgt-arm_18.1.2.LTS\lib\</path>
         <kind>archive</kind>
         <file>rtsv7M4_T_le_v4SPD16_eabi.lib</file>
         <name>defs.c.obj</name>
      </input_file>
      <input_file id="fl-101">
         <path>C:\ti\ccsv8\tools\compiler\ti-cgt-arm_18.1.2.LTS\lib\</path>
         <kind>archive</kind>
         <file>rtsv7M4_T_le_v4SPD16_eabi.lib</file>
         <name>fputc.c.obj</name>
      </input_file>
      <input_file id="fl-102">
         <path>C:\ti\ccsv8\tools\compiler\ti-cgt-arm_18.1.2.LTS\lib\</path>
         <kind>archive</kind>
         <file>rtsv7M4_T_le_v4SPD16_eabi.lib</file>
         <name>fputs.c.obj</name>
      </input_file>
      <input_file id="fl-103">
         <path>C:\ti\ccsv8\tools\compiler\ti-cgt-arm_18.1.2.LTS\lib\</path>
         <kind>archive</kind>
         <file>rtsv7M4_T_le_v4SPD16_eabi.lib</file>
         <name>ltoa.c.obj</name>
      </input_file>
      <input_file id="fl-104">
         <path>C:\ti\ccsv8\tools\compiler\ti-cgt-arm_18.1.2.LTS\lib\</path>
         <kind>archive</kind>
         <file>rtsv7M4_T_le_v4SPD16_eabi.lib</file>
         <name>memccpy.c.obj</name>
      </input_file>
      <input_file id="fl-105">
         <path>C:\ti\ccsv8\tools\compiler\ti-cgt-arm_18.1.2.LTS\lib\</path>
         <kind>archive</kind>
         <file>rtsv7M4_T_le_v4SPD16_eabi.lib</file>
         <name>memchr.c.obj</name>
      </input_file>
      <input_file id="fl-106">
         <path>C:\ti\ccsv8\tools\compiler\ti-cgt-arm_18.1.2.LTS\lib\</path>
         <kind>archive</kind>
         <file>rtsv7M4_T_le_v4SPD16_eabi.lib</file>
         <name>strchr.c.obj</name>
      </input_file>
      <input_file id="fl-107">
         <path>C:\ti\ccsv8\tools\compiler\ti-cgt-arm_18.1.2.LTS\lib\</path>
         <kind>archive</kind>
         <file>rtsv7M4_T_le_v4SPD16_eabi.lib</file>
         <name>strlen.c.obj</name>
      </input_file>
      <input_file id="fl-108">
         <path>C:\ti\ccsv8\tools\compiler\ti-cgt-arm_18.1.2.LTS\lib\</path>
         <kind>archive</kind>
         <file>rtsv7M4_T_le_v4SPD16_eabi.lib</file>
         <name>write.c.obj</name>
      </input_file>
      <input_file id="fl-109">
         <path>C:\ti\ccsv8\tools\compiler\ti-cgt-arm_18.1.2.LTS\lib\</path>
         <kind>archive</kind>
         <file>rtsv7M4_T_le_v4SPD16_eabi.lib</file>
         <name>s_frexp.c.obj</name>
      </input_file>
      <input_file id="fl-10a">
         <path>C:\ti\ccsv8\tools\compiler\ti-cgt-arm_18.1.2.LTS\lib\</path>
         <kind>archive</kind>
         <file>rtsv7M4_T_le_v4SPD16_eabi.lib</file>
         <name>wcslen.c.obj</name>
      </input_file>
      <input_file id="fl-10b">
         <path>C:\ti\ccsv8\tools\compiler\ti-cgt-arm_18.1.2.LTS\lib\</path>
         <kind>archive</kind>
         <file>rtsv7M4_T_le_v4SPD16_eabi.lib</file>
         <name>_io_perm.c.obj</name>
      </input_file>
      <input_file id="fl-10c">
         <path>C:\ti\ccsv8\tools\compiler\ti-cgt-arm_18.1.2.LTS\lib\</path>
         <kind>archive</kind>
         <file>rtsv7M4_T_le_v4SPD16_eabi.lib</file>
         <name>fflush.c.obj</name>
      </input_file>
      <input_file id="fl-10d">
         <path>C:\ti\ccsv8\tools\compiler\ti-cgt-arm_18.1.2.LTS\lib\</path>
         <kind>archive</kind>
         <file>rtsv7M4_T_le_v4SPD16_eabi.lib</file>
         <name>fseek.c.obj</name>
      </input_file>
      <input_file id="fl-10e">
         <path>C:\ti\ccsv8\tools\compiler\ti-cgt-arm_18.1.2.LTS\lib\</path>
         <kind>archive</kind>
         <file>rtsv7M4_T_le_v4SPD16_eabi.lib</file>
         <name>lseek.c.obj</name>
      </input_file>
      <input_file id="fl-10f">
         <path>C:\ti\ccsv8\tools\compiler\ti-cgt-arm_18.1.2.LTS\lib\</path>
         <kind>archive</kind>
         <file>rtsv7M4_T_le_v4SPD16_eabi.lib</file>
         <name>setvbuf.c.obj</name>
      </input_file>
      <input_file id="fl-110">
         <path>C:\ti\ccsv8\tools\compiler\ti-cgt-arm_18.1.2.LTS\lib\</path>
         <kind>archive</kind>
         <file>rtsv7M4_T_le_v4SPD16_eabi.lib</file>
         <name>hostclose.c.obj</name>
      </input_file>
      <input_file id="fl-111">
         <path>C:\ti\ccsv8\tools\compiler\ti-cgt-arm_18.1.2.LTS\lib\</path>
         <kind>archive</kind>
         <file>rtsv7M4_T_le_v4SPD16_eabi.lib</file>
         <name>hostlseek.c.obj</name>
      </input_file>
      <input_file id="fl-112">
         <path>C:\ti\ccsv8\tools\compiler\ti-cgt-arm_18.1.2.LTS\lib\</path>
         <kind>archive</kind>
         <file>rtsv7M4_T_le_v4SPD16_eabi.lib</file>
         <name>hostopen.c.obj</name>
      </input_file>
      <input_file id="fl-113">
         <path>C:\ti\ccsv8\tools\compiler\ti-cgt-arm_18.1.2.LTS\lib\</path>
         <kind>archive</kind>
         <file>rtsv7M4_T_le_v4SPD16_eabi.lib</file>
         <name>hostread.c.obj</name>
      </input_file>
      <input_file id="fl-114">
         <path>C:\ti\ccsv8\tools\compiler\ti-cgt-arm_18.1.2.LTS\lib\</path>
         <kind>archive</kind>
         <file>rtsv7M4_T_le_v4SPD16_eabi.lib</file>
         <name>hostrename.c.obj</name>
      </input_file>
      <input_file id="fl-115">
         <path>C:\ti\ccsv8\tools\compiler\ti-cgt-arm_18.1.2.LTS\lib\</path>
         <kind>archive</kind>
         <file>rtsv7M4_T_le_v4SPD16_eabi.lib</file>
         <name>hostunlink.c.obj</name>
      </input_file>
      <input_file id="fl-116">
         <path>C:\ti\ccsv8\tools\compiler\ti-cgt-arm_18.1.2.LTS\lib\</path>
         <kind>archive</kind>
         <file>rtsv7M4_T_le_v4SPD16_eabi.lib</file>
         <name>hostwrite.c.obj</name>
      </input_file>
      <input_file id="fl-117">
         <path>C:\ti\ccsv8\tools\compiler\ti-cgt-arm_18.1.2.LTS\lib\</path>
         <kind>archive</kind>
         <file>rtsv7M4_T_le_v4SPD16_eabi.lib</file>
         <name>trgmsg.c.obj</name>
      </input_file>
      <input_file id="fl-118">
         <path>C:\ti\ccsv8\tools\compiler\ti-cgt-arm_18.1.2.LTS\lib\</path>
         <kind>archive</kind>
         <file>rtsv7M4_T_le_v4SPD16_eabi.lib</file>
         <name>memory.c.obj</name>
      </input_file>
      <input_file id="fl-119">
         <path>C:\ti\ccsv8\tools\compiler\ti-cgt-arm_18.1.2.LTS\lib\</path>
         <kind>archive</kind>
         <file>rtsv7M4_T_le_v4SPD16_eabi.lib</file>
         <name>fopen.c.obj</name>
      </input_file>
      <input_file id="fl-11a">
         <path>C:\ti\ccsv8\tools\compiler\ti-cgt-arm_18.1.2.LTS\lib\</path>
         <kind>archive</kind>
         <file>rtsv7M4_T_le_v4SPD16_eabi.lib</file>
         <name>open.c.obj</name>
      </input_file>
      <input_file id="fl-11b">
         <path>C:\ti\ccsv8\tools\compiler\ti-cgt-arm_18.1.2.LTS\lib\</path>
         <kind>archive</kind>
         <file>rtsv7M4_T_le_v4SPD16_eabi.lib</file>
         <name>strcpy.c.obj</name>
      </input_file>
      <input_file id="fl-11c">
         <path>C:\ti\ccsv8\tools\compiler\ti-cgt-arm_18.1.2.LTS\lib\</path>
         <kind>archive</kind>
         <file>rtsv7M4_T_le_v4SPD16_eabi.lib</file>
         <name>fclose.c.obj</name>
      </input_file>
      <input_file id="fl-11d">
         <path>C:\ti\ccsv8\tools\compiler\ti-cgt-arm_18.1.2.LTS\lib\</path>
         <kind>archive</kind>
         <file>rtsv7M4_T_le_v4SPD16_eabi.lib</file>
         <name>getdevice.c.obj</name>
      </input_file>
      <input_file id="fl-11e">
         <path>C:\ti\ccsv8\tools\compiler\ti-cgt-arm_18.1.2.LTS\lib\</path>
         <kind>archive</kind>
         <file>rtsv7M4_T_le_v4SPD16_eabi.lib</file>
         <name>remove.c.obj</name>
      </input_file>
      <input_file id="fl-11f">
         <path>C:\ti\ccsv8\tools\compiler\ti-cgt-arm_18.1.2.LTS\lib\</path>
         <kind>archive</kind>
         <file>rtsv7M4_T_le_v4SPD16_eabi.lib</file>
         <name>strcmp.c.obj</name>
      </input_file>
      <input_file id="fl-120">
         <path>C:\ti\ccsv8\tools\compiler\ti-cgt-arm_18.1.2.LTS\lib\</path>
         <kind>archive</kind>
         <file>rtsv7M4_T_le_v4SPD16_eabi.lib</file>
         <name>strncpy.c.obj</name>
      </input_file>
      <input_file id="fl-121">
         <path>C:\ti\ccsv8\tools\compiler\ti-cgt-arm_18.1.2.LTS\lib\</path>
         <kind>archive</kind>
         <file>rtsv7M4_T_le_v4SPD16_eabi.lib</file>
         <name>unlink.c.obj</name>
      </input_file>
      <input_file id="fl-122">
         <path>C:\ti\ccsv8\tools\compiler\ti-cgt-arm_18.1.2.LTS\lib\</path>
         <kind>archive</kind>
         <file>rtsv7M4_T_le_v4SPD16_eabi.lib</file>
         <name>close.c.obj</name>
      </input_file>
   </input_file_list>
   <object_component_list>
      <object_component id="oc-f">
         <name>.intvecs</name>
         <load_address>0x0</load_address>
         <run_address>0x0</run_address>
         <size>0x26c</size>
         <input_file_ref idref="fl-4"/>
      </object_component>
      <object_component id="oc-11a">
         <name>.text</name>
         <load_address>0x26c</load_address>
         <run_address>0x26c</run_address>
         <size>0x2a9c</size>
         <input_file_ref idref="fl-10"/>
      </object_component>
      <object_component id="oc-23d">
         <name>.text</name>
         <load_address>0x2d08</load_address>
         <run_address>0x2d08</run_address>
         <size>0x1084</size>
         <input_file_ref idref="fl-11"/>
      </object_component>
      <object_component id="oc-220">
         <name>.text</name>
         <load_address>0x3d8c</load_address>
         <run_address>0x3d8c</run_address>
         <size>0xa94</size>
         <input_file_ref idref="fl-7"/>
      </object_component>
      <object_component id="oc-399">
         <name>.text:__TI_printfi</name>
         <load_address>0x4820</load_address>
         <run_address>0x4820</run_address>
         <size>0xa5e</size>
         <input_file_ref idref="fl-fd"/>
      </object_component>
      <object_component id="oc-467">
         <name>.text:_nop</name>
         <load_address>0x527e</load_address>
         <run_address>0x527e</run_address>
         <size>0x2</size>
         <input_file_ref idref="fl-f5"/>
      </object_component>
      <object_component id="oc-9f">
         <name>.text</name>
         <load_address>0x5280</load_address>
         <run_address>0x5280</run_address>
         <size>0x618</size>
         <input_file_ref idref="fl-3"/>
      </object_component>
      <object_component id="oc-f0">
         <name>.text</name>
         <load_address>0x5898</load_address>
         <run_address>0x5898</run_address>
         <size>0x4dc</size>
         <input_file_ref idref="fl-5"/>
      </object_component>
      <object_component id="oc-243">
         <name>.text:asin</name>
         <load_address>0x5d74</load_address>
         <run_address>0x5d74</run_address>
         <size>0x3d8</size>
         <input_file_ref idref="fl-d9"/>
      </object_component>
      <object_component id="oc-162">
         <name>.text</name>
         <load_address>0x614c</load_address>
         <run_address>0x614c</run_address>
         <size>0x354</size>
         <input_file_ref idref="fl-f"/>
      </object_component>
      <object_component id="oc-144">
         <name>.text</name>
         <load_address>0x64a0</load_address>
         <run_address>0x64a0</run_address>
         <size>0x350</size>
         <input_file_ref idref="fl-8"/>
      </object_component>
      <object_component id="oc-307">
         <name>.text:atan</name>
         <load_address>0x67f0</load_address>
         <run_address>0x67f0</run_address>
         <size>0x2ec</size>
         <input_file_ref idref="fl-dd"/>
      </object_component>
      <object_component id="oc-4c2">
         <name>.text:_pconv_a</name>
         <load_address>0x6adc</load_address>
         <run_address>0x6adc</run_address>
         <size>0x270</size>
         <input_file_ref idref="fl-fd"/>
      </object_component>
      <object_component id="oc-15c">
         <name>.text</name>
         <load_address>0x6d4c</load_address>
         <run_address>0x6d4c</run_address>
         <size>0x244</size>
         <input_file_ref idref="fl-9"/>
      </object_component>
      <object_component id="oc-24e">
         <name>.text:atan2</name>
         <load_address>0x6f90</load_address>
         <run_address>0x6f90</run_address>
         <size>0x1ec</size>
         <input_file_ref idref="fl-da"/>
      </object_component>
      <object_component id="oc-4b0">
         <name>.text:_pconv_g</name>
         <load_address>0x717c</load_address>
         <run_address>0x717c</run_address>
         <size>0x1d0</size>
         <input_file_ref idref="fl-fd"/>
      </object_component>
      <object_component id="oc-189">
         <name>.text</name>
         <load_address>0x734c</load_address>
         <run_address>0x734c</run_address>
         <size>0x1b6</size>
         <input_file_ref idref="fl-e2"/>
      </object_component>
      <object_component id="oc-354">
         <name>.text</name>
         <load_address>0x7502</load_address>
         <run_address>0x7502</run_address>
         <size>0x2</size>
         <input_file_ref idref="fl-f9"/>
      </object_component>
      <object_component id="oc-120">
         <name>.text</name>
         <load_address>0x7504</load_address>
         <run_address>0x7504</run_address>
         <size>0x18c</size>
         <input_file_ref idref="fl-d"/>
      </object_component>
      <object_component id="oc-150">
         <name>.text</name>
         <load_address>0x7690</load_address>
         <run_address>0x7690</run_address>
         <size>0x168</size>
         <input_file_ref idref="fl-2"/>
      </object_component>
      <object_component id="oc-3ef">
         <name>.text:sqrt</name>
         <load_address>0x77f8</load_address>
         <run_address>0x77f8</run_address>
         <size>0x158</size>
         <input_file_ref idref="fl-dc"/>
      </object_component>
      <object_component id="oc-4bc">
         <name>.text:_pconv_e</name>
         <load_address>0x7950</load_address>
         <run_address>0x7950</run_address>
         <size>0x13c</size>
         <input_file_ref idref="fl-fd"/>
      </object_component>
      <object_component id="oc-2a2">
         <name>.text</name>
         <load_address>0x7a8c</load_address>
         <run_address>0x7a8c</run_address>
         <size>0x136</size>
         <input_file_ref idref="fl-e4"/>
      </object_component>
      <object_component id="oc-14a">
         <name>.text</name>
         <load_address>0x7bc4</load_address>
         <run_address>0x7bc4</run_address>
         <size>0x134</size>
         <input_file_ref idref="fl-a"/>
      </object_component>
      <object_component id="oc-1f8">
         <name>.text:GPIOPadConfigSet</name>
         <load_address>0x7cf8</load_address>
         <run_address>0x7cf8</run_address>
         <size>0x132</size>
         <input_file_ref idref="fl-1a"/>
      </object_component>
      <object_component id="oc-573">
         <name>.text:fcvt</name>
         <load_address>0x7e2c</load_address>
         <run_address>0x7e2c</run_address>
         <size>0x120</size>
         <input_file_ref idref="fl-fd"/>
      </object_component>
      <object_component id="oc-4e4">
         <name>.text:fputs</name>
         <load_address>0x7f4c</load_address>
         <run_address>0x7f4c</run_address>
         <size>0x114</size>
         <input_file_ref idref="fl-102"/>
      </object_component>
      <object_component id="oc-290">
         <name>.text:SysCtlClockGet</name>
         <load_address>0x8060</load_address>
         <run_address>0x8060</run_address>
         <size>0x110</size>
         <input_file_ref idref="fl-1f"/>
      </object_component>
      <object_component id="oc-587">
         <name>.text:scalbn</name>
         <load_address>0x8170</load_address>
         <run_address>0x8170</run_address>
         <size>0x110</size>
         <input_file_ref idref="fl-de"/>
      </object_component>
      <object_component id="oc-17f">
         <name>.text</name>
         <load_address>0x8280</load_address>
         <run_address>0x8280</run_address>
         <size>0xfc</size>
         <input_file_ref idref="fl-e5"/>
      </object_component>
      <object_component id="oc-132">
         <name>.text:SysCtlClockSet</name>
         <load_address>0x837c</load_address>
         <run_address>0x837c</run_address>
         <size>0xf4</size>
         <input_file_ref idref="fl-1f"/>
      </object_component>
      <object_component id="oc-60c">
         <name>.text:setvbuf</name>
         <load_address>0x8470</load_address>
         <run_address>0x8470</run_address>
         <size>0xdc</size>
         <input_file_ref idref="fl-10f"/>
      </object_component>
      <object_component id="oc-639">
         <name>.text:free</name>
         <load_address>0x854c</load_address>
         <run_address>0x854c</run_address>
         <size>0xd8</size>
         <input_file_ref idref="fl-118"/>
      </object_component>
      <object_component id="oc-4a5">
         <name>.text:_ltostr</name>
         <load_address>0x8624</load_address>
         <run_address>0x8624</run_address>
         <size>0xb1</size>
         <input_file_ref idref="fl-fd"/>
      </object_component>
      <object_component id="oc-3b">
         <name>.text</name>
         <load_address>0x86d6</load_address>
         <run_address>0x86d6</run_address>
         <size>0x9c</size>
         <input_file_ref idref="fl-eb"/>
      </object_component>
      <object_component id="oc-3bf">
         <name>.text</name>
         <load_address>0x8772</load_address>
         <run_address>0x8772</run_address>
         <size>0x96</size>
         <input_file_ref idref="fl-ee"/>
      </object_component>
      <object_component id="oc-156">
         <name>.text</name>
         <load_address>0x8808</load_address>
         <run_address>0x8808</run_address>
         <size>0x8c</size>
         <input_file_ref idref="fl-6"/>
      </object_component>
      <object_component id="oc-4eb">
         <name>.text:fputc</name>
         <load_address>0x8894</load_address>
         <run_address>0x8894</run_address>
         <size>0x8c</size>
         <input_file_ref idref="fl-101"/>
      </object_component>
      <object_component id="oc-4ab">
         <name>.text:__aeabi_cdcmple</name>
         <load_address>0x8920</load_address>
         <run_address>0x8920</run_address>
         <size>0x86</size>
         <input_file_ref idref="fl-e3"/>
      </object_component>
      <object_component id="oc-3f5">
         <name>.text:__aeabi_cdrcmple</name>
         <load_address>0x89a6</load_address>
         <run_address>0x89a6</run_address>
         <size>0x86</size>
         <input_file_ref idref="fl-e3"/>
      </object_component>
      <object_component id="oc-93">
         <name>.text</name>
         <load_address>0x8a2c</load_address>
         <run_address>0x8a2c</run_address>
         <size>0x7a</size>
         <input_file_ref idref="fl-e1"/>
      </object_component>
      <object_component id="oc-63f">
         <name>.text:malloc</name>
         <load_address>0x8aa8</load_address>
         <run_address>0x8aa8</run_address>
         <size>0x78</size>
         <input_file_ref idref="fl-118"/>
      </object_component>
      <object_component id="oc-684">
         <name>.text:__TI_closefile</name>
         <load_address>0x8b20</load_address>
         <run_address>0x8b20</run_address>
         <size>0x74</size>
         <input_file_ref idref="fl-11c"/>
      </object_component>
      <object_component id="oc-56c">
         <name>.text:_mcpy</name>
         <load_address>0x8b94</load_address>
         <run_address>0x8b94</run_address>
         <size>0x6e</size>
         <input_file_ref idref="fl-fd"/>
      </object_component>
      <object_component id="oc-249">
         <name>.text</name>
         <load_address>0x8c02</load_address>
         <run_address>0x8c02</run_address>
         <size>0x6e</size>
         <input_file_ref idref="fl-e7"/>
      </object_component>
      <object_component id="oc-232">
         <name>.text</name>
         <load_address>0x8c70</load_address>
         <run_address>0x8c70</run_address>
         <size>0x6e</size>
         <input_file_ref idref="fl-ed"/>
      </object_component>
      <object_component id="oc-6a8">
         <name>.text:HOSTlseek</name>
         <load_address>0x8ce0</load_address>
         <run_address>0x8ce0</run_address>
         <size>0x68</size>
         <input_file_ref idref="fl-111"/>
      </object_component>
      <object_component id="oc-6b4">
         <name>.text:HOSTrename</name>
         <load_address>0x8d48</load_address>
         <run_address>0x8d48</run_address>
         <size>0x68</size>
         <input_file_ref idref="fl-114"/>
      </object_component>
      <object_component id="oc-174">
         <name>.text:IntEnable</name>
         <load_address>0x8db0</load_address>
         <run_address>0x8db0</run_address>
         <size>0x68</size>
         <input_file_ref idref="fl-1c"/>
      </object_component>
      <object_component id="oc-12">
         <name>.text:decompress:lzss:__TI_decompress_lzss</name>
         <load_address>0x8e18</load_address>
         <run_address>0x8e18</run_address>
         <size>0x68</size>
         <input_file_ref idref="fl-f1"/>
      </object_component>
      <object_component id="oc-226">
         <name>.text:printf</name>
         <load_address>0x8e80</load_address>
         <run_address>0x8e80</run_address>
         <size>0x68</size>
         <input_file_ref idref="fl-f8"/>
      </object_component>
      <object_component id="oc-581">
         <name>.text:frexp</name>
         <load_address>0x8ee8</load_address>
         <run_address>0x8ee8</run_address>
         <size>0x64</size>
         <input_file_ref idref="fl-109"/>
      </object_component>
      <object_component id="oc-606">
         <name>.text:fseek</name>
         <load_address>0x8f4c</load_address>
         <run_address>0x8f4c</run_address>
         <size>0x64</size>
         <input_file_ref idref="fl-10d"/>
      </object_component>
      <object_component id="oc-5b0">
         <name>.text:__TI_wrt_ok</name>
         <load_address>0x8fb0</load_address>
         <run_address>0x8fb0</run_address>
         <size>0x62</size>
         <input_file_ref idref="fl-10b"/>
      </object_component>
      <object_component id="oc-690">
         <name>.text:HOSTopen</name>
         <load_address>0x9014</load_address>
         <run_address>0x9014</run_address>
         <size>0x60</size>
         <input_file_ref idref="fl-112"/>
      </object_component>
      <object_component id="oc-6c3">
         <name>.text:close</name>
         <load_address>0x9074</load_address>
         <run_address>0x9074</run_address>
         <size>0x5c</size>
         <input_file_ref idref="fl-122"/>
      </object_component>
      <object_component id="oc-69c">
         <name>.text:HOSTread</name>
         <load_address>0x90d0</load_address>
         <run_address>0x90d0</run_address>
         <size>0x58</size>
         <input_file_ref idref="fl-113"/>
      </object_component>
      <object_component id="oc-6a2">
         <name>.text:HOSTwrite</name>
         <load_address>0x9128</load_address>
         <run_address>0x9128</run_address>
         <size>0x58</size>
         <input_file_ref idref="fl-116"/>
      </object_component>
      <object_component id="oc-4b6">
         <name>.text:_pconv_f</name>
         <load_address>0x9180</load_address>
         <run_address>0x9180</run_address>
         <size>0x56</size>
         <input_file_ref idref="fl-fd"/>
      </object_component>
      <object_component id="oc-560">
         <name>.text:ltoa</name>
         <load_address>0x91d6</load_address>
         <run_address>0x91d6</run_address>
         <size>0x54</size>
         <input_file_ref idref="fl-103"/>
      </object_component>
      <object_component id="oc-566">
         <name>.text:_ecpy</name>
         <load_address>0x922a</load_address>
         <run_address>0x922a</run_address>
         <size>0x52</size>
         <input_file_ref idref="fl-fd"/>
      </object_component>
      <object_component id="oc-168">
         <name>.text</name>
         <load_address>0x927c</load_address>
         <run_address>0x927c</run_address>
         <size>0x50</size>
         <input_file_ref idref="fl-e"/>
      </object_component>
      <object_component id="oc-38b">
         <name>.text:I2CMasterInitExpClk</name>
         <load_address>0x92cc</load_address>
         <run_address>0x92cc</run_address>
         <size>0x4c</size>
         <input_file_ref idref="fl-1b"/>
      </object_component>
      <object_component id="oc-5bc">
         <name>.text:__TI_doflush</name>
         <load_address>0x9318</load_address>
         <run_address>0x9318</run_address>
         <size>0x4c</size>
         <input_file_ref idref="fl-10c"/>
      </object_component>
      <object_component id="oc-49f">
         <name>.text:atoi</name>
         <load_address>0x9364</load_address>
         <run_address>0x9364</run_address>
         <size>0x4c</size>
         <input_file_ref idref="fl-fe"/>
      </object_component>
      <object_component id="oc-de">
         <name>.text:GPIOPinConfigure</name>
         <load_address>0x93b0</load_address>
         <run_address>0x93b0</run_address>
         <size>0x48</size>
         <input_file_ref idref="fl-1a"/>
      </object_component>
      <object_component id="oc-437">
         <name>.text:_QEIIntNumberGet</name>
         <load_address>0x93f8</load_address>
         <run_address>0x93f8</run_address>
         <size>0x48</size>
         <input_file_ref idref="fl-1e"/>
      </object_component>
      <object_component id="oc-1ac">
         <name>.text:exit</name>
         <load_address>0x9440</load_address>
         <run_address>0x9440</run_address>
         <size>0x48</size>
         <input_file_ref idref="fl-f4"/>
      </object_component>
      <object_component id="oc-18e">
         <name>.text</name>
         <load_address>0x9488</load_address>
         <run_address>0x9488</run_address>
         <size>0x48</size>
         <input_file_ref idref="fl-e6"/>
      </object_component>
      <object_component id="oc-696">
         <name>.text:HOSTclose</name>
         <load_address>0x94d0</load_address>
         <run_address>0x94d0</run_address>
         <size>0x44</size>
         <input_file_ref idref="fl-110"/>
      </object_component>
      <object_component id="oc-6ae">
         <name>.text:HOSTunlink</name>
         <load_address>0x9514</load_address>
         <run_address>0x9514</run_address>
         <size>0x44</size>
         <input_file_ref idref="fl-115"/>
      </object_component>
      <object_component id="oc-1b2">
         <name>.text:__TI_auto_init_nobinit_nopinit:__TI_auto_init_nobinit_nopinit</name>
         <load_address>0x9558</load_address>
         <run_address>0x9558</run_address>
         <size>0x44</size>
         <input_file_ref idref="fl-fa"/>
      </object_component>
      <object_component id="oc-6f8">
         <name>.text:getdevice</name>
         <load_address>0x959c</load_address>
         <run_address>0x959c</run_address>
         <size>0x44</size>
         <input_file_ref idref="fl-11d"/>
      </object_component>
      <object_component id="oc-449">
         <name>.text:_UARTIntNumberGet</name>
         <load_address>0x95e0</load_address>
         <run_address>0x95e0</run_address>
         <size>0x40</size>
         <input_file_ref idref="fl-22"/>
      </object_component>
      <object_component id="oc-20a">
         <name>.text</name>
         <load_address>0x9620</load_address>
         <run_address>0x9620</run_address>
         <size>0x40</size>
         <input_file_ref idref="fl-e0"/>
      </object_component>
      <object_component id="oc-579">
         <name>.text:_fcpy</name>
         <load_address>0x9660</load_address>
         <run_address>0x9660</run_address>
         <size>0x3e</size>
         <input_file_ref idref="fl-fd"/>
      </object_component>
      <object_component id="oc-679">
         <name>.text:minsert</name>
         <load_address>0x96a0</load_address>
         <run_address>0x96a0</run_address>
         <size>0x3c</size>
         <input_file_ref idref="fl-118"/>
      </object_component>
      <object_component id="oc-6d4">
         <name>.text:__TI_writemsg</name>
         <load_address>0x96dc</load_address>
         <run_address>0x96dc</run_address>
         <size>0x38</size>
         <input_file_ref idref="fl-117"/>
      </object_component>
      <object_component id="oc-59">
         <name>.text:_c_int00_noargs:_c_int00_noargs</name>
         <load_address>0x9714</load_address>
         <run_address>0x9714</run_address>
         <size>0x38</size>
         <input_file_ref idref="fl-f2"/>
      </object_component>
      <object_component id="oc-66d">
         <name>.text:minit</name>
         <load_address>0x974c</load_address>
         <run_address>0x974c</run_address>
         <size>0x38</size>
         <input_file_ref idref="fl-118"/>
      </object_component>
      <object_component id="oc-184">
         <name>.text</name>
         <load_address>0x9784</load_address>
         <run_address>0x9784</run_address>
         <size>0x38</size>
         <input_file_ref idref="fl-e8"/>
      </object_component>
      <object_component id="oc-71a">
         <name>.text:strncpy</name>
         <load_address>0x97bc</load_address>
         <run_address>0x97bc</run_address>
         <size>0x36</size>
         <input_file_ref idref="fl-120"/>
      </object_component>
      <object_component id="oc-43d">
         <name>.text:IntRegister</name>
         <load_address>0x97f4</load_address>
         <run_address>0x97f4</run_address>
         <size>0x34</size>
         <input_file_ref idref="fl-1c"/>
      </object_component>
      <object_component id="oc-d8">
         <name>.text:SysCtlPeripheralEnable</name>
         <load_address>0x9828</load_address>
         <run_address>0x9828</run_address>
         <size>0x34</size>
         <input_file_ref idref="fl-1f"/>
      </object_component>
      <object_component id="oc-645">
         <name>.text:__TI_cleanup</name>
         <load_address>0x985c</load_address>
         <run_address>0x985c</run_address>
         <size>0x34</size>
         <input_file_ref idref="fl-119"/>
      </object_component>
      <object_component id="oc-6da">
         <name>.text:__TI_readmsg</name>
         <load_address>0x9890</load_address>
         <run_address>0x9890</run_address>
         <size>0x34</size>
         <input_file_ref idref="fl-117"/>
      </object_component>
      <object_component id="oc-720">
         <name>.text:finddevice</name>
         <load_address>0x98c4</load_address>
         <run_address>0x98c4</run_address>
         <size>0x30</size>
         <input_file_ref idref="fl-11d"/>
      </object_component>
      <object_component id="oc-17a">
         <name>.text</name>
         <load_address>0x98f4</load_address>
         <run_address>0x98f4</run_address>
         <size>0x2e</size>
         <input_file_ref idref="fl-e9"/>
      </object_component>
      <object_component id="oc-6c9">
         <name>.text:unlink</name>
         <load_address>0x9924</load_address>
         <run_address>0x9924</run_address>
         <size>0x2c</size>
         <input_file_ref idref="fl-121"/>
      </object_component>
      <object_component id="oc-1f2">
         <name>.text:GPIODirModeSet</name>
         <load_address>0x9950</load_address>
         <run_address>0x9950</run_address>
         <size>0x2a</size>
         <input_file_ref idref="fl-1a"/>
      </object_component>
      <object_component id="oc-631">
         <name>.text:lseek</name>
         <load_address>0x997c</load_address>
         <run_address>0x997c</run_address>
         <size>0x28</size>
         <input_file_ref idref="fl-10e"/>
      </object_component>
      <object_component id="oc-673">
         <name>.text:mremove</name>
         <load_address>0x99a4</load_address>
         <run_address>0x99a4</run_address>
         <size>0x28</size>
         <input_file_ref idref="fl-118"/>
      </object_component>
      <object_component id="oc-5c2">
         <name>.text:write</name>
         <load_address>0x99cc</load_address>
         <run_address>0x99cc</run_address>
         <size>0x28</size>
         <input_file_ref idref="fl-108"/>
      </object_component>
      <object_component id="oc-2e5">
         <name>.text:IntPrioritySet</name>
         <load_address>0x99f4</load_address>
         <run_address>0x99f4</run_address>
         <size>0x24</size>
         <input_file_ref idref="fl-1c"/>
      </object_component>
      <object_component id="oc-237">
         <name>.text:memcmp</name>
         <load_address>0x9a18</load_address>
         <run_address>0x9a18</run_address>
         <size>0x24</size>
         <input_file_ref idref="fl-f7"/>
      </object_component>
      <object_component id="oc-28a">
         <name>.text:PWMGenConfigure</name>
         <load_address>0x9a3c</load_address>
         <run_address>0x9a3c</run_address>
         <size>0x22</size>
         <input_file_ref idref="fl-1d"/>
      </object_component>
      <object_component id="oc-5b6">
         <name>.text:memchr</name>
         <load_address>0x9a5e</load_address>
         <run_address>0x9a5e</run_address>
         <size>0x20</size>
         <input_file_ref idref="fl-105"/>
      </object_component>
      <object_component id="oc-2a7">
         <name>.text:PWMPulseWidthSet</name>
         <load_address>0x9a7e</load_address>
         <run_address>0x9a7e</run_address>
         <size>0x1e</size>
         <input_file_ref idref="fl-1d"/>
      </object_component>
      <object_component id="oc-4c8">
         <name>.text:memccpy</name>
         <load_address>0x9a9c</load_address>
         <run_address>0x9a9c</run_address>
         <size>0x1c</size>
         <input_file_ref idref="fl-104"/>
      </object_component>
      <object_component id="oc-278">
         <name>.text:GPIOPinTypeGPIOOutput</name>
         <load_address>0x9ab8</load_address>
         <run_address>0x9ab8</run_address>
         <size>0x18</size>
         <input_file_ref idref="fl-1a"/>
      </object_component>
      <object_component id="oc-2d8">
         <name>.text:QEIIntRegister</name>
         <load_address>0x9ad0</load_address>
         <run_address>0x9ad0</run_address>
         <size>0x18</size>
         <input_file_ref idref="fl-1e"/>
      </object_component>
      <object_component id="oc-2eb">
         <name>.text:UARTIntRegister</name>
         <load_address>0x9ae8</load_address>
         <run_address>0x9ae8</run_address>
         <size>0x18</size>
         <input_file_ref idref="fl-22"/>
      </object_component>
      <object_component id="oc-3d6">
         <name>.text</name>
         <load_address>0x9b00</load_address>
         <run_address>0x9b00</run_address>
         <size>0x18</size>
         <input_file_ref idref="fl-ea"/>
      </object_component>
      <object_component id="oc-737">
         <name>.text:strcmp</name>
         <load_address>0x9b18</load_address>
         <run_address>0x9b18</run_address>
         <size>0x18</size>
         <input_file_ref idref="fl-11f"/>
      </object_component>
      <object_component id="oc-391">
         <name>.text:I2CMasterErr</name>
         <load_address>0x9b30</load_address>
         <run_address>0x9b30</run_address>
         <size>0x16</size>
         <input_file_ref idref="fl-1b"/>
      </object_component>
      <object_component id="oc-58d">
         <name>.text:strchr</name>
         <load_address>0x9b46</load_address>
         <run_address>0x9b46</run_address>
         <size>0x16</size>
         <input_file_ref idref="fl-106"/>
      </object_component>
      <object_component id="oc-27e">
         <name>.text:SysCtlPWMClockSet</name>
         <load_address>0x9b5c</load_address>
         <run_address>0x9b5c</run_address>
         <size>0x14</size>
         <input_file_ref idref="fl-1f"/>
      </object_component>
      <object_component id="oc-5ee">
         <name>.text:copysign</name>
         <load_address>0x9b70</load_address>
         <run_address>0x9b70</run_address>
         <size>0x14</size>
         <input_file_ref idref="fl-df"/>
      </object_component>
      <object_component id="oc-6ee">
         <name>.text:strcpy</name>
         <load_address>0x9b84</load_address>
         <run_address>0x9b84</run_address>
         <size>0x14</size>
         <input_file_ref idref="fl-11b"/>
      </object_component>
      <object_component id="oc-499">
         <name>.text:strlen</name>
         <load_address>0x9b98</load_address>
         <run_address>0x9b98</run_address>
         <size>0x14</size>
         <input_file_ref idref="fl-107"/>
      </object_component>
      <object_component id="oc-385">
         <name>.text:GPIOPinTypeI2C</name>
         <load_address>0x9bac</load_address>
         <run_address>0x9bac</run_address>
         <size>0x12</size>
         <input_file_ref idref="fl-1a"/>
      </object_component>
      <object_component id="oc-37f">
         <name>.text:GPIOPinTypeI2CSCL</name>
         <load_address>0x9bbe</load_address>
         <run_address>0x9bbe</run_address>
         <size>0x12</size>
         <input_file_ref idref="fl-1a"/>
      </object_component>
      <object_component id="oc-284">
         <name>.text:GPIOPinTypePWM</name>
         <load_address>0x9bd0</load_address>
         <run_address>0x9bd0</run_address>
         <size>0x12</size>
         <input_file_ref idref="fl-1a"/>
      </object_component>
      <object_component id="oc-2ba">
         <name>.text:GPIOPinTypeQEI</name>
         <load_address>0x9be2</load_address>
         <run_address>0x9be2</run_address>
         <size>0x12</size>
         <input_file_ref idref="fl-1a"/>
      </object_component>
      <object_component id="oc-e4">
         <name>.text:GPIOPinTypeUART</name>
         <load_address>0x9bf4</load_address>
         <run_address>0x9bf4</run_address>
         <size>0x12</size>
         <input_file_ref idref="fl-1a"/>
      </object_component>
      <object_component id="oc-29c">
         <name>.text:PWMGenPeriodGet</name>
         <load_address>0x9c06</load_address>
         <run_address>0x9c06</run_address>
         <size>0x12</size>
         <input_file_ref idref="fl-1d"/>
      </object_component>
      <object_component id="oc-2ad">
         <name>.text:PWMOutputState</name>
         <load_address>0x9c18</load_address>
         <run_address>0x9c18</run_address>
         <size>0x12</size>
         <input_file_ref idref="fl-1d"/>
      </object_component>
      <object_component id="oc-4ce">
         <name>.text:wcslen</name>
         <load_address>0x9c2a</load_address>
         <run_address>0x9c2a</run_address>
         <size>0x12</size>
         <input_file_ref idref="fl-10a"/>
      </object_component>
      <object_component id="oc-138">
         <name>.text:FPUEnable</name>
         <load_address>0x9c3c</load_address>
         <run_address>0x9c3c</run_address>
         <size>0x10</size>
         <input_file_ref idref="fl-19"/>
      </object_component>
      <object_component id="oc-13e">
         <name>.text:FPULazyStackingEnable</name>
         <load_address>0x9c4c</load_address>
         <run_address>0x9c4c</run_address>
         <size>0x10</size>
         <input_file_ref idref="fl-19"/>
      </object_component>
      <object_component id="oc-296">
         <name>.text:PWMGenPeriodSet</name>
         <load_address>0x9c5c</load_address>
         <run_address>0x9c5c</run_address>
         <size>0x10</size>
         <input_file_ref idref="fl-1d"/>
      </object_component>
      <object_component id="oc-2c6">
         <name>.text:QEIVelocityConfigure</name>
         <load_address>0x9c6c</load_address>
         <run_address>0x9c6c</run_address>
         <size>0x10</size>
         <input_file_ref idref="fl-1e"/>
      </object_component>
      <object_component id="oc-2c0">
         <name>.text:QEIConfigure</name>
         <load_address>0x9c7c</load_address>
         <run_address>0x9c7c</run_address>
         <size>0xe</size>
         <input_file_ref idref="fl-1e"/>
      </object_component>
      <object_component id="oc-102">
         <name>.text:UARTCharGetNonBlocking</name>
         <load_address>0x9c8a</load_address>
         <run_address>0x9c8a</run_address>
         <size>0xe</size>
         <input_file_ref idref="fl-22"/>
      </object_component>
      <object_component id="oc-108">
         <name>.text:UARTCharsAvail</name>
         <load_address>0x9c98</load_address>
         <run_address>0x9c98</run_address>
         <size>0xe</size>
         <input_file_ref idref="fl-22"/>
      </object_component>
      <object_component id="oc-18">
         <name>.text:decompress:none:__TI_decompress_none</name>
         <load_address>0x9ca6</load_address>
         <run_address>0x9ca6</run_address>
         <size>0xe</size>
         <input_file_ref idref="fl-f0"/>
      </object_component>
      <object_component id="oc-2b3">
         <name>.text:PWMGenEnable</name>
         <load_address>0x9cb4</load_address>
         <run_address>0x9cb4</run_address>
         <size>0xc</size>
         <input_file_ref idref="fl-1d"/>
      </object_component>
      <object_component id="oc-4d">
         <name>.text:decompress:ZI:__TI_zero_init</name>
         <load_address>0x9cc0</load_address>
         <run_address>0x9cc0</run_address>
         <size>0xc</size>
         <input_file_ref idref="fl-ef"/>
      </object_component>
      <object_component id="oc-27">
         <name>.text</name>
         <load_address>0x9ccc</load_address>
         <run_address>0x9ccc</run_address>
         <size>0xc</size>
         <input_file_ref idref="fl-4"/>
      </object_component>
      <object_component id="oc-48f">
         <name>.text:I2CMasterEnable</name>
         <load_address>0x9cd8</load_address>
         <run_address>0x9cd8</run_address>
         <size>0xa</size>
         <input_file_ref idref="fl-1b"/>
      </object_component>
      <object_component id="oc-2d2">
         <name>.text:QEIEnable</name>
         <load_address>0x9ce2</load_address>
         <run_address>0x9ce2</run_address>
         <size>0xa</size>
         <input_file_ref idref="fl-1e"/>
      </object_component>
      <object_component id="oc-193">
         <name>.text:QEIIntStatus</name>
         <load_address>0x9cec</load_address>
         <run_address>0x9cec</run_address>
         <size>0xa</size>
         <input_file_ref idref="fl-1e"/>
      </object_component>
      <object_component id="oc-2cc">
         <name>.text:QEIVelocityEnable</name>
         <load_address>0x9cf6</load_address>
         <run_address>0x9cf6</run_address>
         <size>0xa</size>
         <input_file_ref idref="fl-1e"/>
      </object_component>
      <object_component id="oc-259">
         <name>.text:UARTCharPut</name>
         <load_address>0x9d00</load_address>
         <run_address>0x9d00</run_address>
         <size>0xa</size>
         <input_file_ref idref="fl-22"/>
      </object_component>
      <object_component id="oc-f6">
         <name>.text:UARTIntStatus</name>
         <load_address>0x9d0a</load_address>
         <run_address>0x9d0a</run_address>
         <size>0xa</size>
         <input_file_ref idref="fl-22"/>
      </object_component>
      <object_component id="oc-373">
         <name>.text:I2CMasterBusy</name>
         <load_address>0x9d14</load_address>
         <run_address>0x9d14</run_address>
         <size>0x8</size>
         <input_file_ref idref="fl-1b"/>
      </object_component>
      <object_component id="oc-361">
         <name>.text:I2CMasterSlaveAddrSet</name>
         <load_address>0x9d1c</load_address>
         <run_address>0x9d1c</run_address>
         <size>0x8</size>
         <input_file_ref idref="fl-1b"/>
      </object_component>
      <object_component id="oc-2de">
         <name>.text:QEIIntEnable</name>
         <load_address>0x9d24</load_address>
         <run_address>0x9d24</run_address>
         <size>0x8</size>
         <input_file_ref idref="fl-1e"/>
      </object_component>
      <object_component id="oc-16e">
         <name>.text:UARTIntEnable</name>
         <load_address>0x9d2c</load_address>
         <run_address>0x9d2c</run_address>
         <size>0x8</size>
         <input_file_ref idref="fl-22"/>
      </object_component>
      <object_component id="oc-3fa">
         <name>.text:__aeabi_errno_addr</name>
         <load_address>0x9d34</load_address>
         <run_address>0x9d34</run_address>
         <size>0x8</size>
         <input_file_ref idref="fl-f3"/>
      </object_component>
      <object_component id="oc-2f5">
         <name>.text:GPIOPinRead</name>
         <load_address>0x9d3c</load_address>
         <run_address>0x9d3c</run_address>
         <size>0x6</size>
         <input_file_ref idref="fl-1a"/>
      </object_component>
      <object_component id="oc-10e">
         <name>.text:GPIOPinWrite</name>
         <load_address>0x9d42</load_address>
         <run_address>0x9d42</run_address>
         <size>0x6</size>
         <input_file_ref idref="fl-1a"/>
      </object_component>
      <object_component id="oc-274">
         <name>.text:SysCtlDelay</name>
         <load_address>0x9d48</load_address>
         <run_address>0x9d48</run_address>
         <size>0x6</size>
         <input_file_ref idref="fl-1f"/>
      </object_component>
      <object_component id="oc-ea">
         <name>.text:UARTClockSourceSet</name>
         <load_address>0x9d4e</load_address>
         <run_address>0x9d4e</run_address>
         <size>0x6</size>
         <input_file_ref idref="fl-22"/>
      </object_component>
      <object_component id="oc-367">
         <name>.text:I2CMasterControl</name>
         <load_address>0x9d54</load_address>
         <run_address>0x9d54</run_address>
         <size>0x4</size>
         <input_file_ref idref="fl-1b"/>
      </object_component>
      <object_component id="oc-379">
         <name>.text:I2CMasterDataGet</name>
         <load_address>0x9d58</load_address>
         <run_address>0x9d58</run_address>
         <size>0x4</size>
         <input_file_ref idref="fl-1b"/>
      </object_component>
      <object_component id="oc-36d">
         <name>.text:I2CMasterDataPut</name>
         <load_address>0x9d5c</load_address>
         <run_address>0x9d5c</run_address>
         <size>0x4</size>
         <input_file_ref idref="fl-1b"/>
      </object_component>
      <object_component id="oc-199">
         <name>.text:QEIIntClear</name>
         <load_address>0x9d60</load_address>
         <run_address>0x9d60</run_address>
         <size>0x4</size>
         <input_file_ref idref="fl-1e"/>
      </object_component>
      <object_component id="oc-19f">
         <name>.text:QEIVelocityGet</name>
         <load_address>0x9d64</load_address>
         <run_address>0x9d64</run_address>
         <size>0x4</size>
         <input_file_ref idref="fl-1e"/>
      </object_component>
      <object_component id="oc-114">
         <name>.text:TimerIntClear</name>
         <load_address>0x9d68</load_address>
         <run_address>0x9d68</run_address>
         <size>0x4</size>
         <input_file_ref idref="fl-21"/>
      </object_component>
      <object_component id="oc-fc">
         <name>.text:UARTIntClear</name>
         <load_address>0x9d6c</load_address>
         <run_address>0x9d6c</run_address>
         <size>0x4</size>
         <input_file_ref idref="fl-22"/>
      </object_component>
      <object_component id="oc-3a8">
         <name>.text:_outc</name>
         <load_address>0x9d70</load_address>
         <run_address>0x9d70</run_address>
         <size>0x4</size>
         <input_file_ref idref="fl-f8"/>
      </object_component>
      <object_component id="oc-3a2">
         <name>.text:_outs</name>
         <load_address>0x9d74</load_address>
         <run_address>0x9d74</run_address>
         <size>0x4</size>
         <input_file_ref idref="fl-f8"/>
      </object_component>
      <object_component id="oc-99">
         <name>.text:_system_pre_init</name>
         <load_address>0x9d78</load_address>
         <run_address>0x9d78</run_address>
         <size>0x4</size>
         <input_file_ref idref="fl-fb"/>
      </object_component>
      <object_component id="oc-1a6">
         <name>.text:abort:abort</name>
         <load_address>0x9d7c</load_address>
         <run_address>0x9d7c</run_address>
         <size>0x4</size>
         <input_file_ref idref="fl-f4"/>
      </object_component>
      <object_component id="oc-3c7">
         <name>.const:.string:dmp_memory</name>
         <load_address>0x9d80</load_address>
         <run_address>0x9d80</run_address>
         <size>0xbf6</size>
         <input_file_ref idref="fl-11"/>
      </object_component>
      <object_component id="oc-559">
         <name>.const:.string:_ctypes_</name>
         <load_address>0xa976</load_address>
         <run_address>0xa976</run_address>
         <size>0x101</size>
         <input_file_ref idref="fl-ff"/>
      </object_component>
      <object_component id="oc-445">
         <name>.const:g_pui32Regs</name>
         <load_address>0xaa78</load_address>
         <run_address>0xaa78</run_address>
         <size>0x9c</size>
         <input_file_ref idref="fl-1c"/>
      </object_component>
      <object_component id="oc-20f">
         <name>.const</name>
         <load_address>0xab14</load_address>
         <run_address>0xab14</run_address>
         <size>0x4</size>
         <input_file_ref idref="fl-5"/>
      </object_component>
      <object_component id="oc-459">
         <name>.const:$O1$$</name>
         <load_address>0xab18</load_address>
         <run_address>0xab18</run_address>
         <size>0x98</size>
         <input_file_ref idref="fl-dd"/>
      </object_component>
      <object_component id="oc-1ed">
         <name>.const:g_pui32GPIOBaseAddrs</name>
         <load_address>0xabb0</load_address>
         <run_address>0xabb0</run_address>
         <size>0x90</size>
         <input_file_ref idref="fl-1a"/>
      </object_component>
      <object_component id="oc-311">
         <name>.const</name>
         <load_address>0xac40</load_address>
         <run_address>0xac40</run_address>
         <size>0x70</size>
         <input_file_ref idref="fl-1c"/>
      </object_component>
      <object_component id="oc-428">
         <name>.const:g_pui32Xtals</name>
         <load_address>0xacb0</load_address>
         <run_address>0xacb0</run_address>
         <size>0x6c</size>
         <input_file_ref idref="fl-1f"/>
      </object_component>
      <object_component id="oc-53a">
         <name>.const:g_ppui32UARTIntMap</name>
         <load_address>0xad1c</load_address>
         <run_address>0xad1c</run_address>
         <size>0x40</size>
         <input_file_ref idref="fl-22"/>
      </object_component>
      <object_component id="oc-53d">
         <name>.const:g_ppui32UARTIntMapSnowflake</name>
         <load_address>0xad5c</load_address>
         <run_address>0xad5c</run_address>
         <size>0x40</size>
         <input_file_ref idref="fl-22"/>
      </object_component>
      <object_component id="oc-22f">
         <name>.const:test</name>
         <load_address>0xad9c</load_address>
         <run_address>0xad9c</run_address>
         <size>0x28</size>
         <input_file_ref idref="fl-10"/>
      </object_component>
      <object_component id="oc-3b0">
         <name>.const:reg</name>
         <load_address>0xadc4</load_address>
         <run_address>0xadc4</run_address>
         <size>0x1b</size>
         <input_file_ref idref="fl-10"/>
      </object_component>
      <object_component id="oc-35a">
         <name>.const:.string</name>
         <load_address>0xade0</load_address>
         <run_address>0xade0</run_address>
         <size>0x12</size>
         <input_file_ref idref="fl-5"/>
      </object_component>
      <object_component id="oc-25f">
         <name>.const:.string:$P$T0$1</name>
         <load_address>0xadf2</load_address>
         <run_address>0xadf2</run_address>
         <size>0xd</size>
         <input_file_ref idref="fl-d"/>
      </object_component>
      <object_component id="oc-262">
         <name>.const:.string:$P$T1$2</name>
         <load_address>0xadff</load_address>
         <run_address>0xadff</run_address>
         <size>0xd</size>
         <input_file_ref idref="fl-d"/>
      </object_component>
      <object_component id="oc-265">
         <name>.const:.string:$P$T2$3</name>
         <load_address>0xae0c</load_address>
         <run_address>0xae0c</run_address>
         <size>0xd</size>
         <input_file_ref idref="fl-d"/>
      </object_component>
      <object_component id="oc-3de">
         <name>.const:.string:$P$T4$5</name>
         <load_address>0xae19</load_address>
         <run_address>0xae19</run_address>
         <size>0xc</size>
         <input_file_ref idref="fl-11"/>
      </object_component>
      <object_component id="oc-3ca">
         <name>.const:.string:$P$T0$1</name>
         <load_address>0xae25</load_address>
         <run_address>0xae25</run_address>
         <size>0x3</size>
         <input_file_ref idref="fl-11"/>
      </object_component>
      <object_component id="oc-207">
         <name>.const:g_ui32UARTBase</name>
         <load_address>0xae28</load_address>
         <run_address>0xae28</run_address>
         <size>0xc</size>
         <input_file_ref idref="fl-5"/>
      </object_component>
      <object_component id="oc-201">
         <name>.const:g_ui32UARTPeriph</name>
         <load_address>0xae34</load_address>
         <run_address>0xae34</run_address>
         <size>0xc</size>
         <input_file_ref idref="fl-5"/>
      </object_component>
      <object_component id="oc-3b3">
         <name>.const:hw</name>
         <load_address>0xae40</load_address>
         <run_address>0xae40</run_address>
         <size>0xc</size>
         <input_file_ref idref="fl-10"/>
      </object_component>
      <object_component id="oc-3e7">
         <name>.const:.string:$P$T7$8</name>
         <load_address>0xae4c</load_address>
         <run_address>0xae4c</run_address>
         <size>0xb</size>
         <input_file_ref idref="fl-11"/>
      </object_component>
      <object_component id="oc-3ea">
         <name>.const:.string:$P$T8$9</name>
         <load_address>0xae57</load_address>
         <run_address>0xae57</run_address>
         <size>0xb</size>
         <input_file_ref idref="fl-11"/>
      </object_component>
      <object_component id="oc-3e1">
         <name>.const:.string:$P$T5$6</name>
         <load_address>0xae62</load_address>
         <run_address>0xae62</run_address>
         <size>0x9</size>
         <input_file_ref idref="fl-11"/>
      </object_component>
      <object_component id="oc-3e4">
         <name>.const:.string:$P$T6$7</name>
         <load_address>0xae6b</load_address>
         <run_address>0xae6b</run_address>
         <size>0x9</size>
         <input_file_ref idref="fl-11"/>
      </object_component>
      <object_component id="oc-3cd">
         <name>.const:.string:$P$T1$2</name>
         <load_address>0xae74</load_address>
         <run_address>0xae74</run_address>
         <size>0x3</size>
         <input_file_ref idref="fl-11"/>
      </object_component>
      <object_component id="oc-3d0">
         <name>.const:.string:$P$T2$3</name>
         <load_address>0xae77</load_address>
         <run_address>0xae77</run_address>
         <size>0x3</size>
         <input_file_ref idref="fl-11"/>
      </object_component>
      <object_component id="oc-3d3">
         <name>.const:.string:$P$T3$4</name>
         <load_address>0xae7a</load_address>
         <run_address>0xae7a</run_address>
         <size>0x3</size>
         <input_file_ref idref="fl-11"/>
      </object_component>
      <object_component id="oc-770">
         <name>.cinit..data.load</name>
         <load_address>0xae80</load_address>
         <run_address>0xae80</run_address>
         <size>0x98</size>
      </object_component>
      <object_component id="oc-76d">
         <name>__TI_handler_table</name>
         <load_address>0xaf18</load_address>
         <run_address>0xaf18</run_address>
         <size>0xc</size>
      </object_component>
      <object_component id="oc-771">
         <name>.cinit..bss.load</name>
         <load_address>0xaf28</load_address>
         <run_address>0xaf28</run_address>
         <size>0x8</size>
      </object_component>
      <object_component id="oc-76f">
         <name>.cinit..vtable.load</name>
         <load_address>0xaf30</load_address>
         <run_address>0xaf30</run_address>
         <size>0x8</size>
      </object_component>
      <object_component id="oc-76e">
         <name>__TI_cinit_table</name>
         <load_address>0xaf38</load_address>
         <run_address>0xaf38</run_address>
         <size>0x18</size>
      </object_component>
      <object_component id="oc-534">
         <name>.vtable</name>
         <uninitialized>true</uninitialized>
         <run_address>0x20000000</run_address>
         <size>0x26c</size>
         <input_file_ref idref="fl-1c"/>
      </object_component>
      <object_component id="oc-129">
         <name>.data</name>
         <load_address>0x20000424</load_address>
         <run_address>0x20000424</run_address>
         <size>0x50</size>
         <input_file_ref idref="fl-3"/>
      </object_component>
      <object_component id="oc-126">
         <name>.data:Get_Pos_V</name>
         <load_address>0x20000500</load_address>
         <run_address>0x20000500</run_address>
         <size>0x8</size>
         <input_file_ref idref="fl-3"/>
      </object_component>
      <object_component id="oc-2f1">
         <name>.data:Get_Distance_Data</name>
         <load_address>0x200004d8</load_address>
         <run_address>0x200004d8</run_address>
         <size>0xc</size>
         <input_file_ref idref="fl-3"/>
      </object_component>
      <object_component id="oc-12f">
         <name>.data:Rx_Pic_Buffer</name>
         <load_address>0x2000050d</load_address>
         <run_address>0x2000050d</run_address>
         <size>0x4</size>
         <input_file_ref idref="fl-3"/>
      </object_component>
      <object_component id="oc-12c">
         <name>.data:Rx_Odroid_Buffer</name>
         <load_address>0x200004e4</load_address>
         <run_address>0x200004e4</run_address>
         <size>0xa</size>
         <input_file_ref idref="fl-3"/>
      </object_component>
      <object_component id="oc-204">
         <name>.data</name>
         <load_address>0x20000508</load_address>
         <run_address>0x20000508</run_address>
         <size>0x5</size>
         <input_file_ref idref="fl-5"/>
      </object_component>
      <object_component id="oc-2fb">
         <name>.data</name>
         <load_address>0x200004f7</load_address>
         <run_address>0x200004f7</run_address>
         <size>0x1</size>
         <input_file_ref idref="fl-6"/>
      </object_component>
      <object_component id="oc-22c">
         <name>.data:st</name>
         <load_address>0x20000474</load_address>
         <run_address>0x20000474</run_address>
         <size>0x2c</size>
         <input_file_ref idref="fl-10"/>
      </object_component>
      <object_component id="oc-254">
         <name>.data:gyro_orientation</name>
         <load_address>0x200004ee</load_address>
         <run_address>0x200004ee</run_address>
         <size>0x9</size>
         <input_file_ref idref="fl-10"/>
      </object_component>
      <object_component id="oc-3db">
         <name>.data:dmp</name>
         <load_address>0x200004a0</load_address>
         <run_address>0x200004a0</run_address>
         <size>0x10</size>
         <input_file_ref idref="fl-11"/>
      </object_component>
      <object_component id="oc-521">
         <name>.data</name>
         <load_address>0x20000514</load_address>
         <run_address>0x20000514</run_address>
         <size>0x4</size>
         <input_file_ref idref="fl-f3"/>
      </object_component>
      <object_component id="oc-320">
         <name>.data:$O1$$</name>
         <load_address>0x200004c0</load_address>
         <run_address>0x200004c0</run_address>
         <size>0xc</size>
         <input_file_ref idref="fl-f4"/>
      </object_component>
      <object_component id="oc-323">
         <name>.data:$O1$$</name>
         <load_address>0x200004f8</load_address>
         <run_address>0x200004f8</run_address>
         <size>0x8</size>
         <input_file_ref idref="fl-f5"/>
      </object_component>
      <object_component id="oc-39f">
         <name>.data:_ftable</name>
         <load_address>0x2000026c</load_address>
         <run_address>0x2000026c</run_address>
         <size>0xf0</size>
         <input_file_ref idref="fl-100"/>
      </object_component>
      <object_component id="oc-68a">
         <name>.data</name>
         <load_address>0x200004b0</load_address>
         <run_address>0x200004b0</run_address>
         <size>0x10</size>
         <input_file_ref idref="fl-100"/>
      </object_component>
      <object_component id="oc-658">
         <name>.data:_device</name>
         <load_address>0x2000035c</load_address>
         <run_address>0x2000035c</run_address>
         <size>0x78</size>
         <input_file_ref idref="fl-108"/>
      </object_component>
      <object_component id="oc-618">
         <name>.data:_stream</name>
         <load_address>0x200003d4</load_address>
         <run_address>0x200003d4</run_address>
         <size>0x50</size>
         <input_file_ref idref="fl-108"/>
      </object_component>
      <object_component id="oc-67f">
         <name>.data:$O1$$</name>
         <load_address>0x200004cc</load_address>
         <run_address>0x200004cc</run_address>
         <size>0xc</size>
         <input_file_ref idref="fl-118"/>
      </object_component>
      <object_component id="oc-305">
         <name>.bss</name>
         <uninitialized>true</uninitialized>
         <run_address>0x20000720</run_address>
         <size>0x8</size>
         <input_file_ref idref="fl-9"/>
      </object_component>
      <object_component id="oc-702">
         <name>.bss:_CIOBUF_</name>
         <uninitialized>true</uninitialized>
         <run_address>0x20000518</run_address>
         <size>0x120</size>
         <input_file_ref idref="fl-117"/>
      </object_component>
      <object_component id="oc-2ff">
         <name>.common:pid</name>
         <uninitialized>true</uninitialized>
         <run_address>0x200006d8</run_address>
         <size>0x24</size>
      </object_component>
      <object_component id="oc-304">
         <name>.common:pidp</name>
         <uninitialized>true</uninitialized>
         <run_address>0x200006fc</run_address>
         <size>0x24</size>
      </object_component>
      <object_component id="oc-6cf">
         <name>.common:__TI_tmpnams</name>
         <uninitialized>true</uninitialized>
         <run_address>0x20000638</run_address>
         <size>0xa0</size>
      </object_component>
      <object_component id="oc-6e0">
         <name>.common:parmbuf</name>
         <uninitialized>true</uninitialized>
         <run_address>0x20000728</run_address>
         <size>0x8</size>
      </object_component>
      <object_component id="oc-24">
         <name>.sysmem</name>
         <uninitialized>true</uninitialized>
         <run_address>0x20000930</run_address>
         <size>0x8</size>
         <input_file_ref idref="fl-118"/>
      </object_component>
      <object_component id="oc-773">
         <name>.sysmem</name>
         <uninitialized>true</uninitialized>
         <run_address>0x20000930</run_address>
         <size>0x0</size>
      </object_component>
      <object_component id="oc-21">
         <name>.stack</name>
         <uninitialized>true</uninitialized>
         <run_address>0x20000730</run_address>
         <size>0x4</size>
         <input_file_ref idref="fl-f2"/>
      </object_component>
      <object_component id="oc-772">
         <name>.stack</name>
         <uninitialized>true</uninitialized>
[...]
         <value>0x9b5d</value>
         <object_component_ref idref="oc-27e"/>
      </symbol>
      <symbol id="sm-992">
         <name>TimerIntClear</name>
         <value>0x9d69</value>
         <object_component_ref idref="oc-114"/>
      </symbol>
      <symbol id="sm-9f7">
         <name>UARTIntEnable</name>
         <value>0x9d2d</value>
         <object_component_ref idref="oc-16e"/>
      </symbol>
      <symbol id="sm-9f8">
         <name>UARTCharsAvail</name>
         <value>0x9c99</value>
         <object_component_ref idref="oc-108"/>
      </symbol>
      <symbol id="sm-9f9">
         <name>UARTCharGetNonBlocking</name>
         <value>0x9c8b</value>
         <object_component_ref idref="oc-102"/>
      </symbol>
      <symbol id="sm-9fa">
         <name>UARTClockSourceSet</name>
         <value>0x9d4f</value>
         <object_component_ref idref="oc-ea"/>
      </symbol>
      <symbol id="sm-9fb">
         <name>UARTCharPut</name>
         <value>0x9d01</value>
         <object_component_ref idref="oc-259"/>
      </symbol>
      <symbol id="sm-9fc">
         <name>UARTIntClear</name>
         <value>0x9d6d</value>
         <object_component_ref idref="oc-fc"/>
      </symbol>
      <symbol id="sm-9fd">
         <name>UARTIntStatus</name>
         <value>0x9d0b</value>
         <object_component_ref idref="oc-f6"/>
      </symbol>
      <symbol id="sm-9fe">
         <name>UARTIntRegister</name>
         <value>0x9ae9</value>
         <object_component_ref idref="oc-2eb"/>
      </symbol>
      <symbol id="sm-a37">
         <name>asinl</name>
         <value>0x5d75</value>
         <object_component_ref idref="oc-243"/>
      </symbol>
      <symbol id="sm-a38">
         <name>asin</name>
         <value>0x5d75</value>
         <object_component_ref idref="oc-243"/>
      </symbol>
      <symbol id="sm-a72">
         <name>atan2</name>
         <value>0x6f91</value>
         <object_component_ref idref="oc-24e"/>
      </symbol>
      <symbol id="sm-a73">
         <name>atan2l</name>
         <value>0x6f91</value>
         <object_component_ref idref="oc-24e"/>
      </symbol>
      <symbol id="sm-a96">
         <name>sqrtl</name>
         <value>0x77f9</value>
         <object_component_ref idref="oc-3ef"/>
      </symbol>
      <symbol id="sm-a97">
         <name>sqrt</name>
         <value>0x77f9</value>
         <object_component_ref idref="oc-3ef"/>
      </symbol>
      <symbol id="sm-acd">
         <name>atanl</name>
         <value>0x67f1</value>
         <object_component_ref idref="oc-307"/>
      </symbol>
      <symbol id="sm-ace">
         <name>atan</name>
         <value>0x67f1</value>
         <object_component_ref idref="oc-307"/>
      </symbol>
      <symbol id="sm-af5">
         <name>scalbn</name>
         <value>0x8171</value>
         <object_component_ref idref="oc-587"/>
      </symbol>
      <symbol id="sm-af6">
         <name>scalbnl</name>
         <value>0x8171</value>
         <object_component_ref idref="oc-587"/>
      </symbol>
      <symbol id="sm-af7">
         <name>ldexpl</name>
         <value>0x8171</value>
         <object_component_ref idref="oc-587"/>
      </symbol>
      <symbol id="sm-af8">
         <name>ldexp</name>
         <value>0x8171</value>
         <object_component_ref idref="oc-587"/>
      </symbol>
      <symbol id="sm-b02">
         <name>copysign</name>
         <value>0x9b71</value>
         <object_component_ref idref="oc-5ee"/>
      </symbol>
      <symbol id="sm-b03">
         <name>copysignl</name>
         <value>0x9b71</value>
         <object_component_ref idref="oc-5ee"/>
      </symbol>
      <symbol id="sm-b12">
         <name>__aeabi_uidivmod</name>
         <value>0x9621</value>
         <object_component_ref idref="oc-20a"/>
      </symbol>
      <symbol id="sm-b13">
         <name>__aeabi_uidiv</name>
         <value>0x9621</value>
         <object_component_ref idref="oc-20a"/>
      </symbol>
      <symbol id="sm-b22">
         <name>__aeabi_memset</name>
         <value>0x8a2f</value>
         <object_component_ref idref="oc-93"/>
      </symbol>
      <symbol id="sm-b23">
         <name>memset</name>
         <value>0x8a35</value>
         <object_component_ref idref="oc-93"/>
      </symbol>
      <symbol id="sm-b24">
         <name>__aeabi_memset8</name>
         <value>0x8a2f</value>
         <object_component_ref idref="oc-93"/>
      </symbol>
      <symbol id="sm-b25">
         <name>__aeabi_memset4</name>
         <value>0x8a2f</value>
         <object_component_ref idref="oc-93"/>
      </symbol>
      <symbol id="sm-b26">
         <name>__aeabi_memclr8</name>
         <value>0x8a2d</value>
         <object_component_ref idref="oc-93"/>
      </symbol>
      <symbol id="sm-b27">
         <name>__aeabi_memclr4</name>
         <value>0x8a2d</value>
         <object_component_ref idref="oc-93"/>
      </symbol>
      <symbol id="sm-b28">
         <name>__aeabi_memclr</name>
         <value>0x8a2d</value>
         <object_component_ref idref="oc-93"/>
      </symbol>
      <symbol id="sm-b3f">
         <name>__aeabi_dsub</name>
         <value>0x734d</value>
         <object_component_ref idref="oc-189"/>
      </symbol>
      <symbol id="sm-b40">
         <name>__aeabi_dadd</name>
         <value>0x7357</value>
         <object_component_ref idref="oc-189"/>
      </symbol>
      <symbol id="sm-b62">
         <name>__aeabi_cdcmpeq</name>
         <value>0x8921</value>
         <object_component_ref idref="oc-4ab"/>
      </symbol>
      <symbol id="sm-b63">
         <name>__aeabi_cdcmple</name>
         <value>0x8921</value>
         <object_component_ref idref="oc-4ab"/>
      </symbol>
      <symbol id="sm-b64">
         <name>__aeabi_cdrcmple</name>
         <value>0x89a7</value>
         <object_component_ref idref="oc-3f5"/>
      </symbol>
      <symbol id="sm-b78">
         <name>__aeabi_ddiv</name>
         <value>0x7a8d</value>
         <object_component_ref idref="oc-2a2"/>
      </symbol>
      <symbol id="sm-b83">
         <name>__aeabi_dmul</name>
         <value>0x8281</value>
         <object_component_ref idref="oc-17f"/>
      </symbol>
      <symbol id="sm-b8d">
         <name>__aeabi_d2iz</name>
         <value>0x9489</value>
         <object_component_ref idref="oc-18e"/>
      </symbol>
      <symbol id="sm-b99">
         <name>__aeabi_d2f</name>
         <value>0x8c03</value>
         <object_component_ref idref="oc-249"/>
      </symbol>
      <symbol id="sm-ba4">
         <name>__aeabi_f2d</name>
         <value>0x9785</value>
         <object_component_ref idref="oc-184"/>
      </symbol>
      <symbol id="sm-bae">
         <name>__aeabi_i2d</name>
         <value>0x98f5</value>
         <object_component_ref idref="oc-17a"/>
      </symbol>
      <symbol id="sm-bb7">
         <name>__aeabi_lmul</name>
         <value>0x9b01</value>
         <object_component_ref idref="oc-3d6"/>
      </symbol>
      <symbol id="sm-bd2">
         <name>memcpy</name>
         <value>0x86d7</value>
         <object_component_ref idref="oc-3b"/>
      </symbol>
      <symbol id="sm-bd3">
         <name>__aeabi_memcpy</name>
         <value>0x86d7</value>
         <object_component_ref idref="oc-3b"/>
      </symbol>
      <symbol id="sm-bd4">
         <name>__aeabi_memcpy8</name>
         <value>0x86d7</value>
         <object_component_ref idref="oc-3b"/>
      </symbol>
      <symbol id="sm-bd5">
         <name>__aeabi_memcpy4</name>
         <value>0x86d7</value>
         <object_component_ref idref="oc-3b"/>
      </symbol>
      <symbol id="sm-be4">
         <name>__aeabi_ldivmod</name>
         <value>0x8c71</value>
         <object_component_ref idref="oc-232"/>
      </symbol>
      <symbol id="sm-bf1">
         <name>__aeabi_uldivmod</name>
         <value>0x8773</value>
         <object_component_ref idref="oc-3bf"/>
      </symbol>
      <symbol id="sm-c03">
         <name>__TI_zero_init</name>
         <value>0x9cc1</value>
         <object_component_ref idref="oc-4d"/>
      </symbol>
      <symbol id="sm-c1a">
         <name>__TI_decompress_none</name>
         <value>0x9ca7</value>
         <object_component_ref idref="oc-18"/>
      </symbol>
      <symbol id="sm-c3d">
         <name>__TI_decompress_lzss</name>
         <value>0x8e19</value>
         <object_component_ref idref="oc-12"/>
      </symbol>
      <symbol id="sm-c50">
         <name>__stack</name>
         <value>0x20000730</value>
         <object_component_ref idref="oc-21"/>
      </symbol>
      <symbol id="sm-c51">
         <name>_c_int00_noargs</name>
         <value>0x9715</value>
         <object_component_ref idref="oc-59"/>
      </symbol>
      <symbol id="sm-c67">
         <name>__aeabi_errno_addr</name>
         <value>0x9d35</value>
         <object_component_ref idref="oc-3fa"/>
      </symbol>
      <symbol id="sm-c68">
         <name>errno</name>
         <value>0x20000514</value>
         <object_component_ref idref="oc-521"/>
      </symbol>
      <symbol id="sm-c8e">
         <name>C$$EXIT</name>
         <value>0x9d7d</value>
         <object_component_ref idref="oc-1a6"/>
      </symbol>
      <symbol id="sm-c8f">
         <name>abort</name>
         <value>0x9d7d</value>
         <object_component_ref idref="oc-1a6"/>
      </symbol>
      <symbol id="sm-c90">
         <name>__TI_dtors_ptr</name>
         <value>0x200004c4</value>
         <object_component_ref idref="oc-320"/>
      </symbol>
      <symbol id="sm-c91">
         <name>__TI_cleanup_ptr</name>
         <value>0x200004c0</value>
         <object_component_ref idref="oc-320"/>
      </symbol>
      <symbol id="sm-c92">
         <name>__TI_enable_exit_profile_output</name>
         <value>0x200004c8</value>
         <object_component_ref idref="oc-320"/>
      </symbol>
      <symbol id="sm-c93">
         <name>exit</name>
         <value>0x9441</value>
         <object_component_ref idref="oc-1ac"/>
      </symbol>
      <symbol id="sm-ca8">
         <name>_nop</name>
         <value>0x527f</value>
         <object_component_ref idref="oc-467"/>
      </symbol>
      <symbol id="sm-ca9">
         <name>_lock</name>
         <value>0x200004f8</value>
         <object_component_ref idref="oc-323"/>
      </symbol>
      <symbol id="sm-caa">
         <name>_unlock</name>
         <value>0x200004fc</value>
         <object_component_ref idref="oc-323"/>
      </symbol>
      <symbol id="sm-cbb">
         <name>memcmp</name>
         <value>0x9a19</value>
         <object_component_ref idref="oc-237"/>
      </symbol>
      <symbol id="sm-ce7">
         <name>printf</name>
         <value>0x8e81</value>
         <object_component_ref idref="oc-226"/>
      </symbol>
      <symbol id="sm-cf1">
         <name>__aeabi_idiv0</name>
         <value>0x7503</value>
         <object_component_ref idref="oc-354"/>
      </symbol>
      <symbol id="sm-cf2">
         <name>__aeabi_ldiv0</name>
         <value>0x7503</value>
         <object_component_ref idref="oc-354"/>
      </symbol>
      <symbol id="sm-d1a">
         <name>__TI_auto_init_nobinit_nopinit</name>
         <value>0x9559</value>
         <object_component_ref idref="oc-1b2"/>
      </symbol>
      <symbol id="sm-d24">
         <name>_system_pre_init</name>
         <value>0x9d79</value>
         <object_component_ref idref="oc-99"/>
      </symbol>
      <symbol id="sm-e8f">
         <name>__TI_printfi</name>
         <value>0x4821</value>
         <object_component_ref idref="oc-399"/>
      </symbol>
      <symbol id="sm-ea5">
         <name>atoi</name>
         <value>0x9365</value>
         <object_component_ref idref="oc-49f"/>
      </symbol>
      <symbol id="sm-eb0">
         <name>_ctypes_</name>
         <value>0xa976</value>
         <object_component_ref idref="oc-559"/>
      </symbol>
      <symbol id="sm-ec5">
         <name>__TI_tmpnams</name>
         <value>0x20000638</value>
      </symbol>
      <symbol id="sm-ec6">
         <name>__aeabi_stdout</name>
         <value>0x200004b8</value>
         <object_component_ref idref="oc-68a"/>
      </symbol>
      <symbol id="sm-ec7">
         <name>__aeabi_stderr</name>
         <value>0x200004bc</value>
         <object_component_ref idref="oc-68a"/>
      </symbol>
      <symbol id="sm-ec8">
         <name>__aeabi_stdin</name>
         <value>0x200004b4</value>
         <object_component_ref idref="oc-68a"/>
      </symbol>
      <symbol id="sm-ec9">
         <name>_ftable</name>
         <value>0x2000026c</value>
         <object_component_ref idref="oc-39f"/>
      </symbol>
      <symbol id="sm-eca">
         <name>__TI_ft_end</name>
         <value>0x200004b0</value>
         <object_component_ref idref="oc-68a"/>
      </symbol>
      <symbol id="sm-edf">
         <name>putc</name>
         <value>0x8895</value>
         <object_component_ref idref="oc-4eb"/>
      </symbol>
      <symbol id="sm-ee0">
         <name>fputc</name>
         <value>0x8895</value>
         <object_component_ref idref="oc-4eb"/>
      </symbol>
      <symbol id="sm-efe">
         <name>fputs</name>
         <value>0x7f4d</value>
         <object_component_ref idref="oc-4e4"/>
      </symbol>
      <symbol id="sm-f0d">
         <name>ltoa</name>
         <value>0x91d7</value>
         <object_component_ref idref="oc-560"/>
      </symbol>
      <symbol id="sm-f1d">
         <name>memccpy</name>
         <value>0x9a9d</value>
         <object_component_ref idref="oc-4c8"/>
      </symbol>
      <symbol id="sm-f2d">
         <name>memchr</name>
         <value>0x9a5f</value>
         <object_component_ref idref="oc-5b6"/>
      </symbol>
      <symbol id="sm-f3d">
         <name>strchr</name>
         <value>0x9b47</value>
         <object_component_ref idref="oc-58d"/>
      </symbol>
      <symbol id="sm-f4b">
         <name>strlen</name>
         <value>0x9b99</value>
         <object_component_ref idref="oc-499"/>
      </symbol>
      <symbol id="sm-f71">
         <name>_stream</name>
         <value>0x200003d4</value>
         <object_component_ref idref="oc-618"/>
      </symbol>
      <symbol id="sm-f72">
         <name>_device</name>
         <value>0x2000035c</value>
         <object_component_ref idref="oc-658"/>
      </symbol>
      <symbol id="sm-f73">
         <name>write</name>
         <value>0x99cd</value>
         <object_component_ref idref="oc-5c2"/>
      </symbol>
      <symbol id="sm-f89">
         <name>frexpl</name>
         <value>0x8ee9</value>
         <object_component_ref idref="oc-581"/>
      </symbol>
      <symbol id="sm-f8a">
         <name>frexp</name>
         <value>0x8ee9</value>
         <object_component_ref idref="oc-581"/>
      </symbol>
      <symbol id="sm-fa3">
         <name>wcslen</name>
         <value>0x9c2b</value>
         <object_component_ref idref="oc-4ce"/>
      </symbol>
      <symbol id="sm-fbb">
         <name>__TI_wrt_ok</name>
         <value>0x8fb1</value>
         <object_component_ref idref="oc-5b0"/>
      </symbol>
      <symbol id="sm-fcb">
         <name>__TI_doflush</name>
         <value>0x9319</value>
         <object_component_ref idref="oc-5bc"/>
      </symbol>
      <symbol id="sm-fdd">
         <name>fseek</name>
         <value>0x8f4d</value>
         <object_component_ref idref="oc-606"/>
      </symbol>
      <symbol id="sm-fed">
         <name>lseek</name>
         <value>0x997d</value>
         <object_component_ref idref="oc-631"/>
      </symbol>
      <symbol id="sm-1009">
         <name>setvbuf</name>
         <value>0x8471</value>
         <object_component_ref idref="oc-60c"/>
      </symbol>
      <symbol id="sm-101a">
         <name>HOSTclose</name>
         <value>0x94d1</value>
         <object_component_ref idref="oc-696"/>
      </symbol>
      <symbol id="sm-102b">
         <name>HOSTlseek</name>
         <value>0x8ce1</value>
         <object_component_ref idref="oc-6a8"/>
      </symbol>
      <symbol id="sm-103d">
         <name>parmbuf</name>
         <value>0x20000728</value>
      </symbol>
      <symbol id="sm-103e">
         <name>HOSTopen</name>
         <value>0x9015</value>
         <object_component_ref idref="oc-690"/>
      </symbol>
      <symbol id="sm-104f">
         <name>HOSTread</name>
         <value>0x90d1</value>
         <object_component_ref idref="oc-69c"/>
      </symbol>
      <symbol id="sm-1060">
         <name>HOSTrename</name>
         <value>0x8d49</value>
         <object_component_ref idref="oc-6b4"/>
      </symbol>
      <symbol id="sm-1071">
         <name>HOSTunlink</name>
         <value>0x9515</value>
         <object_component_ref idref="oc-6ae"/>
      </symbol>
      <symbol id="sm-1082">
         <name>HOSTwrite</name>
         <value>0x9129</value>
         <object_component_ref idref="oc-6a2"/>
      </symbol>
      <symbol id="sm-10a6">
         <name>__TI_readmsg</name>
         <value>0x9891</value>
         <object_component_ref idref="oc-6da"/>
      </symbol>
      <symbol id="sm-10a7">
         <name>C$$IO$$</name>
         <value>0x970b</value>
         <object_component_ref idref="oc-6d4"/>
      </symbol>
      <symbol id="sm-10a8">
         <name>__CIOBUF_</name>
         <value>0x20000518</value>
         <object_component_ref idref="oc-702"/>
      </symbol>
      <symbol id="sm-10a9">
         <name>__TI_writemsg</name>
         <value>0x96dd</value>
         <object_component_ref idref="oc-6d4"/>
      </symbol>
      <symbol id="sm-1124">
         <name>_sys_memory</name>
         <value>0x20000930</value>
         <object_component_ref idref="oc-24"/>
      </symbol>
      <symbol id="sm-1125">
         <name>free</name>
         <value>0x854d</value>
         <object_component_ref idref="oc-639"/>
      </symbol>
      <symbol id="sm-1126">
         <name>malloc</name>
         <value>0x8aa9</value>
         <object_component_ref idref="oc-63f"/>
      </symbol>
      <symbol id="sm-1127">
         <name>minit</name>
         <value>0x974d</value>
         <object_component_ref idref="oc-66d"/>
      </symbol>
      <symbol id="sm-1137">
         <name>__TI_cleanup</name>
         <value>0x985d</value>
         <object_component_ref idref="oc-645"/>
      </symbol>
      <symbol id="sm-1146">
         <name>strcpy</name>
         <value>0x9b85</value>
         <object_component_ref idref="oc-6ee"/>
      </symbol>
      <symbol id="sm-115b">
         <name>__TI_closefile</name>
         <value>0x8b21</value>
         <object_component_ref idref="oc-684"/>
      </symbol>
      <symbol id="sm-117e">
         <name>finddevice</name>
         <value>0x98c5</value>
         <object_component_ref idref="oc-720"/>
      </symbol>
      <symbol id="sm-117f">
         <name>getdevice</name>
         <value>0x959d</value>
         <object_component_ref idref="oc-6f8"/>
      </symbol>
      <symbol id="sm-118f">
         <name>strcmp</name>
         <value>0x9b19</value>
         <object_component_ref idref="oc-737"/>
      </symbol>
      <symbol id="sm-119f">
         <name>strncpy</name>
         <value>0x97bd</value>
         <object_component_ref idref="oc-71a"/>
      </symbol>
      <symbol id="sm-11af">
         <name>unlink</name>
         <value>0x9925</value>
         <object_component_ref idref="oc-6c9"/>
      </symbol>
      <symbol id="sm-11c3">
         <name>close</name>
         <value>0x9075</value>
         <object_component_ref idref="oc-6c3"/>
      </symbol>
      <symbol id="sm-11c4">
         <name>__TI_static_base__</name>
         <value>0x0</value>
      </symbol>
      <symbol id="sm-11c7">
         <name>__mpu_init</name>
         <value>0x0</value>
      </symbol>
      <symbol id="sm-11c8">
         <name>_system_post_cinit</name>
         <value>0x0</value>
      </symbol>
      <symbol id="sm-11c9">
         <name>remove</name>
         <value>0x9925</value>
      </symbol>
   </symbol_table>
   <title>Link successful</title>
</link_info>
