******************************************************************************
                  TI ARM Linker PC v18.1.2                     
******************************************************************************
>> Linked Tue May  7 20:39:37 2019

OUTPUT FILE NAME:   <Car_Control.out>
ENTRY POINT SYMBOL: "_c_int00_noargs"  address: 00009715


MEMORY CONFIGURATION

         name            origin    length      used     unused   attr    fill
----------------------  --------  ---------  --------  --------  ----  --------
  FLASH                 00000000   00040000  0000af4d  000350b3  R  X
  SRAM                  20000000   00008000  00000938  000076c8  RW X


SEGMENT ALLOCATION MAP

run origin  load origin   length   init length attrs members
----------  ----------- ---------- ----------- ----- -------
00000000    00000000    0000af50   0000af50    r-x
  00000000    00000000    0000026c   0000026c    r-- .intvecs
  0000026c    0000026c    00009b14   00009b14    r-x .text
  00009d80    00009d80    000010fd   000010fd    r-- .const
  0000ae80    0000ae80    000000d0   000000d0    r-- .cinit
20000000    20000000    00000938   00000000    rw-
  20000000    20000000    0000026c   00000000    rw- .vtable
  2000026c    2000026c    000002ac   00000000    rw- .data
  20000518    20000518    00000218   00000000    rw- .bss
  20000730    20000730    00000200   00000000    rw- .stack
  20000930    20000930    00000008   00000000    rw- .sysmem


SECTION ALLOCATION MAP

 output                                  attributes/
section   page    origin      length       input sections
--------  ----  ----------  ----------   ----------------
.intvecs   0    00000000    0000026c     
                  00000000    0000026c     tm4c123gh6pm_startup_ccs.obj (.intvecs)

.text      0    0000026c    00009b14     
                  0000026c    00002a9c     inv_mpu.obj (.text)
                  00002d08    00001084     inv_mpu_dmp_motion_driver.obj (.text)
                  00003d8c    00000a94     I2C_Init.obj (.text)
                  00004820    00000a5e     rtsv7M4_T_le_v4SPD16_eabi.lib : _printfi.c.obj (.text:__TI_printfi)
                  0000527e    00000002                                   : _lock.c.obj (.text:_nop)
                  00005280    00000618     main.obj (.text)
                  00005898    000004dc     uartstdio.obj (.text)
                  00005d74    000003d8     rtsv7M4_T_le_v4SPD16_eabi.lib : e_asin.c.obj (.text:asin)
                  0000614c    00000354     MPU6050.obj (.text)
                  000064a0    00000350     Pwm_Control.obj (.text)
                  000067f0    000002ec     rtsv7M4_T_le_v4SPD16_eabi.lib : s_atan.c.obj (.text:atan)
                  00006adc    00000270                                   : _printfi.c.obj (.text:_pconv_a)
                  00006d4c    00000244     pid.obj (.text)
                  00006f90    000001ec     rtsv7M4_T_le_v4SPD16_eabi.lib : e_atan2.c.obj (.text:atan2)
                  0000717c    000001d0                                   : _printfi.c.obj (.text:_pconv_g)
                  0000734c    000001b6                                   : fd_add_t2.asm.obj (.text)
                  00007502    00000002                                   : div0.asm.obj (.text)
                  00007504    0000018c     Show.obj (.text)
                  00007690    00000168     My_UART.obj (.text)
                  000077f8    00000158     rtsv7M4_T_le_v4SPD16_eabi.lib : e_sqrt.c.obj (.text:sqrt)
                  00007950    0000013c                                   : _printfi.c.obj (.text:_pconv_e)
                  00007a8c    00000136                                   : fd_div_t2.asm.obj (.text)
                  00007bc2    00000002     --HOLE-- [fill = 0]
                  00007bc4    00000134     QEI_Model.obj (.text)
                  00007cf8    00000132     driverlib.lib : gpio.obj (.text:GPIOPadConfigSet)
                  00007e2a    00000002     --HOLE-- [fill = 0]
                  00007e2c    00000120     rtsv7M4_T_le_v4SPD16_eabi.lib : _printfi.c.obj (.text:fcvt)
                  00007f4c    00000114                                   : fputs.c.obj (.text:fputs)
                  00008060    00000110     driverlib.lib : sysctl.obj (.text:SysCtlClockGet)
                  00008170    00000110     rtsv7M4_T_le_v4SPD16_eabi.lib : s_scalbn.c.obj (.text:scalbn)
                  00008280    000000fc                                   : fd_mul_t2.asm.obj (.text)
                  0000837c    000000f4     driverlib.lib : sysctl.obj (.text:SysCtlClockSet)
                  00008470    000000dc     rtsv7M4_T_le_v4SPD16_eabi.lib : setvbuf.c.obj (.text:setvbuf)
                  0000854c    000000d8                                   : memory.c.obj (.text:free)
                  00008624    000000b1                                   : _printfi.c.obj (.text:_ltostr)
                  000086d5    00000001     --HOLE-- [fill = 0]
                  000086d6    0000009c                                   : memcpy_t2.asm.obj (.text)
                  00008772    00000096                                   : ull_div_t2.asm.obj (.text)
                  00008808    0000008c     Gpio.obj (.text)
                  00008894    0000008c     rtsv7M4_T_le_v4SPD16_eabi.lib : fputc.c.obj (.text:fputc)
                  00008920    00000086                                   : fd_cmp_t2.asm.obj (.text:__aeabi_cdcmple)
                  000089a6    00000086                                   : fd_cmp_t2.asm.obj (.text:__aeabi_cdrcmple)
                  00008a2c    0000007a                                   : memset_t2.asm.obj (.text)
                  00008aa6    00000002     --HOLE-- [fill = 0]
                  00008aa8    00000078                                   : memory.c.obj (.text:malloc)
                  00008b20    00000074                                   : fclose.c.obj (.text:__TI_closefile)
                  00008b94    0000006e                                   : _printfi.c.obj (.text:_mcpy)
                  00008c02    0000006e                                   : fd_tos_t2.asm.obj (.text)
                  00008c70    0000006e                                   : ll_div_t2.asm.obj (.text)
                  00008cde    00000002     --HOLE-- [fill = 0]
                  00008ce0    00000068                                   : hostlseek.c.obj (.text:HOSTlseek)
                  00008d48    00000068                                   : hostrename.c.obj (.text:HOSTrename)
                  00008db0    00000068     driverlib.lib : interrupt.obj (.text:IntEnable)
                  00008e18    00000068     rtsv7M4_T_le_v4SPD16_eabi.lib : copy_decompress_lzss.c.obj (.text:decompress:lzss:__TI_decompress_lzss)
                  00008e80    00000068                                   : printf.c.obj (.text:printf)
                  00008ee8    00000064                                   : s_frexp.c.obj (.text:frexp)
                  00008f4c    00000064                                   : fseek.c.obj (.text:fseek)
                  00008fb0    00000062                                   : _io_perm.c.obj (.text:__TI_wrt_ok)
                  00009012    00000002     --HOLE-- [fill = 0]
                  00009014    00000060                                   : hostopen.c.obj (.text:HOSTopen)
                  00009074    0000005c                                   : close.c.obj (.text:close)
                  000090d0    00000058                                   : hostread.c.obj (.text:HOSTread)
                  00009128    00000058                                   : hostwrite.c.obj (.text:HOSTwrite)
                  00009180    00000056                                   : _printfi.c.obj (.text:_pconv_f)
                  000091d6    00000054                                   : ltoa.c.obj (.text:ltoa)
                  0000922a    00000052                                   : _printfi.c.obj (.text:_ecpy)
                  0000927c    00000050     delay.obj (.text)
                  000092cc    0000004c     driverlib.lib : i2c.obj (.text:I2CMasterInitExpClk)
                  00009318    0000004c     rtsv7M4_T_le_v4SPD16_eabi.lib : fflush.c.obj (.text:__TI_doflush)
                  00009364    0000004c                                   : atoi.c.obj (.text:atoi)
                  000093b0    00000048     driverlib.lib : gpio.obj (.text:GPIOPinConfigure)
                  000093f8    00000048                   : qei.obj (.text:_QEIIntNumberGet)
                  00009440    00000048     rtsv7M4_T_le_v4SPD16_eabi.lib : exit.c.obj (.text:exit)
                  00009488    00000048                                   : fd_toi_t2.asm.obj (.text)
                  000094d0    00000044                                   : hostclose.c.obj (.text:HOSTclose)
                  00009514    00000044                                   : hostunlink.c.obj (.text:HOSTunlink)
                  00009558    00000044                                   : autoinit.c.obj (.text:__TI_auto_init_nobinit_nopinit:__TI_auto_init_nobinit_nopinit)
                  0000959c    00000044                                   : getdevice.c.obj (.text:getdevice)
                  000095e0    00000040     driverlib.lib : uart.obj (.text:_UARTIntNumberGet)
                  00009620    00000040     rtsv7M4_T_le_v4SPD16_eabi.lib : u_divt2.asm.obj (.text)
                  00009660    0000003e                                   : _printfi.c.obj (.text:_fcpy)
                  0000969e    00000002     --HOLE-- [fill = 0]
                  000096a0    0000003c                                   : memory.c.obj (.text:minsert)
                  000096dc    00000038                                   : trgmsg.c.obj (.text:__TI_writemsg)
                  00009714    00000038                                   : boot_cortex_m.c.obj (.text:_c_int00_noargs:_c_int00_noargs)
                  0000974c    00000038                                   : memory.c.obj (.text:minit)
                  00009784    00000038                                   : fs_tod_t2.asm.obj (.text)
                  000097bc    00000036                                   : strncpy.c.obj (.text:strncpy)
                  000097f2    00000002     --HOLE-- [fill = 0]
                  000097f4    00000034     driverlib.lib : interrupt.obj (.text:IntRegister)
                  00009828    00000034                   : sysctl.obj (.text:SysCtlPeripheralEnable)
                  0000985c    00000034     rtsv7M4_T_le_v4SPD16_eabi.lib : fopen.c.obj (.text:__TI_cleanup)
                  00009890    00000034                                   : trgmsg.c.obj (.text:__TI_readmsg)
                  000098c4    00000030                                   : getdevice.c.obj (.text:finddevice)
                  000098f4    0000002e                                   : i_tofd_t2.asm.obj (.text)
                  00009922    00000002     --HOLE-- [fill = 0]
                  00009924    0000002c                                   : unlink.c.obj (.text:unlink)
                  00009950    0000002a     driverlib.lib : gpio.obj (.text:GPIODirModeSet)
                  0000997a    00000002     --HOLE-- [fill = 0]
                  0000997c    00000028     rtsv7M4_T_le_v4SPD16_eabi.lib : lseek.c.obj (.text:lseek)
                  000099a4    00000028                                   : memory.c.obj (.text:mremove)
                  000099cc    00000028                                   : write.c.obj (.text:write)
                  000099f4    00000024     driverlib.lib : interrupt.obj (.text:IntPrioritySet)
                  00009a18    00000024     rtsv7M4_T_le_v4SPD16_eabi.lib : memcmp.c.obj (.text:memcmp)
                  00009a3c    00000022     driverlib.lib : pwm.obj (.text:PWMGenConfigure)
                  00009a5e    00000020     rtsv7M4_T_le_v4SPD16_eabi.lib : memchr.c.obj (.text:memchr)
                  00009a7e    0000001e     driverlib.lib : pwm.obj (.text:PWMPulseWidthSet)
                  00009a9c    0000001c     rtsv7M4_T_le_v4SPD16_eabi.lib : memccpy.c.obj (.text:memccpy)
                  00009ab8    00000018     driverlib.lib : gpio.obj (.text:GPIOPinTypeGPIOOutput)
                  00009ad0    00000018                   : qei.obj (.text:QEIIntRegister)
                  00009ae8    00000018                   : uart.obj (.text:UARTIntRegister)
                  00009b00    00000018     rtsv7M4_T_le_v4SPD16_eabi.lib : ll_mul_t2.asm.obj (.text)
                  00009b18    00000018                                   : strcmp.c.obj (.text:strcmp)
                  00009b30    00000016     driverlib.lib : i2c.obj (.text:I2CMasterErr)
                  00009b46    00000016     rtsv7M4_T_le_v4SPD16_eabi.lib : strchr.c.obj (.text:strchr)
                  00009b5c    00000014     driverlib.lib : sysctl.obj (.text:SysCtlPWMClockSet)
                  00009b70    00000014     rtsv7M4_T_le_v4SPD16_eabi.lib : s_copysign.c.obj (.text:copysign)
                  00009b84    00000014                                   : strcpy.c.obj (.text:strcpy)
                  00009b98    00000014                                   : strlen.c.obj (.text:strlen)
                  00009bac    00000012     driverlib.lib : gpio.obj (.text:GPIOPinTypeI2C)
                  00009bbe    00000012                   : gpio.obj (.text:GPIOPinTypeI2CSCL)
                  00009bd0    00000012                   : gpio.obj (.text:GPIOPinTypePWM)
                  00009be2    00000012                   : gpio.obj (.text:GPIOPinTypeQEI)
                  00009bf4    00000012                   : gpio.obj (.text:GPIOPinTypeUART)
                  00009c06    00000012                   : pwm.obj (.text:PWMGenPeriodGet)
                  00009c18    00000012                   : pwm.obj (.text:PWMOutputState)
                  00009c2a    00000012     rtsv7M4_T_le_v4SPD16_eabi.lib : wcslen.c.obj (.text:wcslen)
                  00009c3c    00000010     driverlib.lib : fpu.obj (.text:FPUEnable)
                  00009c4c    00000010                   : fpu.obj (.text:FPULazyStackingEnable)
                  00009c5c    00000010                   : pwm.obj (.text:PWMGenPeriodSet)
                  00009c6c    00000010                   : qei.obj (.text:QEIVelocityConfigure)
                  00009c7c    0000000e                   : qei.obj (.text:QEIConfigure)
                  00009c8a    0000000e                   : uart.obj (.text:UARTCharGetNonBlocking)
                  00009c98    0000000e                   : uart.obj (.text:UARTCharsAvail)
                  00009ca6    0000000e     rtsv7M4_T_le_v4SPD16_eabi.lib : copy_decompress_none.c.obj (.text:decompress:none:__TI_decompress_none)
                  00009cb4    0000000c     driverlib.lib : pwm.obj (.text:PWMGenEnable)
                  00009cc0    0000000c     rtsv7M4_T_le_v4SPD16_eabi.lib : copy_zero_init.c.obj (.text:decompress:ZI:__TI_zero_init)
                  00009ccc    0000000c     tm4c123gh6pm_startup_ccs.obj (.text)
                  00009cd8    0000000a     driverlib.lib : i2c.obj (.text:I2CMasterEnable)
                  00009ce2    0000000a                   : qei.obj (.text:QEIEnable)
                  00009cec    0000000a                   : qei.obj (.text:QEIIntStatus)
                  00009cf6    0000000a                   : qei.obj (.text:QEIVelocityEnable)
                  00009d00    0000000a                   : uart.obj (.text:UARTCharPut)
                  00009d0a    0000000a                   : uart.obj (.text:UARTIntStatus)
                  00009d14    00000008                   : i2c.obj (.text:I2CMasterBusy)
                  00009d1c    00000008                   : i2c.obj (.text:I2CMasterSlaveAddrSet)
                  00009d24    00000008                   : qei.obj (.text:QEIIntEnable)
                  00009d2c    00000008                   : uart.obj (.text:UARTIntEnable)
                  00009d34    00000008     rtsv7M4_T_le_v4SPD16_eabi.lib : errno.c.obj (.text:__aeabi_errno_addr)
                  00009d3c    00000006     driverlib.lib : gpio.obj (.text:GPIOPinRead)
                  00009d42    00000006                   : gpio.obj (.text:GPIOPinWrite)
                  00009d48    00000006                   : sysctl.obj (.text:SysCtlDelay)
                  00009d4e    00000006                   : uart.obj (.text:UARTClockSourceSet)
                  00009d54    00000004                   : i2c.obj (.text:I2CMasterControl)
                  00009d58    00000004                   : i2c.obj (.text:I2CMasterDataGet)
                  00009d5c    00000004                   : i2c.obj (.text:I2CMasterDataPut)
                  00009d60    00000004                   : qei.obj (.text:QEIIntClear)
                  00009d64    00000004                   : qei.obj (.text:QEIVelocityGet)
                  00009d68    00000004                   : timer.obj (.text:TimerIntClear)
                  00009d6c    00000004                   : uart.obj (.text:UARTIntClear)
                  00009d70    00000004     rtsv7M4_T_le_v4SPD16_eabi.lib : printf.c.obj (.text:_outc)
                  00009d74    00000004                                   : printf.c.obj (.text:_outs)
                  00009d78    00000004                                   : pre_init.c.obj (.text:_system_pre_init)
                  00009d7c    00000004                                   : exit.c.obj (.text:abort:abort)

.const     0    00009d80    000010fd     
                  00009d80    00000bf6     inv_mpu_dmp_motion_driver.obj (.const:.string:dmp_memory)
                  0000a976    00000101     rtsv7M4_T_le_v4SPD16_eabi.lib : ctype.c.obj (.const:.string:_ctypes_)
                  0000aa77    00000001     --HOLE-- [fill = 0]
                  0000aa78    0000009c     driverlib.lib : interrupt.obj (.const:g_pui32Regs)
                  0000ab14    00000004     uartstdio.obj (.const)
                  0000ab18    00000098     rtsv7M4_T_le_v4SPD16_eabi.lib : s_atan.c.obj (.const:$O1$$)
                  0000abb0    00000090     driverlib.lib : gpio.obj (.const:g_pui32GPIOBaseAddrs)
                  0000ac40    00000070                   : interrupt.obj (.const)
                  0000acb0    0000006c                   : sysctl.obj (.const:g_pui32Xtals)
                  0000ad1c    00000040                   : uart.obj (.const:g_ppui32UARTIntMap)
                  0000ad5c    00000040                   : uart.obj (.const:g_ppui32UARTIntMapSnowflake)
                  0000ad9c    00000028     inv_mpu.obj (.const:test)
                  0000adc4    0000001b     inv_mpu.obj (.const:reg)
                  0000addf    00000001     --HOLE-- [fill = 0]
                  0000ade0    00000012     uartstdio.obj (.const:.string)
                  0000adf2    0000000d     Show.obj (.const:.string:$P$T0$1)
                  0000adff    0000000d     Show.obj (.const:.string:$P$T1$2)
                  0000ae0c    0000000d     Show.obj (.const:.string:$P$T2$3)
                  0000ae19    0000000c     inv_mpu_dmp_motion_driver.obj (.const:.string:$P$T4$5)
                  0000ae25    00000003     inv_mpu_dmp_motion_driver.obj (.const:.string:$P$T0$1)
                  0000ae28    0000000c     uartstdio.obj (.const:g_ui32UARTBase)
                  0000ae34    0000000c     uartstdio.obj (.const:g_ui32UARTPeriph)
                  0000ae40    0000000c     inv_mpu.obj (.const:hw)
                  0000ae4c    0000000b     inv_mpu_dmp_motion_driver.obj (.const:.string:$P$T7$8)
                  0000ae57    0000000b     inv_mpu_dmp_motion_driver.obj (.const:.string:$P$T8$9)
                  0000ae62    00000009     inv_mpu_dmp_motion_driver.obj (.const:.string:$P$T5$6)
                  0000ae6b    00000009     inv_mpu_dmp_motion_driver.obj (.const:.string:$P$T6$7)
                  0000ae74    00000003     inv_mpu_dmp_motion_driver.obj (.const:.string:$P$T1$2)
                  0000ae77    00000003     inv_mpu_dmp_motion_driver.obj (.const:.string:$P$T2$3)
                  0000ae7a    00000003     inv_mpu_dmp_motion_driver.obj (.const:.string:$P$T3$4)

.cinit     0    0000ae80    000000d0     
                  0000ae80    00000098     (.cinit..data.load) [load image, compression = lzss]
                  0000af18    0000000c     (__TI_handler_table)
                  0000af24    00000004     --HOLE-- [fill = 0]
                  0000af28    00000008     (.cinit..bss.load) [load image, compression = zero_init]
                  0000af30    00000008     (.cinit..vtable.load) [load image, compression = zero_init]
                  0000af38    00000018     (__TI_cinit_table)

.init_array 
*          0    00000000    00000000     UNINITIALIZED

.vtable    0    20000000    0000026c     UNINITIALIZED
                  20000000    0000026c     driverlib.lib : interrupt.obj (.vtable)

.data      0    2000026c    000002ac     UNINITIALIZED
                  2000026c    000000f0     rtsv7M4_T_le_v4SPD16_eabi.lib : defs.c.obj (.data:_ftable)
                  2000035c    00000078                                   : write.c.obj (.data:_device)
                  200003d4    00000050                                   : write.c.obj (.data:_stream)
                  20000424    00000050     main.obj (.data)
                  20000474    0000002c     inv_mpu.obj (.data:st)
                  200004a0    00000010     inv_mpu_dmp_motion_driver.obj (.data:dmp)
                  200004b0    00000010     rtsv7M4_T_le_v4SPD16_eabi.lib : defs.c.obj (.data)
                  200004c0    0000000c                                   : exit.c.obj (.data:$O1$$)
                  200004cc    0000000c                                   : memory.c.obj (.data:$O1$$)
                  200004d8    0000000c     main.obj (.data:Get_Distance_Data)
                  200004e4    0000000a     main.obj (.data:Rx_Odroid_Buffer)
                  200004ee    00000009     inv_mpu.obj (.data:gyro_orientation)
                  200004f7    00000001     Gpio.obj (.data)
                  200004f8    00000008     rtsv7M4_T_le_v4SPD16_eabi.lib : _lock.c.obj (.data:$O1$$)
                  20000500    00000008     main.obj (.data:Get_Pos_V)
                  20000508    00000005     uartstdio.obj (.data)
                  2000050d    00000004     main.obj (.data:Rx_Pic_Buffer)
                  20000511    00000003     --HOLE--
                  20000514    00000004     rtsv7M4_T_le_v4SPD16_eabi.lib : errno.c.obj (.data)

.bss       0    20000518    00000218     UNINITIALIZED
                  20000518    00000120     rtsv7M4_T_le_v4SPD16_eabi.lib : trgmsg.c.obj (.bss:_CIOBUF_)
                  20000638    000000a0     (.common:__TI_tmpnams)
                  200006d8    00000024     (.common:pid)
                  200006fc    00000024     (.common:pidp)
                  20000720    00000008     pid.obj (.bss)
                  20000728    00000008     (.common:parmbuf)

.stack     0    20000730    00000200     UNINITIALIZED
                  20000730    00000004     rtsv7M4_T_le_v4SPD16_eabi.lib : boot_cortex_m.c.obj (.stack)
                  20000734    000001fc     --HOLE--

.sysmem    0    20000930    00000008     UNINITIALIZED
                  20000930    00000008     rtsv7M4_T_le_v4SPD16_eabi.lib : memory.c.obj (.sysmem)

MODULE SUMMARY

       Module                          code    ro data   rw data
       ------                          ----    -------   -------
    .\
       main.obj                        1560    0         186    
       uartstdio.obj                   1244    46        5      
       tm4c123gh6pm_startup_ccs.obj    12      620       0      
       My_UART.obj                     360     0         0      
    +--+-------------------------------+-------+---------+---------+
       Total:                          3176    666       191    
                                                                
    .\GPIO\
       Gpio.obj                        140     0         1      
    +--+-------------------------------+-------+---------+---------+
       Total:                          140     0         1      
                                                                
    .\I2C_Init\
       I2C_Init.obj                    2708    0         0      
    +--+-------------------------------+-------+---------+---------+
       Total:                          2708    0         0      
                                                                
    .\Motor_Set\
       Pwm_Control.obj                 848     0         0      
    +--+-------------------------------+-------+---------+---------+
       Total:                          848     0         0      
                                                                
    .\PID\
       pid.obj                         580     0         8      
    +--+-------------------------------+-------+---------+---------+
       Total:                          580     0         8      
                                                                
    .\QEI\
       QEI_Model.obj                   308     0         0      
    +--+-------------------------------+-------+---------+---------+
       Total:                          308     0         0      
                                                                
    .\USART_Show\
       Show.obj                        396     39        0      
    +--+-------------------------------+-------+---------+---------+
       Total:                          396     39        0      
                                                                
    .\delay_fct\
       delay.obj                       80      0         0      
    +--+-------------------------------+-------+---------+---------+
       Total:                          80      0         0      
                                                                
    .\mpu9150\
       inv_mpu.obj                     10908   79        53     
       inv_mpu_dmp_motion_driver.obj   4228    3126      16     
       MPU6050.obj                     852     0         0      
    +--+-------------------------------+-------+---------+---------+
       Total:                          15988   3205      69     
                                                                
    C:/ti/TivaWare_C_Series-2.1.4.178/driverlib/ccs/Debug/driverlib.lib
       interrupt.obj                   192     268       620    
       sysctl.obj                      594     108       0      
       gpio.obj                        546     144       0      
       uart.obj                        154     128       0      
       qei.obj                         172     0         0      
       i2c.obj                         136     0         0      
       pwm.obj                         128     0         0      
       fpu.obj                         32      0         0      
       timer.obj                       4       0         0      
    +--+-------------------------------+-------+---------+---------+
       Total:                          1958    648       620    
                                                                
    C:\ti\ccsv8\tools\compiler\ti-cgt-arm_18.1.2.LTS\lib\rtsv7M4_T_le_v4SPD16_eabi.lib
       _printfi.c.obj                  4863    0         0      
       e_asin.c.obj                    984     0         0      
       s_atan.c.obj                    748     152       0      
       memory.c.obj                    492     0         12     
       e_atan2.c.obj                   492     0         0      
       fd_add_t2.asm.obj               438     0         0      
       defs.c.obj                      0       0         416    
       trgmsg.c.obj                    108     0         288    
       e_sqrt.c.obj                    344     0         0      
       fd_div_t2.asm.obj               310     0         0      
       fputs.c.obj                     276     0         0      
       s_scalbn.c.obj                  272     0         0      
       fd_cmp_t2.asm.obj               268     0         0      
       ctype.c.obj                     0       257       0      
       fd_mul_t2.asm.obj               252     0         0      
       write.c.obj                     40      0         200    
       setvbuf.c.obj                   220     0         0      
       memcpy_t2.asm.obj               156     0         0      
       ull_div_t2.asm.obj              150     0         0      
       fputc.c.obj                     140     0         0      
       memset_t2.asm.obj               122     0         0      
       fclose.c.obj                    116     0         0      
       getdevice.c.obj                 116     0         0      
       printf.c.obj                    112     0         0      
       fd_tos_t2.asm.obj               110     0         0      
       ll_div_t2.asm.obj               110     0         0      
       copy_decompress_lzss.c.obj      104     0         0      
       hostlseek.c.obj                 104     0         0      
       hostopen.c.obj                  96      0         8      
       hostrename.c.obj                104     0         0      
       fseek.c.obj                     100     0         0      
       s_frexp.c.obj                   100     0         0      
       _io_perm.c.obj                  98      0         0      
       close.c.obj                     92      0         0      
       exit.c.obj                      76      0         12     
       hostread.c.obj                  88      0         0      
       hostwrite.c.obj                 88      0         0      
       ltoa.c.obj                      84      0         0      
       atoi.c.obj                      76      0         0      
       fflush.c.obj                    76      0         0      
       fd_toi_t2.asm.obj               72      0         0      
       autoinit.c.obj                  68      0         0      
       hostclose.c.obj                 68      0         0      
       hostunlink.c.obj                68      0         0      
       u_divt2.asm.obj                 64      0         0      
       boot_cortex_m.c.obj             56      0         0      
       fs_tod_t2.asm.obj               56      0         0      
       strncpy.c.obj                   54      0         0      
       fopen.c.obj                     52      0         0      
       i_tofd_t2.asm.obj               46      0         0      
       unlink.c.obj                    44      0         0      
       lseek.c.obj                     40      0         0      
       memcmp.c.obj                    36      0         0      
       memchr.c.obj                    32      0         0      
       memccpy.c.obj                   28      0         0      
       ll_mul_t2.asm.obj               24      0         0      
       strcmp.c.obj                    24      0         0      
       strchr.c.obj                    22      0         0      
       s_copysign.c.obj                20      0         0      
       strcpy.c.obj                    20      0         0      
       strlen.c.obj                    20      0         0      
       wcslen.c.obj                    18      0         0      
       copy_decompress_none.c.obj      14      0         0      
       copy_zero_init.c.obj            12      0         0      
       errno.c.obj                     8       0         4      
       _lock.c.obj                     2       0         8      
       pre_init.c.obj                  4       0         0      
       div0.asm.obj                    2       0         0      
    +--+-------------------------------+-------+---------+---------+
       Total:                          13499   409       948    
                                                                
       Heap:                           0       0         8      
       Stack:                          0       0         512    
       Linker Generated:               0       204       0      
    +--+-------------------------------+-------+---------+---------+
       Grand Total:                    39681   5171      2357   


LINKER GENERATED COPY TABLES

__TI_cinit_table @ 0000af38 records: 3, size/record: 8, table size: 24
	.data: load addr=0000ae80, load size=00000098 bytes, run addr=2000026c, run size=000002ac bytes, compression=lzss
	.bss: load addr=0000af28, load size=00000008 bytes, run addr=20000518, run size=00000218 bytes, compression=zero_init
	.vtable: load addr=0000af30, load size=00000008 bytes, run addr=20000000, run size=0000026c bytes, compression=zero_init


LINKER GENERATED HANDLER TABLE

__TI_handler_table @ 0000af18 records: 3, size/record: 4, table size: 12
	index: 0, handler: __TI_zero_init
	index: 1, handler: __TI_decompress_lzss
	index: 2, handler: __TI_decompress_none


GLOBAL SYMBOLS: SORTED ALPHABETICALLY BY Name 

address   name                            
-------   ----                            
00009d7d  C$$EXIT                         
0000970b  C$$IO$$                         
2000044c  Car_Direction                   
20000448  Car_Spped                       
20000450  Car_Yaw                         
00005281  ConfigureUART0                  
00009c3d  FPUEnable                       
00009c4d  FPULazyStackingEnable           
00009951  GPIODirModeSet                  
00007cf9  GPIOPadConfigSet                
000093b1  GPIOPinConfigure                
00009d3d  GPIOPinRead                     
00009ab9  GPIOPinTypeGPIOOutput           
00009bad  GPIOPinTypeI2C                  
00009bbf  GPIOPinTypeI2CSCL               
00009bd1  GPIOPinTypePWM                  
00009be3  GPIOPinTypeQEI                  
00009bf5  GPIOPinTypeUART                 
00009d43  GPIOPinWrite                    
20000438  Get_C_Distance                  
200004d8  Get_Distance_Data               
20000500  Get_Pos_V                       
0000770d  Get_SDistance                   
0000773b  Get_STemp                       
000094d1  HOSTclose                       
00008ce1  HOSTlseek                       
00009015  HOSTopen                        
000090d1  HOSTread                        
00008d49  HOSTrename                      
00009515  HOSTunlink                      
00009129  HOSTwrite                       
00003e6b  I2C0_Init                       
00003df3  I2C0_ReadOneByte                
00003d8d  I2C0_WriteOneByte               
00009d15  I2CMasterBusy                   
00009d55  I2CMasterControl                
00009d59  I2CMasterDataGet                
00009d5d  I2CMasterDataPut                
00009cd9  I2CMasterEnable                 
00009b31  I2CMasterErr                    
000092cd  I2CMasterInitExpClk             
00009d1d  I2CMasterSlaveAddrSet           
00004503  I2CReadRegMultiByte             
00004693  I2CReadRegMultiByte_MPU         
000042f1  I2CReadRegOneByte               
000043d5  I2CReadRegTwoByte               
00004081  I2CWriteRegMultiByte            
000041bd  I2CWriteRegMultiByte_MPU        
00003ea5  I2CWriteRegOneByte              
00003f53  I2CWriteRegTwoByte              
00008db1  IntEnable                       
000057a9  IntHandler_QEI0                 
000057d9  IntHandler_QEI1                 
00005473  IntHandler_Timer0               
0000549f  IntHandler_Timer1               
000099f5  IntPrioritySet                  
000097f5  IntRegister                     
200004f7  KeyRead                         
00008809  Led_Key_Init                    
0000635d  MPU6050_Get_Accelerometer       
00006305  MPU6050_Get_Gyroscope           
000063b5  MPU6050_Get_Temperature         
0000614d  MPU6050_Init                    
00006403  MPU6050_atanAcceYZ_Get_Angle    
0000620b  MPU_Set_Accel_Fsr               
000062f7  MPU_Set_Fifo                    
000061ef  MPU_Set_Gyro_Fsr                
00006227  MPU_Set_LPF                     
0000629b  MPU_Set_Rate                    
000064a1  MoTor_Init                      
00006719  MoTor_Left_Speed_Set            
0000674d  MoTor_Right_Speed_Set           
000065dd  MoTor_SET_Direction             
00006781  MoTor_Set                       
000066b5  MoTor_Speed_Set                 
00006d85  PIDP_init                       
00006d4d  PID_init                        
00009a3d  PWMGenConfigure                 
00009cb5  PWMGenEnable                    
00009c07  PWMGenPeriodGet                 
00009c5d  PWMGenPeriodSet                 
00009c19  PWMOutputState                  
00009a7f  PWMPulseWidthSet                
00006e69  Pid_Pos                         
00006dc5  Pid_Speed                       
00007bc5  QEI0_Init                       
20000428  QEI0_Value                      
00007c47  QEI1_Init                       
2000042c  QEI1_Value                      
00009c7d  QEIConfigure                    
00009ce3  QEIEnable                       
00009d61  QEIIntClear                     
00009d25  QEIIntEnable                    
00009ad1  QEIIntRegister                  
00009ced  QEIIntStatus                    
00009c6d  QEIVelocityConfigure            
00009cf7  QEIVelocityEnable               
00009d65  QEIVelocityGet                  
20000424  Receive_Data                    
00009ccd  ResetISR                        
200004e4  Rx_Odroid_Buffer                
2000050d  Rx_Pic_Buffer                   
20000434  Shen_V                          
00007505  ShowValue                       
00006569  Steering_Gear_SET_Direction     
00008061  SysCtlClockGet                  
0000837d  SysCtlClockSet                  
00009d49  SysCtlDelay                     
00009b5d  SysCtlPWMClockSet               
00009829  SysCtlPeripheralEnable          
20000440  Tar_X                           
20000444  Tar_Y                           
00009d69  TimerIntClear                   
000052bd  UART0IntHandler                 
20000430  UART0_INT_flag                  
00005309  UART1IntHandler                 
00007783  UART1_send_char                 
00007795  UART1_send_string               
000053bd  UART2IntHandler                 
00009c8b  UARTCharGetNonBlocking          
00009d01  UARTCharPut                     
00009c99  UARTCharsAvail                  
00009d4f  UARTClockSourceSet              
00009d6d  UARTIntClear                    
00009d2d  UARTIntEnable                   
00009ae9  UARTIntRegister                 
00009d0b  UARTIntStatus                   
00005899  UARTStdioConfig                 
00007691  UART_INIT                       
00005a11  UARTgetc                        
0000594b  UARTgets                        
00005d3f  UARTprintf                      
00005a45  UARTvprintf                     
000058f9  UARTwrite                       
20000518  __CIOBUF_                       
20000930  __STACK_END                     
00000200  __STACK_SIZE                    
20000930  __STACK_TOP                     
00000008  __SYSMEM_SIZE                   
0000af38  __TI_CINIT_Base                 
0000af50  __TI_CINIT_Limit                
0000af18  __TI_Handler_Table_Base         
0000af24  __TI_Handler_Table_Limit        
00009559  __TI_auto_init_nobinit_nopinit  
0000985d  __TI_cleanup                    
200004c0  __TI_cleanup_ptr                
00008b21  __TI_closefile                  
00008e19  __TI_decompress_lzss            
00009ca7  __TI_decompress_none            
00009319  __TI_doflush                    
200004c4  __TI_dtors_ptr                  
200004c8  __TI_enable_exit_profile_output 
200004b0  __TI_ft_end                     
ffffffff  __TI_pprof_out_hndl             
00004821  __TI_printfi                    
ffffffff  __TI_prof_data_size             
ffffffff  __TI_prof_data_start            
00009891  __TI_readmsg                    
00000000  __TI_static_base__              
20000638  __TI_tmpnams                    
000096dd  __TI_writemsg                   
00008fb1  __TI_wrt_ok                     
00009cc1  __TI_zero_init                  
00008921  __aeabi_cdcmpeq                 
00008921  __aeabi_cdcmple                 
000089a7  __aeabi_cdrcmple                
00008c03  __aeabi_d2f                     
00009489  __aeabi_d2iz                    
00007357  __aeabi_dadd                    
00007a8d  __aeabi_ddiv                    
00008281  __aeabi_dmul                    
0000734d  __aeabi_dsub                    
00009d35  __aeabi_errno_addr              
00009785  __aeabi_f2d                     
000098f5  __aeabi_i2d                     
00007503  __aeabi_idiv0                   
00007503  __aeabi_ldiv0                   
00008c71  __aeabi_ldivmod                 
00009b01  __aeabi_lmul                    
00008a2d  __aeabi_memclr                  
00008a2d  __aeabi_memclr4                 
00008a2d  __aeabi_memclr8                 
000086d7  __aeabi_memcpy                  
000086d7  __aeabi_memcpy4                 
000086d7  __aeabi_memcpy8                 
00008a2f  __aeabi_memset                  
00008a2f  __aeabi_memset4                 
00008a2f  __aeabi_memset8                 
200004bc  __aeabi_stderr                  
200004b4  __aeabi_stdin                   
200004b8  __aeabi_stdout                  
00009621  __aeabi_uidiv                   
00009621  __aeabi_uidivmod                
00008773  __aeabi_uldivmod                
ffffffff  __binit__                       
ffffffff  __c_args__                      
UNDEFED   __mpu_init                      
20000730  __stack                         
00009715  _c_int00_noargs                 
0000a976  _ctypes_                        
2000035c  _device                         
2000026c  _ftable                         
200004f8  _lock                           
0000527f  _nop                            
200003d4  _stream                         
20000930  _sys_memory                     
UNDEFED   _system_post_cinit              
00009d79  _system_pre_init                
200004fc  _unlock                         
00009d7d  abort                           
00005d75  asin                            
00005d75  asinl                           
000067f1  atan                            
00006f91  atan2                           
00006f91  atan2l                          
000067f1  atanl                           
00009365  atoi                            
ffffffff  binit                           
00009075  close                           
00009b71  copysign                        
00009b71  copysignl                       
00009295  delay_ms                        
000092af  delay_s                         
0000927d  delay_us                        
000039fb  dmp_enable_6x_lp_quat           
000036fb  dmp_enable_feature              
00003969  dmp_enable_gyro_cal             
000039b9  dmp_enable_lp_quat              
00003955  dmp_get_enabled_features        
000031c5  dmp_get_fifo_rate               
000035e5  dmp_get_pedometer_step_count    
0000366b  dmp_get_pedometer_walk_time     
00002d09  dmp_load_motion_driver_firmware 
00003b15  dmp_read_fifo                   
00003d67  dmp_register_android_orient_cb  
00003d55  dmp_register_tap_cb             
00002ffd  dmp_set_accel_bias              
00003145  dmp_set_fifo_rate               
00002ea5  dmp_set_gyro_bias               
00003ab3  dmp_set_interrupt_mode          
00002d1d  dmp_set_orientation             
00003631  dmp_set_pedometer_step_count    
000036b7  dmp_set_pedometer_walk_time     
000034f5  dmp_set_shake_reject_thresh     
00003551  dmp_set_shake_reject_time       
00003595  dmp_set_shake_reject_timeout    
000033e5  dmp_set_tap_axes                
0000343d  dmp_set_tap_count               
000031dd  dmp_set_tap_thresh              
00003481  dmp_set_tap_time                
000034b9  dmp_set_tap_time_multi          
20000514  errno                           
00009441  exit                            
000098c5  finddevice                      
00008895  fputc                           
00007f4d  fputs                           
0000854d  free                            
00008ee9  frexp                           
00008ee9  frexpl                          
00008f4d  fseek                           
20000000  g_pfnRAMVectors                 
00000000  g_pfnVectors                    
0000959d  getdevice                       
0000ae40  hw                              
000028fd  inv_orientation_matrix_to_scalar
00002965  inv_row_2_scale                 
00008847  key_scan                        
00008171  ldexp                           
00008171  ldexpl                          
0000997d  lseek                           
000091d7  ltoa                            
00005545  main                            
00008aa9  malloc                          
00009a9d  memccpy                         
00009a5f  memchr                          
00009a19  memcmp                          
000086d7  memcpy                          
00008a35  memset                          
000029e5  mget_ms                         
0000974d  minit                           
00001191  mpu_configure_fifo              
00002ad5  mpu_dmp_get_data                
000029f5  mpu_dmp_init                    
00000da5  mpu_get_accel_fsr               
00000825  mpu_get_accel_reg               
00001119  mpu_get_accel_sens              
000025d3  mpu_get_compass_fsr             
000025c3  mpu_get_compass_reg             
00001097  mpu_get_compass_sample_rate     
000025a9  mpu_get_dmp_state               
00001179  mpu_get_fifo_config             
00000cb9  mpu_get_gyro_fsr                
000006dd  mpu_get_gyro_reg                
000010c9  mpu_get_gyro_sens               
00001357  mpu_get_int_status              
00000e95  mpu_get_lpf                     
00001223  mpu_get_power_state             
00000fbd  mpu_get_sample_rate             
00000899  mpu_get_temperature             
000003d5  mpu_init                        
000023f9  mpu_load_firmware               
000005e5  mpu_lp_accel_mode               
000025f1  mpu_lp_motion_interrupt         
000013b9  mpu_read_fifo                   
00001659  mpu_read_fifo_stream            
00002361  mpu_read_mem                    
0000037d  mpu_read_reg                    
0000030f  mpu_reg_dump                    
00000ae1  mpu_reset_fifo                  
00002171  mpu_run_self_test               
0000094d  mpu_set_accel_bias              
00000e05  mpu_set_accel_fsr               
00001765  mpu_set_bypass                  
000010b1  mpu_set_compass_sample_rate     
00002515  mpu_set_dmp_state               
00000d0b  mpu_set_gyro_fsr                
000018e5  mpu_set_int_latched             
000018cf  mpu_set_int_level               
00000f15  mpu_set_lpf                     
00000fe1  mpu_set_sample_rate             
00001255  mpu_set_sensors                 
000022cd  mpu_write_mem                   
20000728  parmbuf                         
200006d8  pid                             
20000468  pid_result                      
200006fc  pidp                            
2000045c  pitch                           
00008e81  printf                          
00008895  putc                            
0000adc4  reg                             
00009925  remove                          
20000460  roll                            
00002851  run_self_test                   
2000043c  rx_pbuffer                      
00008171  scalbn                          
00008171  scalbnl                         
000025bd  setup_compass                   
00008471  setvbuf                         
20000458  speed                           
000077f9  sqrt                            
000077f9  sqrtl                           
20000455  start_receive                   
00009b47  strchr                          
00009b19  strcmp                          
00009b85  strcpy                          
00009b99  strlen                          
000097bd  strncpy                         
0000ad9c  test                            
00009925  unlink                          
00009c2b  wcslen                          
000099cd  write                           
20000464  yaw                             


GLOBAL SYMBOLS: SORTED BY Symbol Address 

address   name                            
-------   ----                            
00000000  __TI_static_base__              
00000000  g_pfnVectors                    
00000008  __SYSMEM_SIZE                   
00000200  __STACK_SIZE                    
0000030f  mpu_reg_dump                    
0000037d  mpu_read_reg                    
000003d5  mpu_init                        
000005e5  mpu_lp_accel_mode               
000006dd  mpu_get_gyro_reg                
00000825  mpu_get_accel_reg               
00000899  mpu_get_temperature             
0000094d  mpu_set_accel_bias              
00000ae1  mpu_reset_fifo                  
00000cb9  mpu_get_gyro_fsr                
00000d0b  mpu_set_gyro_fsr                
00000da5  mpu_get_accel_fsr               
00000e05  mpu_set_accel_fsr               
00000e95  mpu_get_lpf                     
00000f15  mpu_set_lpf                     
00000fbd  mpu_get_sample_rate             
00000fe1  mpu_set_sample_rate             
00001097  mpu_get_compass_sample_rate     
000010b1  mpu_set_compass_sample_rate     
000010c9  mpu_get_gyro_sens               
00001119  mpu_get_accel_sens              
00001179  mpu_get_fifo_config             
00001191  mpu_configure_fifo              
00001223  mpu_get_power_state             
00001255  mpu_set_sensors                 
00001357  mpu_get_int_status              
000013b9  mpu_read_fifo                   
00001659  mpu_read_fifo_stream            
00001765  mpu_set_bypass                  
000018cf  mpu_set_int_level               
000018e5  mpu_set_int_latched             
00002171  mpu_run_self_test               
000022cd  mpu_write_mem                   
00002361  mpu_read_mem                    
000023f9  mpu_load_firmware               
00002515  mpu_set_dmp_state               
000025a9  mpu_get_dmp_state               
000025bd  setup_compass                   
000025c3  mpu_get_compass_reg             
000025d3  mpu_get_compass_fsr             
000025f1  mpu_lp_motion_interrupt         
00002851  run_self_test                   
000028fd  inv_orientation_matrix_to_scalar
00002965  inv_row_2_scale                 
000029e5  mget_ms                         
000029f5  mpu_dmp_init                    
00002ad5  mpu_dmp_get_data                
00002d09  dmp_load_motion_driver_firmware 
00002d1d  dmp_set_orientation             
00002ea5  dmp_set_gyro_bias               
00002ffd  dmp_set_accel_bias              
00003145  dmp_set_fifo_rate               
000031c5  dmp_get_fifo_rate               
000031dd  dmp_set_tap_thresh              
000033e5  dmp_set_tap_axes                
0000343d  dmp_set_tap_count               
00003481  dmp_set_tap_time                
000034b9  dmp_set_tap_time_multi          
000034f5  dmp_set_shake_reject_thresh     
00003551  dmp_set_shake_reject_time       
00003595  dmp_set_shake_reject_timeout    
000035e5  dmp_get_pedometer_step_count    
00003631  dmp_set_pedometer_step_count    
0000366b  dmp_get_pedometer_walk_time     
000036b7  dmp_set_pedometer_walk_time     
000036fb  dmp_enable_feature              
00003955  dmp_get_enabled_features        
00003969  dmp_enable_gyro_cal             
000039b9  dmp_enable_lp_quat              
000039fb  dmp_enable_6x_lp_quat           
00003ab3  dmp_set_interrupt_mode          
00003b15  dmp_read_fifo                   
00003d55  dmp_register_tap_cb             
00003d67  dmp_register_android_orient_cb  
00003d8d  I2C0_WriteOneByte               
00003df3  I2C0_ReadOneByte                
00003e6b  I2C0_Init                       
00003ea5  I2CWriteRegOneByte              
00003f53  I2CWriteRegTwoByte              
00004081  I2CWriteRegMultiByte            
000041bd  I2CWriteRegMultiByte_MPU        
000042f1  I2CReadRegOneByte               
000043d5  I2CReadRegTwoByte               
00004503  I2CReadRegMultiByte             
00004693  I2CReadRegMultiByte_MPU         
00004821  __TI_printfi                    
0000527f  _nop                            
00005281  ConfigureUART0                  
000052bd  UART0IntHandler                 
00005309  UART1IntHandler                 
000053bd  UART2IntHandler                 
00005473  IntHandler_Timer0               
0000549f  IntHandler_Timer1               
00005545  main                            
000057a9  IntHandler_QEI0                 
000057d9  IntHandler_QEI1                 
00005899  UARTStdioConfig                 
000058f9  UARTwrite                       
0000594b  UARTgets                        
00005a11  UARTgetc                        
00005a45  UARTvprintf                     
00005d3f  UARTprintf                      
00005d75  asin                            
00005d75  asinl                           
0000614d  MPU6050_Init                    
000061ef  MPU_Set_Gyro_Fsr                
0000620b  MPU_Set_Accel_Fsr               
00006227  MPU_Set_LPF                     
0000629b  MPU_Set_Rate                    
000062f7  MPU_Set_Fifo                    
00006305  MPU6050_Get_Gyroscope           
0000635d  MPU6050_Get_Accelerometer       
000063b5  MPU6050_Get_Temperature         
00006403  MPU6050_atanAcceYZ_Get_Angle    
000064a1  MoTor_Init                      
00006569  Steering_Gear_SET_Direction     
000065dd  MoTor_SET_Direction             
000066b5  MoTor_Speed_Set                 
00006719  MoTor_Left_Speed_Set            
0000674d  MoTor_Right_Speed_Set           
00006781  MoTor_Set                       
000067f1  atan                            
000067f1  atanl                           
00006d4d  PID_init                        
00006d85  PIDP_init                       
00006dc5  Pid_Speed                       
00006e69  Pid_Pos                         
00006f91  atan2                           
00006f91  atan2l                          
0000734d  __aeabi_dsub                    
00007357  __aeabi_dadd                    
00007503  __aeabi_idiv0                   
00007503  __aeabi_ldiv0                   
00007505  ShowValue                       
00007691  UART_INIT                       
0000770d  Get_SDistance                   
0000773b  Get_STemp                       
00007783  UART1_send_char                 
00007795  UART1_send_string               
000077f9  sqrt                            
000077f9  sqrtl                           
00007a8d  __aeabi_ddiv                    
00007bc5  QEI0_Init                       
00007c47  QEI1_Init                       
00007cf9  GPIOPadConfigSet                
00007f4d  fputs                           
00008061  SysCtlClockGet                  
00008171  ldexp                           
00008171  ldexpl                          
00008171  scalbn                          
00008171  scalbnl                         
00008281  __aeabi_dmul                    
0000837d  SysCtlClockSet                  
00008471  setvbuf                         
0000854d  free                            
000086d7  __aeabi_memcpy                  
000086d7  __aeabi_memcpy4                 
000086d7  __aeabi_memcpy8                 
000086d7  memcpy                          
00008773  __aeabi_uldivmod                
00008809  Led_Key_Init                    
00008847  key_scan                        
00008895  fputc                           
00008895  putc                            
00008921  __aeabi_cdcmpeq                 
00008921  __aeabi_cdcmple                 
000089a7  __aeabi_cdrcmple                
00008a2d  __aeabi_memclr                  
00008a2d  __aeabi_memclr4                 
00008a2d  __aeabi_memclr8                 
00008a2f  __aeabi_memset                  
00008a2f  __aeabi_memset4                 
00008a2f  __aeabi_memset8                 
00008a35  memset                          
00008aa9  malloc                          
00008b21  __TI_closefile                  
00008c03  __aeabi_d2f                     
00008c71  __aeabi_ldivmod                 
00008ce1  HOSTlseek                       
00008d49  HOSTrename                      
00008db1  IntEnable                       
00008e19  __TI_decompress_lzss            
00008e81  printf                          
00008ee9  frexp                           
00008ee9  frexpl                          
00008f4d  fseek                           
00008fb1  __TI_wrt_ok                     
00009015  HOSTopen                        
00009075  close                           
000090d1  HOSTread                        
00009129  HOSTwrite                       
000091d7  ltoa                            
0000927d  delay_us                        
00009295  delay_ms                        
000092af  delay_s                         
000092cd  I2CMasterInitExpClk             
00009319  __TI_doflush                    
00009365  atoi                            
000093b1  GPIOPinConfigure                
00009441  exit                            
00009489  __aeabi_d2iz                    
000094d1  HOSTclose                       
00009515  HOSTunlink                      
00009559  __TI_auto_init_nobinit_nopinit  
0000959d  getdevice                       
00009621  __aeabi_uidiv                   
00009621  __aeabi_uidivmod                
000096dd  __TI_writemsg                   
0000970b  C$$IO$$                         
00009715  _c_int00_noargs                 
0000974d  minit                           
00009785  __aeabi_f2d                     
000097bd  strncpy                         
000097f5  IntRegister                     
00009829  SysCtlPeripheralEnable          
0000985d  __TI_cleanup                    
00009891  __TI_readmsg                    
000098c5  finddevice                      
000098f5  __aeabi_i2d                     
00009925  remove                          
00009925  unlink                          
00009951  GPIODirModeSet                  
0000997d  lseek                           
000099cd  write                           
000099f5  IntPrioritySet                  
00009a19  memcmp                          
00009a3d  PWMGenConfigure                 
00009a5f  memchr                          
00009a7f  PWMPulseWidthSet                
00009a9d  memccpy                         
00009ab9  GPIOPinTypeGPIOOutput           
00009ad1  QEIIntRegister                  
00009ae9  UARTIntRegister                 
00009b01  __aeabi_lmul                    
00009b19  strcmp                          
00009b31  I2CMasterErr                    
00009b47  strchr                          
00009b5d  SysCtlPWMClockSet               
00009b71  copysign                        
00009b71  copysignl                       
00009b85  strcpy                          
00009b99  strlen                          
00009bad  GPIOPinTypeI2C                  
00009bbf  GPIOPinTypeI2CSCL               
00009bd1  GPIOPinTypePWM                  
00009be3  GPIOPinTypeQEI                  
00009bf5  GPIOPinTypeUART                 
00009c07  PWMGenPeriodGet                 
00009c19  PWMOutputState                  
00009c2b  wcslen                          
00009c3d  FPUEnable                       
00009c4d  FPULazyStackingEnable           
00009c5d  PWMGenPeriodSet                 
00009c6d  QEIVelocityConfigure            
00009c7d  QEIConfigure                    
00009c8b  UARTCharGetNonBlocking          
00009c99  UARTCharsAvail                  
00009ca7  __TI_decompress_none            
00009cb5  PWMGenEnable                    
00009cc1  __TI_zero_init                  
00009ccd  ResetISR                        
00009cd9  I2CMasterEnable                 
00009ce3  QEIEnable                       
00009ced  QEIIntStatus                    
00009cf7  QEIVelocityEnable               
00009d01  UARTCharPut                     
00009d0b  UARTIntStatus                   
00009d15  I2CMasterBusy                   
00009d1d  I2CMasterSlaveAddrSet           
00009d25  QEIIntEnable                    
00009d2d  UARTIntEnable                   
00009d35  __aeabi_errno_addr              
00009d3d  GPIOPinRead                     
00009d43  GPIOPinWrite                    
00009d49  SysCtlDelay                     
00009d4f  UARTClockSourceSet              
00009d55  I2CMasterControl                
00009d59  I2CMasterDataGet                
00009d5d  I2CMasterDataPut                
00009d61  QEIIntClear                     
00009d65  QEIVelocityGet                  
00009d69  TimerIntClear                   
00009d6d  UARTIntClear                    
00009d79  _system_pre_init                
00009d7d  C$$EXIT                         
00009d7d  abort                           
0000a976  _ctypes_                        
0000ad9c  test                            
0000adc4  reg                             
0000ae40  hw                              
0000af18  __TI_Handler_Table_Base         
0000af24  __TI_Handler_Table_Limit        
0000af38  __TI_CINIT_Base                 
0000af50  __TI_CINIT_Limit                
20000000  g_pfnRAMVectors                 
2000026c  _ftable                         
2000035c  _device                         
200003d4  _stream                         
20000424  Receive_Data                    
20000428  QEI0_Value                      
2000042c  QEI1_Value                      
20000430  UART0_INT_flag                  
20000434  Shen_V                          
20000438  Get_C_Distance                  
2000043c  rx_pbuffer                      
20000440  Tar_X                           
20000444  Tar_Y                           
20000448  Car_Spped                       
2000044c  Car_Direction                   
20000450  Car_Yaw                         
20000455  start_receive                   
20000458  speed                           
2000045c  pitch                           
20000460  roll                            
20000464  yaw                             
20000468  pid_result                      
200004b0  __TI_ft_end                     
200004b4  __aeabi_stdin                   
200004b8  __aeabi_stdout                  
200004bc  __aeabi_stderr                  
200004c0  __TI_cleanup_ptr                
200004c4  __TI_dtors_ptr                  
200004c8  __TI_enable_exit_profile_output 
200004d8  Get_Distance_Data               
200004e4  Rx_Odroid_Buffer                
200004f7  KeyRead                         
200004f8  _lock                           
200004fc  _unlock                         
20000500  Get_Pos_V                       
2000050d  Rx_Pic_Buffer                   
20000514  errno                           
20000518  __CIOBUF_                       
20000638  __TI_tmpnams                    
200006d8  pid                             
200006fc  pidp                            
20000728  parmbuf                         
20000730  __stack                         
20000930  __STACK_END                     
20000930  __STACK_TOP                     
20000930  _sys_memory                     
ffffffff  __TI_pprof_out_hndl             
ffffffff  __TI_prof_data_size             
ffffffff  __TI_prof_data_start            
ffffffff  __binit__                       
ffffffff  __c_args__                      
ffffffff  binit                           
UNDEFED   __mpu_init                      
UNDEFED   _system_post_cinit              

[352 symbols]
