<?xml version="1.0"?>
<link_info>
   <banner>TI ARM Linker PC v16.9.0.LTS</banner>
   <copyright>Copyright (c) 1996-2015 Texas Instruments Incorporated</copyright>
   <link_time>0x5d4955b5</link_time>
   <link_errors>0x0</link_errors>
   <output_file>Autocar.out</output_file>
   <entry_point>
      <name>_c_int00</name>
      <address>0xb585</address>
   </entry_point>
   <input_file_list>
      <input_file id="fl-2">
         <path>.\</path>
         <kind>object</kind>
         <file>interrupt_handler.obj</file>
         <name>interrupt_handler.obj</name>
      </input_file>
      <input_file id="fl-3">
         <path>.\</path>
         <kind>object</kind>
         <file>main.obj</file>
         <name>main.obj</name>
      </input_file>
      <input_file id="fl-4">
         <path>.\</path>
         <kind>object</kind>
         <file>route_plan.obj</file>
         <name>route_plan.obj</name>
      </input_file>
      <input_file id="fl-5">
         <path>.\</path>
         <kind>object</kind>
         <file>tm4c123gh6pm_startup_ccs.obj</file>
         <name>tm4c123gh6pm_startup_ccs.obj</name>
      </input_file>
      <input_file id="fl-6">
         <path>.\</path>
         <kind>object</kind>
         <file>uartstdio.obj</file>
         <name>uartstdio.obj</name>
      </input_file>
      <input_file id="fl-7">
         <path>.\drivers\ESP8266\</path>
         <kind>object</kind>
         <file>esp8266.obj</file>
         <name>esp8266.obj</name>
      </input_file>
      <input_file id="fl-8">
         <path>.\drivers\PID\</path>
         <kind>object</kind>
         <file>pid.obj</file>
         <name>pid.obj</name>
      </input_file>
      <input_file id="fl-9">
         <path>.\drivers\car_ctrl\</path>
         <kind>object</kind>
         <file>car_ctrl.obj</file>
         <name>car_ctrl.obj</name>
      </input_file>
      <input_file id="fl-a">
         <path>.\drivers\key\</path>
         <kind>object</kind>
         <file>key.obj</file>
         <name>key.obj</name>
      </input_file>
      <input_file id="fl-b">
         <path>.\drivers\mpu6050\</path>
         <kind>object</kind>
         <file>I2C_Init.obj</file>
         <name>I2C_Init.obj</name>
      </input_file>
      <input_file id="fl-c">
         <path>.\drivers\mpu6050\</path>
         <kind>object</kind>
         <file>MPU6050.obj</file>
         <name>MPU6050.obj</name>
      </input_file>
      <input_file id="fl-d">
         <path>.\drivers\mpu6050\</path>
         <kind>object</kind>
         <file>inv_mpu.obj</file>
         <name>inv_mpu.obj</name>
      </input_file>
      <input_file id="fl-e">
         <path>.\drivers\mpu6050\</path>
         <kind>object</kind>
         <file>inv_mpu_dmp_motion_driver.obj</file>
         <name>inv_mpu_dmp_motion_driver.obj</name>
      </input_file>
      <input_file id="fl-f">
         <path>.\drivers\my_delay\</path>
         <kind>object</kind>
         <file>delay.obj</file>
         <name>delay.obj</name>
      </input_file>
      <input_file id="fl-10">
         <path>.\drivers\pwm\</path>
         <kind>object</kind>
         <file>pwm_config.obj</file>
         <name>pwm_config.obj</name>
      </input_file>
      <input_file id="fl-11">
         <path>.\drivers\timer\</path>
         <kind>object</kind>
         <file>timer_config.obj</file>
         <name>timer_config.obj</name>
      </input_file>
      <input_file id="fl-12">
         <path>.\drivers\timer\</path>
         <kind>object</kind>
         <file>wtimer.obj</file>
         <name>wtimer.obj</name>
      </input_file>
      <input_file id="fl-13">
         <path>.\drivers\uart\</path>
         <kind>object</kind>
         <file>uart.obj</file>
         <name>uart.obj</name>
      </input_file>
      <input_file id="fl-14">
         <path>.\drivers\ultra\</path>
         <kind>object</kind>
         <file>distance.obj</file>
         <name>distance.obj</name>
      </input_file>
      <input_file id="fl-1b">
         <path>F:\TM4\TivaWare_C_Series-2.1.4.178\driverlib\ccs\Debug\</path>
         <kind>archive</kind>
         <file>driverlib.lib</file>
         <name>fpu.obj</name>
      </input_file>
      <input_file id="fl-1c">
         <path>F:\TM4\TivaWare_C_Series-2.1.4.178\driverlib\ccs\Debug\</path>
         <kind>archive</kind>
         <file>driverlib.lib</file>
         <name>gpio.obj</name>
      </input_file>
      <input_file id="fl-1d">
         <path>F:\TM4\TivaWare_C_Series-2.1.4.178\driverlib\ccs\Debug\</path>
         <kind>archive</kind>
         <file>driverlib.lib</file>
         <name>i2c.obj</name>
      </input_file>
      <input_file id="fl-1e">
         <path>F:\TM4\TivaWare_C_Series-2.1.4.178\driverlib\ccs\Debug\</path>
         <kind>archive</kind>
         <file>driverlib.lib</file>
         <name>interrupt.obj</name>
      </input_file>
      <input_file id="fl-1f">
         <path>F:\TM4\TivaWare_C_Series-2.1.4.178\driverlib\ccs\Debug\</path>
         <kind>archive</kind>
         <file>driverlib.lib</file>
         <name>pwm.obj</name>
      </input_file>
      <input_file id="fl-20">
         <path>F:\TM4\TivaWare_C_Series-2.1.4.178\driverlib\ccs\Debug\</path>
         <kind>archive</kind>
         <file>driverlib.lib</file>
         <name>sysctl.obj</name>
      </input_file>
      <input_file id="fl-21">
         <path>F:\TM4\TivaWare_C_Series-2.1.4.178\driverlib\ccs\Debug\</path>
         <kind>archive</kind>
         <file>driverlib.lib</file>
         <name>timer.obj</name>
      </input_file>
      <input_file id="fl-22">
         <path>F:\TM4\TivaWare_C_Series-2.1.4.178\driverlib\ccs\Debug\</path>
         <kind>archive</kind>
         <file>driverlib.lib</file>
         <name>uart.obj</name>
      </input_file>
      <input_file id="fl-23">
         <path>F:\TM4\TivaWare_C_Series-2.1.4.178\driverlib\ccs\Debug\</path>
         <kind>archive</kind>
         <file>driverlib.lib</file>
         <name>cpu.obj</name>
      </input_file>
      <input_file id="fl-d9">
         <path>F:\TM4\ccsv7\tools\compiler\ti-cgt-arm_16.9.0.LTS\lib\</path>
         <kind>archive</kind>
         <file>rtsv7M4_T_le_v4SPD16_eabi.lib</file>
         <name>boot.obj</name>
      </input_file>
      <input_file id="fl-da">
         <path>F:\TM4\ccsv7\tools\compiler\ti-cgt-arm_16.9.0.LTS\lib\</path>
         <kind>archive</kind>
         <file>rtsv7M4_T_le_v4SPD16_eabi.lib</file>
         <name>copy_decompress_lzss.obj</name>
      </input_file>
      <input_file id="fl-db">
         <path>F:\TM4\ccsv7\tools\compiler\ti-cgt-arm_16.9.0.LTS\lib\</path>
         <kind>archive</kind>
         <file>rtsv7M4_T_le_v4SPD16_eabi.lib</file>
         <name>copy_decompress_none.obj</name>
      </input_file>
      <input_file id="fl-dc">
         <path>F:\TM4\ccsv7\tools\compiler\ti-cgt-arm_16.9.0.LTS\lib\</path>
         <kind>archive</kind>
         <file>rtsv7M4_T_le_v4SPD16_eabi.lib</file>
         <name>copy_zero_init.obj</name>
      </input_file>
      <input_file id="fl-dd">
         <path>F:\TM4\ccsv7\tools\compiler\ti-cgt-arm_16.9.0.LTS\lib\</path>
         <kind>archive</kind>
         <file>rtsv7M4_T_le_v4SPD16_eabi.lib</file>
         <name>e_atan2.obj</name>
      </input_file>
      <input_file id="fl-de">
         <path>F:\TM4\ccsv7\tools\compiler\ti-cgt-arm_16.9.0.LTS\lib\</path>
         <kind>archive</kind>
         <file>rtsv7M4_T_le_v4SPD16_eabi.lib</file>
         <name>exit.obj</name>
      </input_file>
      <input_file id="fl-df">
         <path>F:\TM4\ccsv7\tools\compiler\ti-cgt-arm_16.9.0.LTS\lib\</path>
         <kind>archive</kind>
         <file>rtsv7M4_T_le_v4SPD16_eabi.lib</file>
         <name>fd_add_t2.obj</name>
      </input_file>
      <input_file id="fl-e0">
         <path>F:\TM4\ccsv7\tools\compiler\ti-cgt-arm_16.9.0.LTS\lib\</path>
         <kind>archive</kind>
         <file>rtsv7M4_T_le_v4SPD16_eabi.lib</file>
         <name>fd_div_t2.obj</name>
      </input_file>
      <input_file id="fl-e1">
         <path>F:\TM4\ccsv7\tools\compiler\ti-cgt-arm_16.9.0.LTS\lib\</path>
         <kind>archive</kind>
         <file>rtsv7M4_T_le_v4SPD16_eabi.lib</file>
         <name>fd_mul_t2.obj</name>
      </input_file>
      <input_file id="fl-e2">
         <path>F:\TM4\ccsv7\tools\compiler\ti-cgt-arm_16.9.0.LTS\lib\</path>
         <kind>archive</kind>
         <file>rtsv7M4_T_le_v4SPD16_eabi.lib</file>
         <name>fd_toi_t2.obj</name>
      </input_file>
      <input_file id="fl-e3">
         <path>F:\TM4\ccsv7\tools\compiler\ti-cgt-arm_16.9.0.LTS\lib\</path>
         <kind>archive</kind>
         <file>rtsv7M4_T_le_v4SPD16_eabi.lib</file>
         <name>fd_tos_t2.obj</name>
      </input_file>
      <input_file id="fl-e4">
         <path>F:\TM4\ccsv7\tools\compiler\ti-cgt-arm_16.9.0.LTS\lib\</path>
         <kind>archive</kind>
         <file>rtsv7M4_T_le_v4SPD16_eabi.lib</file>
         <name>fs_tod_t2.obj</name>
      </input_file>
      <input_file id="fl-e5">
         <path>F:\TM4\ccsv7\tools\compiler\ti-cgt-arm_16.9.0.LTS\lib\</path>
         <kind>archive</kind>
         <file>rtsv7M4_T_le_v4SPD16_eabi.lib</file>
         <name>fs_toll_t2.obj</name>
      </input_file>
      <input_file id="fl-e6">
         <path>F:\TM4\ccsv7\tools\compiler\ti-cgt-arm_16.9.0.LTS\lib\</path>
         <kind>archive</kind>
         <file>rtsv7M4_T_le_v4SPD16_eabi.lib</file>
         <name>i_tofd_t2.obj</name>
      </input_file>
      <input_file id="fl-e7">
         <path>F:\TM4\ccsv7\tools\compiler\ti-cgt-arm_16.9.0.LTS\lib\</path>
         <kind>archive</kind>
         <file>rtsv7M4_T_le_v4SPD16_eabi.lib</file>
         <name>ll_div_t2.obj</name>
      </input_file>
      <input_file id="fl-e8">
         <path>F:\TM4\ccsv7\tools\compiler\ti-cgt-arm_16.9.0.LTS\lib\</path>
         <kind>archive</kind>
         <file>rtsv7M4_T_le_v4SPD16_eabi.lib</file>
         <name>ll_mul_t2.obj</name>
      </input_file>
      <input_file id="fl-e9">
         <path>F:\TM4\ccsv7\tools\compiler\ti-cgt-arm_16.9.0.LTS\lib\</path>
         <kind>archive</kind>
         <file>rtsv7M4_T_le_v4SPD16_eabi.lib</file>
         <name>ll_tofs_t2.obj</name>
      </input_file>
      <input_file id="fl-ea">
         <path>F:\TM4\ccsv7\tools\compiler\ti-cgt-arm_16.9.0.LTS\lib\</path>
         <kind>archive</kind>
         <file>rtsv7M4_T_le_v4SPD16_eabi.lib</file>
         <name>memcmp.obj</name>
      </input_file>
      <input_file id="fl-eb">
         <path>F:\TM4\ccsv7\tools\compiler\ti-cgt-arm_16.9.0.LTS\lib\</path>
         <kind>archive</kind>
         <file>rtsv7M4_T_le_v4SPD16_eabi.lib</file>
         <name>memcpy_t2.obj</name>
      </input_file>
      <input_file id="fl-ec">
         <path>F:\TM4\ccsv7\tools\compiler\ti-cgt-arm_16.9.0.LTS\lib\</path>
         <kind>archive</kind>
         <file>rtsv7M4_T_le_v4SPD16_eabi.lib</file>
         <name>memset_t2.obj</name>
      </input_file>
      <input_file id="fl-ed">
         <path>F:\TM4\ccsv7\tools\compiler\ti-cgt-arm_16.9.0.LTS\lib\</path>
         <kind>archive</kind>
         <file>rtsv7M4_T_le_v4SPD16_eabi.lib</file>
         <name>mpu_init.obj</name>
      </input_file>
      <input_file id="fl-ee">
         <path>F:\TM4\ccsv7\tools\compiler\ti-cgt-arm_16.9.0.LTS\lib\</path>
         <kind>archive</kind>
         <file>rtsv7M4_T_le_v4SPD16_eabi.lib</file>
         <name>pre_init.obj</name>
      </input_file>
      <input_file id="fl-ef">
         <path>F:\TM4\ccsv7\tools\compiler\ti-cgt-arm_16.9.0.LTS\lib\</path>
         <kind>archive</kind>
         <file>rtsv7M4_T_le_v4SPD16_eabi.lib</file>
         <name>printf.obj</name>
      </input_file>
      <input_file id="fl-f0">
         <path>F:\TM4\ccsv7\tools\compiler\ti-cgt-arm_16.9.0.LTS\lib\</path>
         <kind>archive</kind>
         <file>rtsv7M4_T_le_v4SPD16_eabi.lib</file>
         <name>s_atan.obj</name>
      </input_file>
      <input_file id="fl-f1">
         <path>F:\TM4\ccsv7\tools\compiler\ti-cgt-arm_16.9.0.LTS\lib\</path>
         <kind>archive</kind>
         <file>rtsv7M4_T_le_v4SPD16_eabi.lib</file>
         <name>sprintf.obj</name>
      </input_file>
      <input_file id="fl-f2">
         <path>F:\TM4\ccsv7\tools\compiler\ti-cgt-arm_16.9.0.LTS\lib\</path>
         <kind>archive</kind>
         <file>rtsv7M4_T_le_v4SPD16_eabi.lib</file>
         <name>sscanf.obj</name>
      </input_file>
      <input_file id="fl-f3">
         <path>F:\TM4\ccsv7\tools\compiler\ti-cgt-arm_16.9.0.LTS\lib\</path>
         <kind>archive</kind>
         <file>rtsv7M4_T_le_v4SPD16_eabi.lib</file>
         <name>stkdepth_vars.obj</name>
      </input_file>
      <input_file id="fl-f4">
         <path>F:\TM4\ccsv7\tools\compiler\ti-cgt-arm_16.9.0.LTS\lib\</path>
         <kind>archive</kind>
         <file>rtsv7M4_T_le_v4SPD16_eabi.lib</file>
         <name>strcat.obj</name>
      </input_file>
      <input_file id="fl-f5">
         <path>F:\TM4\ccsv7\tools\compiler\ti-cgt-arm_16.9.0.LTS\lib\</path>
         <kind>archive</kind>
         <file>rtsv7M4_T_le_v4SPD16_eabi.lib</file>
         <name>strlen.obj</name>
      </input_file>
      <input_file id="fl-f6">
         <path>F:\TM4\ccsv7\tools\compiler\ti-cgt-arm_16.9.0.LTS\lib\</path>
         <kind>archive</kind>
         <file>rtsv7M4_T_le_v4SPD16_eabi.lib</file>
         <name>strtok.obj</name>
      </input_file>
      <input_file id="fl-f7">
         <path>F:\TM4\ccsv7\tools\compiler\ti-cgt-arm_16.9.0.LTS\lib\</path>
         <kind>archive</kind>
         <file>rtsv7M4_T_le_v4SPD16_eabi.lib</file>
         <name>u_divt2.obj</name>
      </input_file>
      <input_file id="fl-f8">
         <path>F:\TM4\ccsv7\tools\compiler\ti-cgt-arm_16.9.0.LTS\lib\</path>
         <kind>archive</kind>
         <file>rtsv7M4_T_le_v4SPD16_eabi.lib</file>
         <name>_lock.obj</name>
      </input_file>
      <input_file id="fl-f9">
         <path>F:\TM4\ccsv7\tools\compiler\ti-cgt-arm_16.9.0.LTS\lib\</path>
         <kind>archive</kind>
         <file>rtsv7M4_T_le_v4SPD16_eabi.lib</file>
         <name>_printfi.obj</name>
      </input_file>
      <input_file id="fl-fa">
         <path>F:\TM4\ccsv7\tools\compiler\ti-cgt-arm_16.9.0.LTS\lib\</path>
         <kind>archive</kind>
         <file>rtsv7M4_T_le_v4SPD16_eabi.lib</file>
         <name>_scanfi.obj</name>
      </input_file>
      <input_file id="fl-fb">
         <path>F:\TM4\ccsv7\tools\compiler\ti-cgt-arm_16.9.0.LTS\lib\</path>
         <kind>archive</kind>
         <file>rtsv7M4_T_le_v4SPD16_eabi.lib</file>
         <name>args_main.obj</name>
      </input_file>
      <input_file id="fl-fc">
         <path>F:\TM4\ccsv7\tools\compiler\ti-cgt-arm_16.9.0.LTS\lib\</path>
         <kind>archive</kind>
         <file>rtsv7M4_T_le_v4SPD16_eabi.lib</file>
         <name>atoi.obj</name>
      </input_file>
      <input_file id="fl-fd">
         <path>F:\TM4\ccsv7\tools\compiler\ti-cgt-arm_16.9.0.LTS\lib\</path>
         <kind>archive</kind>
         <file>rtsv7M4_T_le_v4SPD16_eabi.lib</file>
         <name>autoinit.obj</name>
      </input_file>
      <input_file id="fl-fe">
         <path>F:\TM4\ccsv7\tools\compiler\ti-cgt-arm_16.9.0.LTS\lib\</path>
         <kind>archive</kind>
         <file>rtsv7M4_T_le_v4SPD16_eabi.lib</file>
         <name>cpy_tbl.obj</name>
      </input_file>
      <input_file id="fl-ff">
         <path>F:\TM4\ccsv7\tools\compiler\ti-cgt-arm_16.9.0.LTS\lib\</path>
         <kind>archive</kind>
         <file>rtsv7M4_T_le_v4SPD16_eabi.lib</file>
         <name>ctype.obj</name>
      </input_file>
      <input_file id="fl-100">
         <path>F:\TM4\ccsv7\tools\compiler\ti-cgt-arm_16.9.0.LTS\lib\</path>
         <kind>archive</kind>
         <file>rtsv7M4_T_le_v4SPD16_eabi.lib</file>
         <name>defs.obj</name>
      </input_file>
      <input_file id="fl-101">
         <path>F:\TM4\ccsv7\tools\compiler\ti-cgt-arm_16.9.0.LTS\lib\</path>
         <kind>archive</kind>
         <file>rtsv7M4_T_le_v4SPD16_eabi.lib</file>
         <name>fd_cmp_t2.obj</name>
      </input_file>
      <input_file id="fl-102">
         <path>F:\TM4\ccsv7\tools\compiler\ti-cgt-arm_16.9.0.LTS\lib\</path>
         <kind>archive</kind>
         <file>rtsv7M4_T_le_v4SPD16_eabi.lib</file>
         <name>fputc.obj</name>
      </input_file>
      <input_file id="fl-103">
         <path>F:\TM4\ccsv7\tools\compiler\ti-cgt-arm_16.9.0.LTS\lib\</path>
         <kind>archive</kind>
         <file>rtsv7M4_T_le_v4SPD16_eabi.lib</file>
         <name>fputs.obj</name>
      </input_file>
      <input_file id="fl-104">
         <path>F:\TM4\ccsv7\tools\compiler\ti-cgt-arm_16.9.0.LTS\lib\</path>
         <kind>archive</kind>
         <file>rtsv7M4_T_le_v4SPD16_eabi.lib</file>
         <name>i_div0.obj</name>
      </input_file>
      <input_file id="fl-105">
         <path>F:\TM4\ccsv7\tools\compiler\ti-cgt-arm_16.9.0.LTS\lib\</path>
         <kind>archive</kind>
         <file>rtsv7M4_T_le_v4SPD16_eabi.lib</file>
         <name>l_div0.obj</name>
      </input_file>
      <input_file id="fl-106">
         <path>F:\TM4\ccsv7\tools\compiler\ti-cgt-arm_16.9.0.LTS\lib\</path>
         <kind>archive</kind>
         <file>rtsv7M4_T_le_v4SPD16_eabi.lib</file>
         <name>lowlev.obj</name>
      </input_file>
      <input_file id="fl-107">
         <path>F:\TM4\ccsv7\tools\compiler\ti-cgt-arm_16.9.0.LTS\lib\</path>
         <kind>archive</kind>
         <file>rtsv7M4_T_le_v4SPD16_eabi.lib</file>
         <name>ltoa.obj</name>
      </input_file>
      <input_file id="fl-108">
         <path>F:\TM4\ccsv7\tools\compiler\ti-cgt-arm_16.9.0.LTS\lib\</path>
         <kind>archive</kind>
         <file>rtsv7M4_T_le_v4SPD16_eabi.lib</file>
         <name>memccpy.obj</name>
      </input_file>
      <input_file id="fl-109">
         <path>F:\TM4\ccsv7\tools\compiler\ti-cgt-arm_16.9.0.LTS\lib\</path>
         <kind>archive</kind>
         <file>rtsv7M4_T_le_v4SPD16_eabi.lib</file>
         <name>memchr.obj</name>
      </input_file>
      <input_file id="fl-10a">
         <path>F:\TM4\ccsv7\tools\compiler\ti-cgt-arm_16.9.0.LTS\lib\</path>
         <kind>archive</kind>
         <file>rtsv7M4_T_le_v4SPD16_eabi.lib</file>
         <name>s_frexp.obj</name>
      </input_file>
      <input_file id="fl-10b">
         <path>F:\TM4\ccsv7\tools\compiler\ti-cgt-arm_16.9.0.LTS\lib\</path>
         <kind>archive</kind>
         <file>rtsv7M4_T_le_v4SPD16_eabi.lib</file>
         <name>s_scalbn.obj</name>
      </input_file>
      <input_file id="fl-10c">
         <path>F:\TM4\ccsv7\tools\compiler\ti-cgt-arm_16.9.0.LTS\lib\</path>
         <kind>archive</kind>
         <file>rtsv7M4_T_le_v4SPD16_eabi.lib</file>
         <name>startup.obj</name>
      </input_file>
      <input_file id="fl-10d">
         <path>F:\TM4\ccsv7\tools\compiler\ti-cgt-arm_16.9.0.LTS\lib\</path>
         <kind>archive</kind>
         <file>rtsv7M4_T_le_v4SPD16_eabi.lib</file>
         <name>strchr.obj</name>
      </input_file>
      <input_file id="fl-10e">
         <path>F:\TM4\ccsv7\tools\compiler\ti-cgt-arm_16.9.0.LTS\lib\</path>
         <kind>archive</kind>
         <file>rtsv7M4_T_le_v4SPD16_eabi.lib</file>
         <name>strcmp.obj</name>
      </input_file>
      <input_file id="fl-10f">
         <path>F:\TM4\ccsv7\tools\compiler\ti-cgt-arm_16.9.0.LTS\lib\</path>
         <kind>archive</kind>
         <file>rtsv7M4_T_le_v4SPD16_eabi.lib</file>
         <name>strcpy.obj</name>
      </input_file>
      <input_file id="fl-110">
         <path>F:\TM4\ccsv7\tools\compiler\ti-cgt-arm_16.9.0.LTS\lib\</path>
         <kind>archive</kind>
         <file>rtsv7M4_T_le_v4SPD16_eabi.lib</file>
         <name>strcspn.obj</name>
      </input_file>
      <input_file id="fl-111">
         <path>F:\TM4\ccsv7\tools\compiler\ti-cgt-arm_16.9.0.LTS\lib\</path>
         <kind>archive</kind>
         <file>rtsv7M4_T_le_v4SPD16_eabi.lib</file>
         <name>strncpy.obj</name>
      </input_file>
      <input_file id="fl-112">
         <path>F:\TM4\ccsv7\tools\compiler\ti-cgt-arm_16.9.0.LTS\lib\</path>
         <kind>archive</kind>
         <file>rtsv7M4_T_le_v4SPD16_eabi.lib</file>
         <name>strrchr.obj</name>
      </input_file>
      <input_file id="fl-113">
         <path>F:\TM4\ccsv7\tools\compiler\ti-cgt-arm_16.9.0.LTS\lib\</path>
         <kind>archive</kind>
         <file>rtsv7M4_T_le_v4SPD16_eabi.lib</file>
         <name>strspn.obj</name>
      </input_file>
      <input_file id="fl-114">
         <path>F:\TM4\ccsv7\tools\compiler\ti-cgt-arm_16.9.0.LTS\lib\</path>
         <kind>archive</kind>
         <file>rtsv7M4_T_le_v4SPD16_eabi.lib</file>
         <name>strtod.obj</name>
      </input_file>
      <input_file id="fl-115">
         <path>F:\TM4\ccsv7\tools\compiler\ti-cgt-arm_16.9.0.LTS\lib\</path>
         <kind>archive</kind>
         <file>rtsv7M4_T_le_v4SPD16_eabi.lib</file>
         <name>strtol.obj</name>
      </input_file>
      <input_file id="fl-116">
         <path>F:\TM4\ccsv7\tools\compiler\ti-cgt-arm_16.9.0.LTS\lib\</path>
         <kind>archive</kind>
         <file>rtsv7M4_T_le_v4SPD16_eabi.lib</file>
         <name>strtoll.obj</name>
      </input_file>
      <input_file id="fl-117">
         <path>F:\TM4\ccsv7\tools\compiler\ti-cgt-arm_16.9.0.LTS\lib\</path>
         <kind>archive</kind>
         <file>rtsv7M4_T_le_v4SPD16_eabi.lib</file>
         <name>strtoul.obj</name>
      </input_file>
      <input_file id="fl-118">
         <path>F:\TM4\ccsv7\tools\compiler\ti-cgt-arm_16.9.0.LTS\lib\</path>
         <kind>archive</kind>
         <file>rtsv7M4_T_le_v4SPD16_eabi.lib</file>
         <name>strtoull.obj</name>
      </input_file>
      <input_file id="fl-119">
         <path>F:\TM4\ccsv7\tools\compiler\ti-cgt-arm_16.9.0.LTS\lib\</path>
         <kind>archive</kind>
         <file>rtsv7M4_T_le_v4SPD16_eabi.lib</file>
         <name>trgdrv.obj</name>
      </input_file>
      <input_file id="fl-11a">
         <path>F:\TM4\ccsv7\tools\compiler\ti-cgt-arm_16.9.0.LTS\lib\</path>
         <kind>archive</kind>
         <file>rtsv7M4_T_le_v4SPD16_eabi.lib</file>
         <name>trgmsg.obj</name>
      </input_file>
      <input_file id="fl-11b">
         <path>F:\TM4\ccsv7\tools\compiler\ti-cgt-arm_16.9.0.LTS\lib\</path>
         <kind>archive</kind>
         <file>rtsv7M4_T_le_v4SPD16_eabi.lib</file>
         <name>ull_div_t2.obj</name>
      </input_file>
      <input_file id="fl-11c">
         <path>F:\TM4\ccsv7\tools\compiler\ti-cgt-arm_16.9.0.LTS\lib\</path>
         <kind>archive</kind>
         <file>rtsv7M4_T_le_v4SPD16_eabi.lib</file>
         <name>_io_perm.obj</name>
      </input_file>
      <input_file id="fl-11d">
         <path>F:\TM4\ccsv7\tools\compiler\ti-cgt-arm_16.9.0.LTS\lib\</path>
         <kind>archive</kind>
         <file>rtsv7M4_T_le_v4SPD16_eabi.lib</file>
         <name>errno.obj</name>
      </input_file>
      <input_file id="fl-11e">
         <path>F:\TM4\ccsv7\tools\compiler\ti-cgt-arm_16.9.0.LTS\lib\</path>
         <kind>archive</kind>
         <file>rtsv7M4_T_le_v4SPD16_eabi.lib</file>
         <name>fflush.obj</name>
      </input_file>
      <input_file id="fl-11f">
         <path>F:\TM4\ccsv7\tools\compiler\ti-cgt-arm_16.9.0.LTS\lib\</path>
         <kind>archive</kind>
         <file>rtsv7M4_T_le_v4SPD16_eabi.lib</file>
         <name>fseek.obj</name>
      </input_file>
      <input_file id="fl-120">
         <path>F:\TM4\ccsv7\tools\compiler\ti-cgt-arm_16.9.0.LTS\lib\</path>
         <kind>archive</kind>
         <file>rtsv7M4_T_le_v4SPD16_eabi.lib</file>
         <name>s_copysign.obj</name>
      </input_file>
      <input_file id="fl-121">
         <path>F:\TM4\ccsv7\tools\compiler\ti-cgt-arm_16.9.0.LTS\lib\</path>
         <kind>archive</kind>
         <file>rtsv7M4_T_le_v4SPD16_eabi.lib</file>
         <name>setvbuf.obj</name>
      </input_file>
      <input_file id="fl-122">
         <path>F:\TM4\ccsv7\tools\compiler\ti-cgt-arm_16.9.0.LTS\lib\</path>
         <kind>archive</kind>
         <file>rtsv7M4_T_le_v4SPD16_eabi.lib</file>
         <name>fopen.obj</name>
      </input_file>
      <input_file id="fl-123">
         <path>F:\TM4\ccsv7\tools\compiler\ti-cgt-arm_16.9.0.LTS\lib\</path>
         <kind>archive</kind>
         <file>rtsv7M4_T_le_v4SPD16_eabi.lib</file>
         <name>memory.obj</name>
      </input_file>
      <input_file id="fl-124">
         <path>F:\TM4\ccsv7\tools\compiler\ti-cgt-arm_16.9.0.LTS\lib\</path>
         <kind>archive</kind>
         <file>rtsv7M4_T_le_v4SPD16_eabi.lib</file>
         <name>fclose.obj</name>
      </input_file>
      <input_file id="fl-125">
         <path>F:\TM4\ccsv7\tools\compiler\ti-cgt-arm_16.9.0.LTS\lib\</path>
         <kind>archive</kind>
         <file>rtsv7M4_T_le_v4SPD16_eabi.lib</file>
         <name>remove.obj</name>
      </input_file>
   </input_file_list>
   <object_component_list>
      <object_component id="oc-f">
         <name>.intvecs</name>
         <load_address>0x0</load_address>
         <run_address>0x0</run_address>
         <size>0x26c</size>
         <input_file_ref idref="fl-5"/>
      </object_component>
      <object_component id="oc-119">
         <name>.text</name>
         <load_address>0x26c</load_address>
         <run_address>0x26c</run_address>
         <size>0x29d0</size>
         <input_file_ref idref="fl-d"/>
      </object_component>
      <object_component id="oc-22f">
         <name>.text</name>
         <load_address>0x2c3c</load_address>
         <run_address>0x2c3c</run_address>
         <size>0x113a</size>
         <input_file_ref idref="fl-f9"/>
      </object_component>
      <object_component id="oc-4e1">
         <name>.text</name>
         <load_address>0x3d76</load_address>
         <run_address>0x3d76</run_address>
         <size>0x2</size>
         <input_file_ref idref="fl-104"/>
      </object_component>
      <object_component id="oc-254">
         <name>.text</name>
         <load_address>0x3d78</load_address>
         <run_address>0x3d78</run_address>
         <size>0x1088</size>
         <input_file_ref idref="fl-e"/>
      </object_component>
      <object_component id="oc-23c">
         <name>.text</name>
         <load_address>0x4e00</load_address>
         <run_address>0x4e00</run_address>
         <size>0xa94</size>
         <input_file_ref idref="fl-b"/>
      </object_component>
      <object_component id="oc-107">
         <name>.text</name>
         <load_address>0x5894</load_address>
         <run_address>0x5894</run_address>
         <size>0x8a4</size>
         <input_file_ref idref="fl-13"/>
      </object_component>
      <object_component id="oc-313">
         <name>.text</name>
         <load_address>0x6138</load_address>
         <run_address>0x6138</run_address>
         <size>0x898</size>
         <input_file_ref idref="fl-fa"/>
      </object_component>
      <object_component id="oc-101">
         <name>.text</name>
         <load_address>0x69d0</load_address>
         <run_address>0x69d0</run_address>
         <size>0x7e8</size>
         <input_file_ref idref="fl-8"/>
      </object_component>
      <object_component id="oc-fb">
         <name>.text</name>
         <load_address>0x71b8</load_address>
         <run_address>0x71b8</run_address>
         <size>0x50c</size>
         <input_file_ref idref="fl-9"/>
      </object_component>
      <object_component id="oc-1ef">
         <name>.text</name>
         <load_address>0x76c4</load_address>
         <run_address>0x76c4</run_address>
         <size>0x49c</size>
         <input_file_ref idref="fl-6"/>
      </object_component>
      <object_component id="oc-619">
         <name>.text</name>
         <load_address>0x7b60</load_address>
         <run_address>0x7b60</run_address>
         <size>0x3d0</size>
         <input_file_ref idref="fl-123"/>
      </object_component>
      <object_component id="oc-636">
         <name>.text</name>
         <load_address>0x7f30</load_address>
         <run_address>0x7f30</run_address>
         <size>0x324</size>
         <input_file_ref idref="fl-119"/>
      </object_component>
      <object_component id="oc-186">
         <name>.text</name>
         <load_address>0x8254</load_address>
         <run_address>0x8254</run_address>
         <size>0x31c</size>
         <input_file_ref idref="fl-10"/>
      </object_component>
      <object_component id="oc-545">
         <name>.text</name>
         <load_address>0x8570</load_address>
         <run_address>0x8570</run_address>
         <size>0x30c</size>
         <input_file_ref idref="fl-106"/>
      </object_component>
      <object_component id="oc-44a">
         <name>.text</name>
         <load_address>0x887c</load_address>
         <run_address>0x887c</run_address>
         <size>0x2ec</size>
         <input_file_ref idref="fl-f0"/>
      </object_component>
      <object_component id="oc-2bf">
         <name>.text</name>
         <load_address>0x8b68</load_address>
         <run_address>0x8b68</run_address>
         <size>0x24c</size>
         <input_file_ref idref="fl-2"/>
      </object_component>
      <object_component id="oc-4ae">
         <name>.text</name>
         <load_address>0x8db4</load_address>
         <run_address>0x8db4</run_address>
         <size>0x23c</size>
         <input_file_ref idref="fl-114"/>
      </object_component>
      <object_component id="oc-1d4">
         <name>.text</name>
         <load_address>0x8ff0</load_address>
         <run_address>0x8ff0</run_address>
         <size>0x21e</size>
         <input_file_ref idref="fl-e7"/>
      </object_component>
      <object_component id="oc-321">
         <name>.text</name>
         <load_address>0x920e</load_address>
         <run_address>0x920e</run_address>
         <size>0x2</size>
         <input_file_ref idref="fl-105"/>
      </object_component>
      <object_component id="oc-ae">
         <name>.text</name>
         <load_address>0x9210</load_address>
         <run_address>0x9210</run_address>
         <size>0x1f4</size>
         <input_file_ref idref="fl-3"/>
      </object_component>
      <object_component id="oc-36d">
         <name>.text</name>
         <load_address>0x9404</load_address>
         <run_address>0x9404</run_address>
         <size>0x1f4</size>
         <input_file_ref idref="fl-11b"/>
      </object_component>
      <object_component id="oc-25a">
         <name>.text</name>
         <load_address>0x95f8</load_address>
         <run_address>0x95f8</run_address>
         <size>0x1ec</size>
         <input_file_ref idref="fl-dd"/>
      </object_component>
      <object_component id="oc-4ba">
         <name>.text</name>
         <load_address>0x97e4</load_address>
         <run_address>0x97e4</run_address>
         <size>0x1dc</size>
         <input_file_ref idref="fl-116"/>
      </object_component>
      <object_component id="oc-61f">
         <name>.text</name>
         <load_address>0x99c0</load_address>
         <run_address>0x99c0</run_address>
         <size>0x1c4</size>
         <input_file_ref idref="fl-122"/>
      </object_component>
      <object_component id="oc-1b0">
         <name>.text</name>
         <load_address>0x9b84</load_address>
         <run_address>0x9b84</run_address>
         <size>0x1b6</size>
         <input_file_ref idref="fl-df"/>
      </object_component>
      <object_component id="oc-5a">
         <name>.text</name>
         <load_address>0x9d3a</load_address>
         <run_address>0x9d3a</run_address>
         <size>0x2</size>
         <input_file_ref idref="fl-ed"/>
      </object_component>
      <object_component id="oc-4a8">
         <name>.text</name>
         <load_address>0x9d3c</load_address>
         <run_address>0x9d3c</run_address>
         <size>0x15c</size>
         <input_file_ref idref="fl-118"/>
      </object_component>
      <object_component id="oc-37d">
         <name>.text</name>
         <load_address>0x9e98</load_address>
         <run_address>0x9e98</run_address>
         <size>0x136</size>
         <input_file_ref idref="fl-e0"/>
      </object_component>
      <object_component id="oc-a6">
         <name>.text</name>
         <load_address>0x9fce</load_address>
         <run_address>0x9fce</run_address>
         <size>0x2</size>
         <input_file_ref idref="fl-10c"/>
      </object_component>
      <object_component id="oc-403">
         <name>.text</name>
         <load_address>0x9fd0</load_address>
         <run_address>0x9fd0</run_address>
         <size>0x134</size>
         <input_file_ref idref="fl-103"/>
      </object_component>
      <object_component id="oc-4b4">
         <name>.text</name>
         <load_address>0xa104</load_address>
         <run_address>0xa104</run_address>
         <size>0x134</size>
         <input_file_ref idref="fl-115"/>
      </object_component>
      <object_component id="oc-286">
         <name>.text:GPIOPadConfigSet</name>
         <load_address>0xa238</load_address>
         <run_address>0xa238</run_address>
         <size>0x132</size>
         <input_file_ref idref="fl-1c"/>
      </object_component>
      <object_component id="oc-179">
         <name>.text</name>
         <load_address>0xa36c</load_address>
         <run_address>0xa36c</run_address>
         <size>0x130</size>
         <input_file_ref idref="fl-11"/>
      </object_component>
      <object_component id="oc-4a2">
         <name>.text</name>
         <load_address>0xa49c</load_address>
         <run_address>0xa49c</run_address>
         <size>0x114</size>
         <input_file_ref idref="fl-117"/>
      </object_component>
      <object_component id="oc-17f">
         <name>.text:SysCtlClockGet</name>
         <load_address>0xa5b0</load_address>
         <run_address>0xa5b0</run_address>
         <size>0x110</size>
         <input_file_ref idref="fl-20"/>
      </object_component>
      <object_component id="oc-1ab">
         <name>.text</name>
         <load_address>0xa6c0</load_address>
         <run_address>0xa6c0</run_address>
         <size>0xfc</size>
         <input_file_ref idref="fl-e1"/>
      </object_component>
      <object_component id="oc-398">
         <name>.text</name>
         <load_address>0xa7bc</load_address>
         <run_address>0xa7bc</run_address>
         <size>0xfc</size>
         <input_file_ref idref="fl-10b"/>
      </object_component>
      <object_component id="oc-e3">
         <name>.text:SysCtlClockSet</name>
         <load_address>0xa8b8</load_address>
         <run_address>0xa8b8</run_address>
         <size>0xf4</size>
         <input_file_ref idref="fl-20"/>
      </object_component>
      <object_component id="oc-5d3">
         <name>.text</name>
         <load_address>0xa9ac</load_address>
         <run_address>0xa9ac</run_address>
         <size>0xdc</size>
         <input_file_ref idref="fl-121"/>
      </object_component>
      <object_component id="oc-1c0">
         <name>.text</name>
         <load_address>0xaa88</load_address>
         <run_address>0xaa88</run_address>
         <size>0xcc</size>
         <input_file_ref idref="fl-f2"/>
      </object_component>
      <object_component id="oc-53f">
         <name>.text</name>
         <load_address>0xab54</load_address>
         <run_address>0xab54</run_address>
         <size>0xc8</size>
         <input_file_ref idref="fl-11e"/>
      </object_component>
      <object_component id="oc-539">
         <name>.text</name>
         <load_address>0xac1c</load_address>
         <run_address>0xac1c</run_address>
         <size>0xac</size>
         <input_file_ref idref="fl-11c"/>
      </object_component>
      <object_component id="oc-42">
         <name>.text</name>
         <load_address>0xacc8</load_address>
         <run_address>0xacc8</run_address>
         <size>0x9c</size>
         <input_file_ref idref="fl-eb"/>
      </object_component>
      <object_component id="oc-64f">
         <name>.text</name>
         <load_address>0xad64</load_address>
         <run_address>0xad64</run_address>
         <size>0x98</size>
         <input_file_ref idref="fl-124"/>
      </object_component>
      <object_component id="oc-3fd">
         <name>.text</name>
         <load_address>0xadfc</load_address>
         <run_address>0xadfc</run_address>
         <size>0x98</size>
         <input_file_ref idref="fl-102"/>
      </object_component>
      <object_component id="oc-f5">
         <name>.text</name>
         <load_address>0xae94</load_address>
         <run_address>0xae94</run_address>
         <size>0x94</size>
         <input_file_ref idref="fl-14"/>
      </object_component>
      <object_component id="oc-378">
         <name>.text:__aeabi_cdcmple</name>
         <load_address>0xaf28</load_address>
         <run_address>0xaf28</run_address>
         <size>0x86</size>
         <input_file_ref idref="fl-101"/>
      </object_component>
      <object_component id="oc-382">
         <name>.text:__aeabi_cdrcmple</name>
         <load_address>0xafae</load_address>
         <run_address>0xafae</run_address>
         <size>0x86</size>
         <input_file_ref idref="fl-101"/>
      </object_component>
      <object_component id="oc-4e">
         <name>.text</name>
         <load_address>0xb034</load_address>
         <run_address>0xb034</run_address>
         <size>0x7a</size>
         <input_file_ref idref="fl-ec"/>
      </object_component>
      <object_component id="oc-66">
         <name>.text</name>
         <load_address>0xb0b0</load_address>
         <run_address>0xb0b0</run_address>
         <size>0x70</size>
         <input_file_ref idref="fl-fd"/>
      </object_component>
      <object_component id="oc-242">
         <name>.text</name>
         <load_address>0xb120</load_address>
         <run_address>0xb120</run_address>
         <size>0x70</size>
         <input_file_ref idref="fl-ef"/>
      </object_component>
      <object_component id="oc-260">
         <name>.text</name>
         <load_address>0xb190</load_address>
         <run_address>0xb190</run_address>
         <size>0x6e</size>
         <input_file_ref idref="fl-e3"/>
      </object_component>
      <object_component id="oc-1d9">
         <name>.text</name>
         <load_address>0xb1fe</load_address>
         <run_address>0xb1fe</run_address>
         <size>0x6c</size>
         <input_file_ref idref="fl-e5"/>
      </object_component>
      <object_component id="oc-2a7">
         <name>.text:IntEnable</name>
         <load_address>0xb26c</load_address>
         <run_address>0xb26c</run_address>
         <size>0x68</size>
         <input_file_ref idref="fl-1e"/>
      </object_component>
      <object_component id="oc-12">
         <name>.text:decompress:lzss</name>
         <load_address>0xb2d4</load_address>
         <run_address>0xb2d4</run_address>
         <size>0x68</size>
         <input_file_ref idref="fl-da"/>
      </object_component>
      <object_component id="oc-65e">
         <name>.text</name>
         <load_address>0xb33c</load_address>
         <run_address>0xb33c</run_address>
         <size>0x68</size>
         <input_file_ref idref="fl-11a"/>
      </object_component>
      <object_component id="oc-5cd">
         <name>.text</name>
         <load_address>0xb3a4</load_address>
         <run_address>0xb3a4</run_address>
         <size>0x64</size>
         <input_file_ref idref="fl-11f"/>
      </object_component>
      <object_component id="oc-392">
         <name>.text</name>
         <load_address>0xb408</load_address>
         <run_address>0xb408</run_address>
         <size>0x64</size>
         <input_file_ref idref="fl-10a"/>
      </object_component>
      <object_component id="oc-295">
         <name>.text:TimerConfigure</name>
         <load_address>0xb46c</load_address>
         <run_address>0xb46c</run_address>
         <size>0x60</size>
         <input_file_ref idref="fl-21"/>
      </object_component>
      <object_component id="oc-113">
         <name>.text</name>
         <load_address>0xb4cc</load_address>
         <run_address>0xb4cc</run_address>
         <size>0x60</size>
         <input_file_ref idref="fl-f1"/>
      </object_component>
      <object_component id="oc-387">
         <name>.text</name>
         <load_address>0xb52c</load_address>
         <run_address>0xb52c</run_address>
         <size>0x56</size>
         <input_file_ref idref="fl-107"/>
      </object_component>
      <object_component id="oc-24">
         <name>.text</name>
         <load_address>0xb584</load_address>
         <run_address>0xb584</run_address>
         <size>0x54</size>
         <input_file_ref idref="fl-d9"/>
      </object_component>
      <object_component id="oc-72">
         <name>.text</name>
         <load_address>0xb5d8</load_address>
         <run_address>0xb5d8</run_address>
         <size>0x54</size>
         <input_file_ref idref="fl-de"/>
      </object_component>
      <object_component id="oc-10d">
         <name>.text</name>
         <load_address>0xb62c</load_address>
         <run_address>0xb62c</run_address>
         <size>0x50</size>
         <input_file_ref idref="fl-f"/>
      </object_component>
      <object_component id="oc-3ef">
         <name>.text:I2CMasterInitExpClk</name>
         <load_address>0xb67c</load_address>
         <run_address>0xb67c</run_address>
         <size>0x4c</size>
         <input_file_ref idref="fl-1d"/>
      </object_component>
      <object_component id="oc-465">
         <name>.text:_TimerIntNumberGet</name>
         <load_address>0xb6c8</load_address>
         <run_address>0xb6c8</run_address>
         <size>0x4c</size>
         <input_file_ref idref="fl-21"/>
      </object_component>
      <object_component id="oc-3a4">
         <name>.text</name>
         <load_address>0xb714</load_address>
         <run_address>0xb714</run_address>
         <size>0x4c</size>
         <input_file_ref idref="fl-fc"/>
      </object_component>
      <object_component id="oc-a0">
         <name>.text</name>
         <load_address>0xb760</load_address>
         <run_address>0xb760</run_address>
         <size>0x4c</size>
         <input_file_ref idref="fl-fe"/>
      </object_component>
      <object_component id="oc-1e3">
         <name>.text:GPIOPinConfigure</name>
         <load_address>0xb7ac</load_address>
         <run_address>0xb7ac</run_address>
         <size>0x48</size>
         <input_file_ref idref="fl-1c"/>
      </object_component>
      <object_component id="oc-1b5">
         <name>.text</name>
         <load_address>0xb7f4</load_address>
         <run_address>0xb7f4</run_address>
         <size>0x48</size>
         <input_file_ref idref="fl-e2"/>
      </object_component>
      <object_component id="oc-1de">
         <name>.text</name>
         <load_address>0xb83c</load_address>
         <run_address>0xb83c</run_address>
         <size>0x48</size>
         <input_file_ref idref="fl-e9"/>
      </object_component>
      <object_component id="oc-20d">
         <name>.text:UARTConfigSetExpClk</name>
         <load_address>0xb884</load_address>
         <run_address>0xb884</run_address>
         <size>0x46</size>
         <input_file_ref idref="fl-22"/>
      </object_component>
      <object_component id="oc-353">
         <name>.text:_UARTIntNumberGet</name>
         <load_address>0xb8cc</load_address>
         <run_address>0xb8cc</run_address>
         <size>0x40</size>
         <input_file_ref idref="fl-22"/>
      </object_component>
      <object_component id="oc-1ba">
         <name>.text</name>
         <load_address>0xb90c</load_address>
         <run_address>0xb90c</run_address>
         <size>0x40</size>
         <input_file_ref idref="fl-f6"/>
      </object_component>
      <object_component id="oc-344">
         <name>.text</name>
         <load_address>0xb94c</load_address>
         <run_address>0xb94c</run_address>
         <size>0x40</size>
         <input_file_ref idref="fl-f7"/>
      </object_component>
      <object_component id="oc-32f">
         <name>.text:SysCtlPeripheralPresent</name>
         <load_address>0xb98c</load_address>
         <run_address>0xb98c</run_address>
         <size>0x38</size>
         <input_file_ref idref="fl-20"/>
      </object_component>
      <object_component id="oc-167">
         <name>.text:SysCtlPeripheralReady</name>
         <load_address>0xb9c4</load_address>
         <run_address>0xb9c4</run_address>
         <size>0x38</size>
         <input_file_ref idref="fl-20"/>
      </object_component>
      <object_component id="oc-1a6">
         <name>.text</name>
         <load_address>0xb9fc</load_address>
         <run_address>0xb9fc</run_address>
         <size>0x38</size>
         <input_file_ref idref="fl-e4"/>
      </object_component>
      <object_component id="oc-5e6">
         <name>.text</name>
         <load_address>0xba34</load_address>
         <run_address>0xba34</run_address>
         <size>0x36</size>
         <input_file_ref idref="fl-111"/>
      </object_component>
      <object_component id="oc-359">
         <name>.text:IntRegister</name>
         <load_address>0xba6c</load_address>
         <run_address>0xba6c</run_address>
         <size>0x34</size>
         <input_file_ref idref="fl-1e"/>
      </object_component>
      <object_component id="oc-161">
         <name>.text:SysCtlPeripheralEnable</name>
         <load_address>0xbaa0</load_address>
         <run_address>0xbaa0</run_address>
         <size>0x34</size>
         <input_file_ref idref="fl-20"/>
      </object_component>
      <object_component id="oc-38d">
         <name>.text</name>
         <load_address>0xbad4</load_address>
         <run_address>0xbad4</run_address>
         <size>0x2e</size>
         <input_file_ref idref="fl-e6"/>
      </object_component>
      <object_component id="oc-28c">
         <name>.text:GPIODirModeSet</name>
         <load_address>0xbb02</load_address>
         <run_address>0xbb02</run_address>
         <size>0x2a</size>
         <input_file_ref idref="fl-1c"/>
      </object_component>
      <object_component id="oc-302">
         <name>.text</name>
         <load_address>0xbb2c</load_address>
         <run_address>0xbb2c</run_address>
         <size>0x2a</size>
         <input_file_ref idref="fl-113"/>
      </object_component>
      <object_component id="oc-1f5">
         <name>.text:IntPrioritySet</name>
         <load_address>0xbb58</load_address>
         <run_address>0xbb58</run_address>
         <size>0x24</size>
         <input_file_ref idref="fl-1e"/>
      </object_component>
      <object_component id="oc-24e">
         <name>.text</name>
         <load_address>0xbb7c</load_address>
         <run_address>0xbb7c</run_address>
         <size>0x24</size>
         <input_file_ref idref="fl-ea"/>
      </object_component>
      <object_component id="oc-308">
         <name>.text</name>
         <load_address>0xbba0</load_address>
         <run_address>0xbba0</run_address>
         <size>0x24</size>
         <input_file_ref idref="fl-110"/>
      </object_component>
      <object_component id="oc-2d6">
         <name>.text:PWMGenConfigure</name>
         <load_address>0xbbc4</load_address>
         <run_address>0xbbc4</run_address>
         <size>0x22</size>
         <input_file_ref idref="fl-1f"/>
      </object_component>
      <object_component id="oc-362">
         <name>.text:UARTDisable</name>
         <load_address>0xbbe8</load_address>
         <run_address>0xbbe8</run_address>
         <size>0x20</size>
         <input_file_ref idref="fl-22"/>
      </object_component>
      <object_component id="oc-54d">
         <name>.text</name>
         <load_address>0xbc08</load_address>
         <run_address>0xbc08</run_address>
         <size>0x20</size>
         <input_file_ref idref="fl-109"/>
      </object_component>
      <object_component id="oc-19b">
         <name>.text:PWMPulseWidthSet</name>
         <load_address>0xbc28</load_address>
         <run_address>0xbc28</run_address>
         <size>0x1e</size>
         <input_file_ref idref="fl-1f"/>
      </object_component>
      <object_component id="oc-3aa">
         <name>.text</name>
         <load_address>0xbc46</load_address>
         <run_address>0xbc46</run_address>
         <size>0x1c</size>
         <input_file_ref idref="fl-108"/>
      </object_component>
      <object_component id="oc-16d">
         <name>.text:GPIOPinTypeGPIOOutput</name>
         <load_address>0xbc62</load_address>
         <run_address>0xbc62</run_address>
         <size>0x18</size>
         <input_file_ref idref="fl-1c"/>
      </object_component>
      <object_component id="oc-2a1">
         <name>.text:TimerIntRegister</name>
         <load_address>0xbc7a</load_address>
         <run_address>0xbc7a</run_address>
         <size>0x18</size>
         <input_file_ref idref="fl-21"/>
      </object_component>
      <object_component id="oc-1fb">
         <name>.text:UARTIntRegister</name>
         <load_address>0xbc92</load_address>
         <run_address>0xbc92</run_address>
         <size>0x18</size>
         <input_file_ref idref="fl-22"/>
      </object_component>
      <object_component id="oc-6c">
         <name>.text</name>
         <load_address>0xbcac</load_address>
         <run_address>0xbcac</run_address>
         <size>0x18</size>
         <input_file_ref idref="fl-fb"/>
      </object_component>
      <object_component id="oc-431">
         <name>.text</name>
         <load_address>0xbcc4</load_address>
         <run_address>0xbcc4</run_address>
         <size>0x18</size>
         <input_file_ref idref="fl-e8"/>
      </object_component>
      <object_component id="oc-5e0">
         <name>.text</name>
         <load_address>0xbcdc</load_address>
         <run_address>0xbcdc</run_address>
         <size>0x18</size>
         <input_file_ref idref="fl-10e"/>
      </object_component>
      <object_component id="oc-49c">
         <name>.text</name>
         <load_address>0xbcf4</load_address>
         <run_address>0xbcf4</run_address>
         <size>0x18</size>
         <input_file_ref idref="fl-112"/>
      </object_component>
      <object_component id="oc-3f5">
         <name>.text:I2CMasterErr</name>
         <load_address>0xbd0c</load_address>
         <run_address>0xbd0c</run_address>
         <size>0x16</size>
         <input_file_ref idref="fl-1d"/>
      </object_component>
      <object_component id="oc-2b9">
         <name>.text:TimerControlEvent</name>
         <load_address>0xbd22</load_address>
         <run_address>0xbd22</run_address>
         <size>0x16</size>
         <input_file_ref idref="fl-21"/>
      </object_component>
      <object_component id="oc-39e">
         <name>.text</name>
         <load_address>0xbd38</load_address>
         <run_address>0xbd38</run_address>
         <size>0x16</size>
         <input_file_ref idref="fl-10d"/>
      </object_component>
      <object_component id="oc-2ca">
         <name>.text:SysCtlPWMClockSet</name>
         <load_address>0xbd50</load_address>
         <run_address>0xbd50</run_address>
         <size>0x14</size>
         <input_file_ref idref="fl-20"/>
      </object_component>
      <object_component id="oc-335">
         <name>.text:UARTEnable</name>
         <load_address>0xbd64</load_address>
         <run_address>0xbd64</run_address>
         <size>0x14</size>
         <input_file_ref idref="fl-22"/>
      </object_component>
      <object_component id="oc-144">
         <name>.text</name>
         <load_address>0xbd78</load_address>
         <run_address>0xbd78</run_address>
         <size>0x14</size>
         <input_file_ref idref="fl-f8"/>
      </object_component>
      <object_component id="oc-50d">
         <name>.text</name>
         <load_address>0xbd8c</load_address>
         <run_address>0xbd8c</run_address>
         <size>0x14</size>
         <input_file_ref idref="fl-120"/>
      </object_component>
      <object_component id="oc-4c0">
         <name>.text</name>
         <load_address>0xbda0</load_address>
         <run_address>0xbda0</run_address>
         <size>0x14</size>
         <input_file_ref idref="fl-10f"/>
      </object_component>
      <object_component id="oc-372">
         <name>.text</name>
         <load_address>0xbdb4</load_address>
         <run_address>0xbdb4</run_address>
         <size>0x14</size>
         <input_file_ref idref="fl-f5"/>
      </object_component>
      <object_component id="oc-3e9">
         <name>.text:GPIOPinTypeI2C</name>
         <load_address>0xbdc8</load_address>
         <run_address>0xbdc8</run_address>
         <size>0x12</size>
         <input_file_ref idref="fl-1c"/>
      </object_component>
      <object_component id="oc-3e3">
         <name>.text:GPIOPinTypeI2CSCL</name>
         <load_address>0xbdda</load_address>
         <run_address>0xbdda</run_address>
         <size>0x12</size>
         <input_file_ref idref="fl-1c"/>
      </object_component>
      <object_component id="oc-2d0">
         <name>.text:GPIOPinTypePWM</name>
         <load_address>0xbdec</load_address>
         <run_address>0xbdec</run_address>
         <size>0x12</size>
         <input_file_ref idref="fl-1c"/>
      </object_component>
      <object_component id="oc-2b3">
         <name>.text:GPIOPinTypeTimer</name>
         <load_address>0xbdfe</load_address>
         <run_address>0xbdfe</run_address>
         <size>0x12</size>
         <input_file_ref idref="fl-1c"/>
      </object_component>
      <object_component id="oc-1e9">
         <name>.text:GPIOPinTypeUART</name>
         <load_address>0xbe10</load_address>
         <run_address>0xbe10</run_address>
         <size>0x12</size>
         <input_file_ref idref="fl-1c"/>
      </object_component>
      <object_component id="oc-195">
         <name>.text:PWMGenPeriodGet</name>
         <load_address>0xbe22</load_address>
         <run_address>0xbe22</run_address>
         <size>0x12</size>
         <input_file_ref idref="fl-1f"/>
      </object_component>
      <object_component id="oc-18c">
         <name>.text:PWMOutputState</name>
         <load_address>0xbe34</load_address>
         <run_address>0xbe34</run_address>
         <size>0x12</size>
         <input_file_ref idref="fl-1f"/>
      </object_component>
      <object_component id="oc-29b">
         <name>.text:TimerLoadSet</name>
         <load_address>0xbe46</load_address>
         <run_address>0xbe46</run_address>
         <size>0x12</size>
         <input_file_ref idref="fl-21"/>
      </object_component>
      <object_component id="oc-ef">
         <name>.text:FPUEnable</name>
         <load_address>0xbe58</load_address>
         <run_address>0xbe58</run_address>
         <size>0x10</size>
         <input_file_ref idref="fl-1b"/>
      </object_component>
      <object_component id="oc-e9">
         <name>.text:FPULazyStackingEnable</name>
         <load_address>0xbe68</load_address>
         <run_address>0xbe68</run_address>
         <size>0x10</size>
         <input_file_ref idref="fl-1b"/>
      </object_component>
      <object_component id="oc-12b">
         <name>.text:IntMasterEnable</name>
         <load_address>0xbe78</load_address>
         <run_address>0xbe78</run_address>
         <size>0x10</size>
         <input_file_ref idref="fl-1e"/>
      </object_component>
      <object_component id="oc-2dc">
         <name>.text:PWMGenPeriodSet</name>
         <load_address>0xbe88</load_address>
         <run_address>0xbe88</run_address>
         <size>0x10</size>
         <input_file_ref idref="fl-1f"/>
      </object_component>
      <object_component id="oc-11f">
         <name>.text:TimerEnable</name>
         <load_address>0xbe98</load_address>
         <run_address>0xbe98</run_address>
         <size>0xe</size>
         <input_file_ref idref="fl-21"/>
      </object_component>
      <object_component id="oc-21f">
         <name>.text:UARTCharGetNonBlocking</name>
         <load_address>0xbea6</load_address>
         <run_address>0xbea6</run_address>
         <size>0xe</size>
         <input_file_ref idref="fl-22"/>
      </object_component>
      <object_component id="oc-225">
         <name>.text:UARTCharsAvail</name>
         <load_address>0xbeb4</load_address>
         <run_address>0xbeb4</run_address>
         <size>0xe</size>
         <input_file_ref idref="fl-22"/>
      </object_component>
      <object_component id="oc-18">
         <name>.text:decompress:none</name>
         <load_address>0xbec2</load_address>
         <run_address>0xbec2</run_address>
         <size>0xe</size>
         <input_file_ref idref="fl-db"/>
      </object_component>
      <object_component id="oc-26d">
         <name>.text:CPUcpsie</name>
         <load_address>0xbed0</load_address>
         <run_address>0xbed0</run_address>
         <size>0xc</size>
         <input_file_ref idref="fl-23"/>
      </object_component>
      <object_component id="oc-2e2">
         <name>.text:PWMGenEnable</name>
         <load_address>0xbedc</load_address>
         <run_address>0xbedc</run_address>
         <size>0xc</size>
         <input_file_ref idref="fl-1f"/>
      </object_component>
      <object_component id="oc-1e">
         <name>.text:decompress:ZI</name>
         <load_address>0xbee8</load_address>
         <run_address>0xbee8</run_address>
         <size>0xc</size>
         <input_file_ref idref="fl-dc"/>
      </object_component>
      <object_component id="oc-2e">
         <name>.text</name>
         <load_address>0xbef4</load_address>
         <run_address>0xbef4</run_address>
         <size>0xc</size>
         <input_file_ref idref="fl-5"/>
      </object_component>
      <object_component id="oc-52f">
         <name>.text:I2CMasterEnable</name>
         <load_address>0xbf00</load_address>
         <run_address>0xbf00</run_address>
         <size>0xa</size>
         <input_file_ref idref="fl-1d"/>
      </object_component>
      <object_component id="oc-2ad">
         <name>.text:TimerIntDisable</name>
         <load_address>0xbf0a</load_address>
         <run_address>0xbf0a</run_address>
         <size>0xa</size>
         <input_file_ref idref="fl-21"/>
      </object_component>
      <object_component id="oc-479">
         <name>.text:TimerIntStatus</name>
         <load_address>0xbf14</load_address>
         <run_address>0xbf14</run_address>
         <size>0xa</size>
         <input_file_ref idref="fl-21"/>
      </object_component>
      <object_component id="oc-47f">
         <name>.text:TimerValueGet</name>
         <load_address>0xbf1e</load_address>
         <run_address>0xbf1e</run_address>
         <size>0xa</size>
         <input_file_ref idref="fl-21"/>
      </object_component>
      <object_component id="oc-1ce">
         <name>.text:UARTCharGet</name>
         <load_address>0xbf28</load_address>
         <run_address>0xbf28</run_address>
         <size>0xa</size>
         <input_file_ref idref="fl-22"/>
      </object_component>
      <object_component id="oc-1c8">
         <name>.text:UARTCharPut</name>
         <load_address>0xbf32</load_address>
         <run_address>0xbf32</run_address>
         <size>0xa</size>
         <input_file_ref idref="fl-22"/>
      </object_component>
      <object_component id="oc-213">
         <name>.text:UARTIntStatus</name>
         <load_address>0xbf3c</load_address>
         <run_address>0xbf3c</run_address>
         <size>0xa</size>
         <input_file_ref idref="fl-22"/>
      </object_component>
      <object_component id="oc-3d7">
         <name>.text:I2CMasterBusy</name>
         <load_address>0xbf46</load_address>
         <run_address>0xbf46</run_address>
         <size>0x8</size>
         <input_file_ref idref="fl-1d"/>
      </object_component>
      <object_component id="oc-3c5">
         <name>.text:I2CMasterSlaveAddrSet</name>
         <load_address>0xbf4e</load_address>
         <run_address>0xbf4e</run_address>
         <size>0x8</size>
         <input_file_ref idref="fl-1d"/>
      </object_component>
      <object_component id="oc-125">
         <name>.text:TimerIntEnable</name>
         <load_address>0xbf56</load_address>
         <run_address>0xbf56</run_address>
         <size>0x8</size>
         <input_file_ref idref="fl-21"/>
      </object_component>
      <object_component id="oc-201">
         <name>.text:UARTIntEnable</name>
         <load_address>0xbf5e</load_address>
         <run_address>0xbf5e</run_address>
         <size>0x8</size>
         <input_file_ref idref="fl-22"/>
      </object_component>
      <object_component id="oc-173">
         <name>.text:GPIOPinWrite</name>
         <load_address>0xbf66</load_address>
         <run_address>0xbf66</run_address>
         <size>0x6</size>
         <input_file_ref idref="fl-1c"/>
      </object_component>
      <object_component id="oc-15c">
         <name>.text:SysCtlDelay</name>
         <load_address>0xbf6c</load_address>
         <run_address>0xbf6c</run_address>
         <size>0x6</size>
         <input_file_ref idref="fl-20"/>
      </object_component>
      <object_component id="oc-207">
         <name>.text:UARTClockSourceSet</name>
         <load_address>0xbf72</load_address>
         <run_address>0xbf72</run_address>
         <size>0x6</size>
         <input_file_ref idref="fl-22"/>
      </object_component>
      <object_component id="oc-3cb">
         <name>.text:I2CMasterControl</name>
         <load_address>0xbf78</load_address>
         <run_address>0xbf78</run_address>
         <size>0x4</size>
         <input_file_ref idref="fl-1d"/>
      </object_component>
      <object_component id="oc-3dd">
         <name>.text:I2CMasterDataGet</name>
         <load_address>0xbf7c</load_address>
         <run_address>0xbf7c</run_address>
         <size>0x4</size>
         <input_file_ref idref="fl-1d"/>
      </object_component>
      <object_component id="oc-3d1">
         <name>.text:I2CMasterDataPut</name>
         <load_address>0xbf80</load_address>
         <run_address>0xbf80</run_address>
         <size>0x4</size>
         <input_file_ref idref="fl-1d"/>
      </object_component>
      <object_component id="oc-473">
         <name>.text:TimerIntClear</name>
         <load_address>0xbf84</load_address>
         <run_address>0xbf84</run_address>
         <size>0x4</size>
         <input_file_ref idref="fl-21"/>
      </object_component>
      <object_component id="oc-219">
         <name>.text:UARTIntClear</name>
         <load_address>0xbf88</load_address>
         <run_address>0xbf88</run_address>
         <size>0x4</size>
         <input_file_ref idref="fl-22"/>
      </object_component>
      <object_component id="oc-60">
         <name>.text</name>
         <load_address>0xbf8c</load_address>
         <run_address>0xbf8c</run_address>
         <size>0x4</size>
         <input_file_ref idref="fl-ee"/>
      </object_component>
      <object_component id="oc-422">
         <name>.const:.string:dmp_memory</name>
         <load_address>0xbf90</load_address>
         <run_address>0xbf90</run_address>
         <size>0xbf6</size>
         <input_file_ref idref="fl-e"/>
      </object_component>
      <object_component id="oc-319">
         <name>.const:.string:_ctypes_</name>
         <load_address>0xcb86</load_address>
         <run_address>0xcb86</run_address>
         <size>0x101</size>
         <input_file_ref idref="fl-ff"/>
      </object_component>
      <object_component id="oc-34e">
         <name>.const:g_pui32Regs</name>
         <load_address>0xcc88</load_address>
         <run_address>0xcc88</run_address>
         <size>0x9c</size>
         <input_file_ref idref="fl-1e"/>
      </object_component>
      <object_component id="oc-349">
         <name>.const</name>
         <load_address>0xcd24</load_address>
         <run_address>0xcd24</run_address>
         <size>0x4</size>
         <input_file_ref idref="fl-6"/>
      </object_component>
      <object_component id="oc-586">
         <name>.const:$O1$$</name>
         <load_address>0xcd28</load_address>
         <run_address>0xcd28</run_address>
         <size>0x98</size>
         <input_file_ref idref="fl-f0"/>
      </object_component>
      <object_component id="oc-5a2">
         <name>.const:$O1$$</name>
         <load_address>0xcdc0</load_address>
         <run_address>0xcdc0</run_address>
         <size>0x98</size>
         <input_file_ref idref="fl-114"/>
      </object_component>
      <object_component id="oc-32a">
         <name>.const:g_pui32GPIOBaseAddrs</name>
         <load_address>0xce58</load_address>
         <run_address>0xce58</run_address>
         <size>0x90</size>
         <input_file_ref idref="fl-1c"/>
      </object_component>
      <object_component id="oc-46c">
         <name>.const</name>
         <load_address>0xcee8</load_address>
         <run_address>0xcee8</run_address>
         <size>0x70</size>
         <input_file_ref idref="fl-1e"/>
      </object_component>
      <object_component id="oc-2c6">
         <name>.const:g_pui32Xtals</name>
         <load_address>0xcf58</load_address>
         <run_address>0xcf58</run_address>
         <size>0x6c</size>
         <input_file_ref idref="fl-20"/>
      </object_component>
      <object_component id="oc-58c">
         <name>.const:g_ppui32TimerIntMap</name>
         <load_address>0xcfc4</load_address>
         <run_address>0xcfc4</run_address>
         <size>0x60</size>
         <input_file_ref idref="fl-21"/>
      </object_component>
      <object_component id="oc-58f">
         <name>.const:g_ppui32TimerIntMapSnowflake</name>
         <load_address>0xd024</load_address>
         <run_address>0xd024</run_address>
         <size>0x40</size>
         <input_file_ref idref="fl-21"/>
      </object_component>
      <object_component id="oc-4f1">
         <name>.const:g_ppui32UARTIntMap</name>
         <load_address>0xd064</load_address>
         <run_address>0xd064</run_address>
         <size>0x40</size>
         <input_file_ref idref="fl-22"/>
      </object_component>
      <object_component id="oc-4f4">
         <name>.const:g_ppui32UARTIntMapSnowflake</name>
         <load_address>0xd0a4</load_address>
         <run_address>0xd0a4</run_address>
         <size>0x40</size>
         <input_file_ref idref="fl-22"/>
      </object_component>
      <object_component id="oc-24b">
         <name>.const:test</name>
         <load_address>0xd0e4</load_address>
         <run_address>0xd0e4</run_address>
         <size>0x28</size>
         <input_file_ref idref="fl-d"/>
      </object_component>
      <object_component id="oc-40e">
         <name>.const:reg</name>
         <load_address>0xd10c</load_address>
         <run_address>0xd10c</run_address>
         <size>0x1b</size>
         <input_file_ref idref="fl-d"/>
      </object_component>
      <object_component id="oc-4e8">
         <name>.const:.string</name>
         <load_address>0xd128</load_address>
         <run_address>0xd128</run_address>
         <size>0x12</size>
         <input_file_ref idref="fl-6"/>
      </object_component>
      <object_component id="oc-41f">
         <name>.const</name>
         <load_address>0xd13a</load_address>
         <run_address>0xd13a</run_address>
         <size>0x2</size>
         <input_file_ref idref="fl-e"/>
      </object_component>
      <object_component id="oc-4c6">
         <name>.const:$O1$$</name>
         <load_address>0xd13c</load_address>
         <run_address>0xd13c</run_address>
         <size>0x10</size>
         <input_file_ref idref="fl-fa"/>
      </object_component>
      <object_component id="oc-439">
         <name>.const:.string:$P$T4$5</name>
         <load_address>0xd14c</load_address>
         <run_address>0xd14c</run_address>
         <size>0xc</size>
         <input_file_ref idref="fl-e"/>
      </object_component>
      <object_component id="oc-341">
         <name>.const:g_ui32UARTBase</name>
         <load_address>0xd158</load_address>
         <run_address>0xd158</run_address>
         <size>0xc</size>
         <input_file_ref idref="fl-6"/>
      </object_component>
      <object_component id="oc-33b">
         <name>.const:g_ui32UARTPeriph</name>
         <load_address>0xd164</load_address>
         <run_address>0xd164</run_address>
         <size>0xc</size>
         <input_file_ref idref="fl-6"/>
      </object_component>
      <object_component id="oc-411">
         <name>.const:hw</name>
         <load_address>0xd170</load_address>
         <run_address>0xd170</run_address>
         <size>0xc</size>
         <input_file_ref idref="fl-d"/>
      </object_component>
      <object_component id="oc-442">
         <name>.const:.string:$P$T7$8</name>
         <load_address>0xd17c</load_address>
         <run_address>0xd17c</run_address>
         <size>0xb</size>
         <input_file_ref idref="fl-e"/>
      </object_component>
      <object_component id="oc-445">
         <name>.const:.string:$P$T8$9</name>
         <load_address>0xd187</load_address>
         <run_address>0xd187</run_address>
         <size>0xb</size>
         <input_file_ref idref="fl-e"/>
      </object_component>
      <object_component id="oc-43c">
         <name>.const:.string:$P$T5$6</name>
         <load_address>0xd192</load_address>
         <run_address>0xd192</run_address>
         <size>0x9</size>
         <input_file_ref idref="fl-e"/>
      </object_component>
      <object_component id="oc-43f">
         <name>.const:.string:$P$T6$7</name>
         <load_address>0xd19b</load_address>
         <run_address>0xd19b</run_address>
         <size>0x9</size>
         <input_file_ref idref="fl-e"/>
      </object_component>
      <object_component id="oc-425">
         <name>.const:.string:$P$T0$1</name>
         <load_address>0xd1a4</load_address>
         <run_address>0xd1a4</run_address>
         <size>0x3</size>
         <input_file_ref idref="fl-e"/>
      </object_component>
      <object_component id="oc-428">
         <name>.const:.string:$P$T1$2</name>
         <load_address>0xd1a7</load_address>
         <run_address>0xd1a7</run_address>
         <size>0x3</size>
         <input_file_ref idref="fl-e"/>
      </object_component>
      <object_component id="oc-42b">
         <name>.const:.string:$P$T2$3</name>
         <load_address>0xd1aa</load_address>
         <run_address>0xd1aa</run_address>
         <size>0x3</size>
         <input_file_ref idref="fl-e"/>
      </object_component>
      <object_component id="oc-42e">
         <name>.const:.string:$P$T3$4</name>
         <load_address>0xd1ad</load_address>
         <run_address>0xd1ad</run_address>
         <size>0x3</size>
         <input_file_ref idref="fl-e"/>
      </object_component>
      <object_component id="oc-6a6">
         <name>.cinit..data.load</name>
         <load_address>0xd1b0</load_address>
         <run_address>0xd1b0</run_address>
         <size>0x98</size>
      </object_component>
      <object_component id="oc-6a3">
         <name>__TI_handler_table</name>
         <load_address>0xd248</load_address>
         <run_address>0xd248</run_address>
         <size>0xc</size>
      </object_component>
      <object_component id="oc-6a7">
         <name>.cinit..bss.load</name>
         <load_address>0xd258</load_address>
         <run_address>0xd258</run_address>
         <size>0x8</size>
      </object_component>
      <object_component id="oc-6a5">
         <name>.cinit..vtable.load</name>
         <load_address>0xd260</load_address>
         <run_address>0xd260</run_address>
         <size>0x8</size>
      </object_component>
      <object_component id="oc-6a4">
         <name>__TI_cinit_table</name>
         <load_address>0xd268</load_address>
         <run_address>0xd268</run_address>
         <size>0x18</size>
      </object_component>
      <object_component id="oc-4f8">
         <name>.vtable</name>
         <uninitialized>true</uninitialized>
         <run_address>0x20000000</run_address>
         <size>0x26c</size>
         <input_file_ref idref="fl-1e"/>
      </object_component>
      <object_component id="oc-485">
         <name>.data</name>
         <load_address>0x200004ad</load_address>
         <run_address>0x200004ad</run_address>
         <size>0x3</size>
         <input_file_ref idref="fl-2"/>
      </object_component>
      <object_component id="oc-486">
         <name>.data:value$2</name>
         <load_address>0x200004c0</load_address>
         <run_address>0x200004c0</run_address>
         <size>0x8</size>
         <input_file_ref idref="fl-2"/>
      </object_component>
      <object_component id="oc-487">
         <name>.data:value$4</name>
         <load_address>0x200004c8</load_address>
         <run_address>0x200004c8</run_address>
         <size>0x8</size>
         <input_file_ref idref="fl-2"/>
      </object_component>
      <object_component id="oc-137">
         <name>.data</name>
         <load_address>0x20000458</load_address>
         <run_address>0x20000458</run_address>
         <size>0x14</size>
         <input_file_ref idref="fl-3"/>
      </object_component>
      <object_component id="oc-33e">
         <name>.data</name>
         <load_address>0x200004d0</load_address>
         <run_address>0x200004d0</run_address>
         <size>0x5</size>
         <input_file_ref idref="fl-6"/>
      </object_component>
      <object_component id="oc-192">
         <name>.data</name>
         <load_address>0x200004b8</load_address>
         <run_address>0x200004b8</run_address>
         <size>0x8</size>
         <input_file_ref idref="fl-9"/>
      </object_component>
      <object_component id="oc-248">
         <name>.data:st</name>
         <load_address>0x2000042c</load_address>
         <run_address>0x2000042c</run_address>
         <size>0x2c</size>
         <input_file_ref idref="fl-d"/>
      </object_component>
      <object_component id="oc-265">
         <name>.data:gyro_orientation</name>
         <load_address>0x200004a4</load_address>
         <run_address>0x200004a4</run_address>
         <size>0x9</size>
         <input_file_ref idref="fl-d"/>
      </object_component>
      <object_component id="oc-436">
         <name>.data:dmp</name>
         <load_address>0x2000046c</load_address>
         <run_address>0x2000046c</run_address>
         <size>0x10</size>
         <input_file_ref idref="fl-e"/>
      </object_component>
      <object_component id="oc-b6">
         <name>.data:$O1$$</name>
         <load_address>0x2000048c</load_address>
         <run_address>0x2000048c</run_address>
         <size>0xc</size>
         <input_file_ref idref="fl-de"/>
      </object_component>
      <object_component id="oc-78">
         <name>.data</name>
         <load_address>0x200004e0</load_address>
         <run_address>0x200004e0</run_address>
         <size>0x4</size>
         <input_file_ref idref="fl-f3"/>
      </object_component>
      <object_component id="oc-30e">
         <name>.data</name>
         <load_address>0x200004e4</load_address>
         <run_address>0x200004e4</run_address>
         <size>0x4</size>
         <input_file_ref idref="fl-f6"/>
      </object_component>
      <object_component id="oc-b9">
         <name>.data:$O1$$</name>
         <load_address>0x200004b0</load_address>
         <run_address>0x200004b0</run_address>
         <size>0x8</size>
         <input_file_ref idref="fl-f8"/>
      </object_component>
      <object_component id="oc-409">
         <name>.data:_ftable</name>
         <load_address>0x2000026c</load_address>
         <run_address>0x2000026c</run_address>
         <size>0xf0</size>
         <input_file_ref idref="fl-100"/>
      </object_component>
      <object_component id="oc-5db">
         <name>.data</name>
         <load_address>0x2000047c</load_address>
         <run_address>0x2000047c</run_address>
         <size>0x10</size>
         <input_file_ref idref="fl-100"/>
      </object_component>
      <object_component id="oc-5ec">
         <name>.data:$O1$$</name>
         <load_address>0x2000035c</load_address>
         <run_address>0x2000035c</run_address>
         <size>0xd0</size>
         <input_file_ref idref="fl-106"/>
      </object_component>
      <object_component id="oc-513">
         <name>.data</name>
         <load_address>0x200004d8</load_address>
         <run_address>0x200004d8</run_address>
         <size>0x4</size>
         <input_file_ref idref="fl-11d"/>
      </object_component>
      <object_component id="oc-655">
         <name>.data</name>
         <load_address>0x200004dc</load_address>
         <run_address>0x200004dc</run_address>
         <size>0x4</size>
         <input_file_ref idref="fl-122"/>
      </object_component>
      <object_component id="oc-64b">
         <name>.data:$O1$$</name>
         <load_address>0x20000498</load_address>
         <run_address>0x20000498</run_address>
         <size>0xc</size>
         <input_file_ref idref="fl-123"/>
      </object_component>
      <object_component id="oc-664">
         <name>.bss:parmbuf</name>
         <uninitialized>true</uninitialized>
         <run_address>0x2000074c</run_address>
         <size>0x8</size>
         <input_file_ref idref="fl-119"/>
      </object_component>
      <object_component id="oc-675">
         <name>.bss:_CIOBUF_</name>
         <uninitialized>true</uninitialized>
         <run_address>0x200004e8</run_address>
         <size>0x120</size>
         <input_file_ref idref="fl-11a"/>
      </object_component>
      <object_component id="oc-131">
         <name>.common:uart_flag</name>
         <uninitialized>true</uninitialized>
         <run_address>0x20000758</run_address>
         <size>0x1</size>
      </object_component>
      <object_component id="oc-1a5">
         <name>.common:pid_yaw</name>
         <uninitialized>true</uninitialized>
         <run_address>0x200006cc</run_address>
         <size>0x24</size>
      </object_component>
      <object_component id="oc-1a2">
         <name>.common:pid_pos</name>
         <uninitialized>true</uninitialized>
         <run_address>0x200006a8</run_address>
         <size>0x24</size>
      </object_component>
      <object_component id="oc-2e8">
         <name>.common:pwm_clock_div</name>
         <uninitialized>true</uninitialized>
         <run_address>0x20000754</run_address>
         <size>0x4</size>
      </object_component>
      <object_component id="oc-22b">
         <name>.common:uart0_buff</name>
         <uninitialized>true</uninitialized>
         <run_address>0x20000710</run_address>
         <size>0x14</size>
      </object_component>
      <object_component id="oc-22c">
         <name>.common:uart2_buff</name>
         <uninitialized>true</uninitialized>
         <run_address>0x20000724</run_address>
         <size>0x14</size>
      </object_component>
      <object_component id="oc-134">
         <name>.common:uart1_buff</name>
         <uninitialized>true</uninitialized>
         <run_address>0x200006f0</run_address>
         <size>0x20</size>
      </object_component>
      <object_component id="oc-1c6">
         <name>.common:uart5_buff</name>
         <uninitialized>true</uninitialized>
         <run_address>0x20000738</run_address>
         <size>0x14</size>
      </object_component>
      <object_component id="oc-670">
         <name>.common:__TI_tmpnams</name>
         <uninitialized>true</uninitialized>
         <run_address>0x20000608</run_address>
         <size>0xa0</size>
      </object_component>
      <object_component id="oc-2b">
         <name>.sysmem</name>
         <uninitialized>true</uninitialized>
         <run_address>0x20000960</run_address>
         <size>0x8</size>
         <input_file_ref idref="fl-123"/>
      </object_component>
      <object_component id="oc-6a9">
         <name>.sysmem</name>
         <uninitialized>true</uninitialized>
         <run_address>0x20000960</run_address>
         <size>0x0</size>
      </object_component>
      <object_component id="oc-2a">
         <name>.stack</name>
         <uninitialized>true</uninitialized>
         <run_address>0x2000075c</run_address>
         <size>0x0</size>
         <input_file_ref idref="fl-d9"/>
      </object_component>
      <object_component id="oc-6a8">
[...]
      </symbol>
      <symbol id="sm-c07">
         <name>__aeabi_i2d</name>
         <value>0xbad5</value>
         <object_component_ref idref="oc-38d"/>
      </symbol>
      <symbol id="sm-c26">
         <name>__aeabi_ldivmod</name>
         <value>0x8ff1</value>
         <object_component_ref idref="oc-1d4"/>
      </symbol>
      <symbol id="sm-c2f">
         <name>__aeabi_lmul</name>
         <value>0xbcc5</value>
         <object_component_ref idref="oc-431"/>
      </symbol>
      <symbol id="sm-c3a">
         <name>__aeabi_l2f</name>
         <value>0xb83d</value>
         <object_component_ref idref="oc-1de"/>
      </symbol>
      <symbol id="sm-c4a">
         <name>memcmp</name>
         <value>0xbb7d</value>
         <object_component_ref idref="oc-24e"/>
      </symbol>
      <symbol id="sm-c65">
         <name>memcpy</name>
         <value>0xacc9</value>
         <object_component_ref idref="oc-42"/>
      </symbol>
      <symbol id="sm-c66">
         <name>__aeabi_memcpy</name>
         <value>0xacc9</value>
         <object_component_ref idref="oc-42"/>
      </symbol>
      <symbol id="sm-c67">
         <name>__aeabi_memcpy8</name>
         <value>0xacc9</value>
         <object_component_ref idref="oc-42"/>
      </symbol>
      <symbol id="sm-c68">
         <name>__aeabi_memcpy4</name>
         <value>0xacc9</value>
         <object_component_ref idref="oc-42"/>
      </symbol>
      <symbol id="sm-c77">
         <name>__aeabi_memset</name>
         <value>0xb037</value>
         <object_component_ref idref="oc-4e"/>
      </symbol>
      <symbol id="sm-c78">
         <name>memset</name>
         <value>0xb03d</value>
         <object_component_ref idref="oc-4e"/>
      </symbol>
      <symbol id="sm-c79">
         <name>__aeabi_memset8</name>
         <value>0xb037</value>
         <object_component_ref idref="oc-4e"/>
      </symbol>
      <symbol id="sm-c7a">
         <name>__aeabi_memset4</name>
         <value>0xb037</value>
         <object_component_ref idref="oc-4e"/>
      </symbol>
      <symbol id="sm-c7b">
         <name>__aeabi_memclr8</name>
         <value>0xb035</value>
         <object_component_ref idref="oc-4e"/>
      </symbol>
      <symbol id="sm-c7c">
         <name>__aeabi_memclr4</name>
         <value>0xb035</value>
         <object_component_ref idref="oc-4e"/>
      </symbol>
      <symbol id="sm-c7d">
         <name>__aeabi_memclr</name>
         <value>0xb035</value>
         <object_component_ref idref="oc-4e"/>
      </symbol>
      <symbol id="sm-c87">
         <name>__mpu_init</name>
         <value>0x9d3b</value>
         <object_component_ref idref="oc-5a"/>
      </symbol>
      <symbol id="sm-c91">
         <name>_system_pre_init</name>
         <value>0xbf8d</value>
         <object_component_ref idref="oc-60"/>
      </symbol>
      <symbol id="sm-caf">
         <name>printf</name>
         <value>0xb129</value>
         <object_component_ref idref="oc-242"/>
      </symbol>
      <symbol id="sm-ce2">
         <name>atanl</name>
         <value>0x887d</value>
         <object_component_ref idref="oc-44a"/>
      </symbol>
      <symbol id="sm-ce3">
         <name>atan</name>
         <value>0x887d</value>
         <object_component_ref idref="oc-44a"/>
      </symbol>
      <symbol id="sm-cfc">
         <name>sprintf</name>
         <value>0xb4cd</value>
         <object_component_ref idref="oc-113"/>
      </symbol>
      <symbol id="sm-d1e">
         <name>sscanf</name>
         <value>0xaa9b</value>
         <object_component_ref idref="oc-1c0"/>
      </symbol>
      <symbol id="sm-d1f">
         <name>vsscanf</name>
         <value>0xaa89</value>
         <object_component_ref idref="oc-1c0"/>
      </symbol>
      <symbol id="sm-d27">
         <name>main_func_sp</name>
         <value>0x200004e0</value>
         <object_component_ref idref="oc-78"/>
      </symbol>
      <symbol id="sm-d36">
         <name>strlen</name>
         <value>0xbdb5</value>
         <object_component_ref idref="oc-372"/>
      </symbol>
      <symbol id="sm-d4e">
         <name>strtok</name>
         <value>0xb90d</value>
         <object_component_ref idref="oc-1ba"/>
      </symbol>
      <symbol id="sm-d5d">
         <name>__aeabi_uidivmod</name>
         <value>0xb94d</value>
         <object_component_ref idref="oc-344"/>
      </symbol>
      <symbol id="sm-d5e">
         <name>__aeabi_uidiv</name>
         <value>0xb94d</value>
         <object_component_ref idref="oc-344"/>
      </symbol>
      <symbol id="sm-d77">
         <name>_nop</name>
         <value>0xbd87</value>
         <object_component_ref idref="oc-144"/>
      </symbol>
      <symbol id="sm-d78">
         <name>_lock</name>
         <value>0x200004b0</value>
         <object_component_ref idref="oc-b9"/>
      </symbol>
      <symbol id="sm-d79">
         <name>_unlock</name>
         <value>0x200004b4</value>
         <object_component_ref idref="oc-b9"/>
      </symbol>
      <symbol id="sm-d7a">
         <name>_register_lock</name>
         <value>0xbd7f</value>
         <object_component_ref idref="oc-144"/>
      </symbol>
      <symbol id="sm-d7b">
         <name>_register_unlock</name>
         <value>0xbd79</value>
         <object_component_ref idref="oc-144"/>
      </symbol>
      <symbol id="sm-e7c">
         <name>__TI_printfi</name>
         <value>0x347d</value>
         <object_component_ref idref="oc-22f"/>
      </symbol>
      <symbol id="sm-f0b">
         <name>__TI_scanfi</name>
         <value>0x6139</value>
         <object_component_ref idref="oc-313"/>
      </symbol>
      <symbol id="sm-f1f">
         <name>_args_main</name>
         <value>0xbcad</value>
         <object_component_ref idref="oc-6c"/>
      </symbol>
      <symbol id="sm-f35">
         <name>atoi</name>
         <value>0xb715</value>
         <object_component_ref idref="oc-3a4"/>
      </symbol>
      <symbol id="sm-f5f">
         <name>__TI_auto_init</name>
         <value>0xb0b1</value>
         <object_component_ref idref="oc-66"/>
      </symbol>
      <symbol id="sm-f79">
         <name>copy_in</name>
         <value>0xb761</value>
         <object_component_ref idref="oc-a0"/>
      </symbol>
      <symbol id="sm-f84">
         <name>_ctypes_</name>
         <value>0xcb86</value>
         <object_component_ref idref="oc-319"/>
      </symbol>
      <symbol id="sm-f99">
         <name>__TI_tmpnams</name>
         <value>0x20000608</value>
      </symbol>
      <symbol id="sm-f9a">
         <name>__aeabi_stdout</name>
         <value>0x20000484</value>
         <object_component_ref idref="oc-5db"/>
      </symbol>
      <symbol id="sm-f9b">
         <name>__aeabi_stderr</name>
         <value>0x20000488</value>
         <object_component_ref idref="oc-5db"/>
      </symbol>
      <symbol id="sm-f9c">
         <name>__aeabi_stdin</name>
         <value>0x20000480</value>
         <object_component_ref idref="oc-5db"/>
      </symbol>
      <symbol id="sm-f9d">
         <name>_ftable</name>
         <value>0x2000026c</value>
         <object_component_ref idref="oc-409"/>
      </symbol>
      <symbol id="sm-f9e">
         <name>__TI_ft_end</name>
         <value>0x2000047c</value>
         <object_component_ref idref="oc-5db"/>
      </symbol>
      <symbol id="sm-fc0">
         <name>__aeabi_cdcmpeq</name>
         <value>0xaf29</value>
         <object_component_ref idref="oc-378"/>
      </symbol>
      <symbol id="sm-fc1">
         <name>__aeabi_cdcmple</name>
         <value>0xaf29</value>
         <object_component_ref idref="oc-378"/>
      </symbol>
      <symbol id="sm-fc2">
         <name>__aeabi_cdrcmple</name>
         <value>0xafaf</value>
         <object_component_ref idref="oc-382"/>
      </symbol>
      <symbol id="sm-fd9">
         <name>putc</name>
         <value>0xadfd</value>
         <object_component_ref idref="oc-3fd"/>
      </symbol>
      <symbol id="sm-fda">
         <name>fputc</name>
         <value>0xadfd</value>
         <object_component_ref idref="oc-3fd"/>
      </symbol>
      <symbol id="sm-fdb">
         <name>putchar</name>
         <value>0xae81</value>
         <object_component_ref idref="oc-3fd"/>
      </symbol>
      <symbol id="sm-ffd">
         <name>puts</name>
         <value>0xa0dd</value>
         <object_component_ref idref="oc-403"/>
      </symbol>
      <symbol id="sm-ffe">
         <name>fputs</name>
         <value>0x9fd1</value>
         <object_component_ref idref="oc-403"/>
      </symbol>
      <symbol id="sm-1008">
         <name>__aeabi_idiv0</name>
         <value>0x3d77</value>
         <object_component_ref idref="oc-4e1"/>
      </symbol>
      <symbol id="sm-1012">
         <name>__aeabi_ldiv0</name>
         <value>0x920f</value>
         <object_component_ref idref="oc-321"/>
      </symbol>
      <symbol id="sm-1060">
         <name>open</name>
         <value>0x86af</value>
         <object_component_ref idref="oc-545"/>
      </symbol>
      <symbol id="sm-1061">
         <name>add_device</name>
         <value>0x87d1</value>
         <object_component_ref idref="oc-545"/>
      </symbol>
      <symbol id="sm-1062">
         <name>remove_device</name>
         <value>0x8663</value>
         <object_component_ref idref="oc-545"/>
      </symbol>
      <symbol id="sm-1063">
         <name>lseek</name>
         <value>0x875d</value>
         <object_component_ref idref="oc-545"/>
      </symbol>
      <symbol id="sm-1064">
         <name>read</name>
         <value>0x868b</value>
         <object_component_ref idref="oc-545"/>
      </symbol>
      <symbol id="sm-1065">
         <name>rename</name>
         <value>0x8625</value>
         <object_component_ref idref="oc-545"/>
      </symbol>
      <symbol id="sm-1066">
         <name>write</name>
         <value>0x8571</value>
         <object_component_ref idref="oc-545"/>
      </symbol>
      <symbol id="sm-1067">
         <name>close</name>
         <value>0x8781</value>
         <object_component_ref idref="oc-545"/>
      </symbol>
      <symbol id="sm-1068">
         <name>unlink</name>
         <value>0x8601</value>
         <object_component_ref idref="oc-545"/>
      </symbol>
      <symbol id="sm-1077">
         <name>ltoa</name>
         <value>0xb52d</value>
         <object_component_ref idref="oc-387"/>
      </symbol>
      <symbol id="sm-1087">
         <name>memccpy</name>
         <value>0xbc47</value>
         <object_component_ref idref="oc-3aa"/>
      </symbol>
      <symbol id="sm-1097">
         <name>memchr</name>
         <value>0xbc09</value>
         <object_component_ref idref="oc-54d"/>
      </symbol>
      <symbol id="sm-10b2">
         <name>frexpl</name>
         <value>0xb409</value>
         <object_component_ref idref="oc-392"/>
      </symbol>
      <symbol id="sm-10b3">
         <name>frexp</name>
         <value>0xb409</value>
         <object_component_ref idref="oc-392"/>
      </symbol>
      <symbol id="sm-10d0">
         <name>scalbn</name>
         <value>0xa7bd</value>
         <object_component_ref idref="oc-398"/>
      </symbol>
      <symbol id="sm-10d1">
         <name>scalbnl</name>
         <value>0xa7bd</value>
         <object_component_ref idref="oc-398"/>
      </symbol>
      <symbol id="sm-10d2">
         <name>ldexpl</name>
         <value>0xa7bd</value>
         <object_component_ref idref="oc-398"/>
      </symbol>
      <symbol id="sm-10d3">
         <name>ldexp</name>
         <value>0xa7bd</value>
         <object_component_ref idref="oc-398"/>
      </symbol>
      <symbol id="sm-10dd">
         <name>_system_post_cinit</name>
         <value>0x9fcf</value>
         <object_component_ref idref="oc-a6"/>
      </symbol>
      <symbol id="sm-10ed">
         <name>strchr</name>
         <value>0xbd39</value>
         <object_component_ref idref="oc-39e"/>
      </symbol>
      <symbol id="sm-10fc">
         <name>strcmp</name>
         <value>0xbcdd</value>
         <object_component_ref idref="oc-5e0"/>
      </symbol>
      <symbol id="sm-110a">
         <name>strcpy</name>
         <value>0xbda1</value>
         <object_component_ref idref="oc-4c0"/>
      </symbol>
      <symbol id="sm-111b">
         <name>strcspn</name>
         <value>0xbba1</value>
         <object_component_ref idref="oc-308"/>
      </symbol>
      <symbol id="sm-112b">
         <name>strncpy</name>
         <value>0xba35</value>
         <object_component_ref idref="oc-5e6"/>
      </symbol>
      <symbol id="sm-113a">
         <name>strrchr</name>
         <value>0xbcf5</value>
         <object_component_ref idref="oc-49c"/>
      </symbol>
      <symbol id="sm-114c">
         <name>strspn</name>
         <value>0xbb2d</value>
         <object_component_ref idref="oc-302"/>
      </symbol>
      <symbol id="sm-1189">
         <name>strtold</name>
         <value>0x8db5</value>
         <object_component_ref idref="oc-4ae"/>
      </symbol>
      <symbol id="sm-118a">
         <name>strtod</name>
         <value>0x8db5</value>
         <object_component_ref idref="oc-4ae"/>
      </symbol>
      <symbol id="sm-11af">
         <name>strtol</name>
         <value>0xa105</value>
         <object_component_ref idref="oc-4b4"/>
      </symbol>
      <symbol id="sm-11d6">
         <name>strtoll</name>
         <value>0x97e5</value>
         <object_component_ref idref="oc-4ba"/>
      </symbol>
      <symbol id="sm-11f7">
         <name>strtoul</name>
         <value>0xa49d</value>
         <object_component_ref idref="oc-4a2"/>
      </symbol>
      <symbol id="sm-121b">
         <name>strtoull</name>
         <value>0x9d3d</value>
         <object_component_ref idref="oc-4a8"/>
      </symbol>
      <symbol id="sm-1242">
         <name>HOSTgetenv</name>
         <value>0x8195</value>
         <object_component_ref idref="oc-636"/>
      </symbol>
      <symbol id="sm-1243">
         <name>HOSTrename</name>
         <value>0x803d</value>
         <object_component_ref idref="oc-636"/>
      </symbol>
      <symbol id="sm-1244">
         <name>HOSTclose</name>
         <value>0x81d3</value>
         <object_component_ref idref="oc-636"/>
      </symbol>
      <symbol id="sm-1245">
         <name>HOSTtime64</name>
         <value>0x7fb5</value>
         <object_component_ref idref="oc-636"/>
      </symbol>
      <symbol id="sm-1246">
         <name>HOSTunlink</name>
         <value>0x7f7d</value>
         <object_component_ref idref="oc-636"/>
      </symbol>
      <symbol id="sm-1247">
         <name>HOSTlseek</name>
         <value>0x8139</value>
         <object_component_ref idref="oc-636"/>
      </symbol>
      <symbol id="sm-1248">
         <name>HOSTopen</name>
         <value>0x80e7</value>
         <object_component_ref idref="oc-636"/>
      </symbol>
      <symbol id="sm-1249">
         <name>HOSTclock</name>
         <value>0x820b</value>
         <object_component_ref idref="oc-636"/>
      </symbol>
      <symbol id="sm-124a">
         <name>HOSTwrite</name>
         <value>0x7f31</value>
         <object_component_ref idref="oc-636"/>
      </symbol>
      <symbol id="sm-124b">
         <name>HOSTread</name>
         <value>0x809b</value>
         <object_component_ref idref="oc-636"/>
      </symbol>
      <symbol id="sm-124c">
         <name>HOSTtime</name>
         <value>0x8003</value>
         <object_component_ref idref="oc-636"/>
      </symbol>
      <symbol id="sm-1267">
         <name>__TI_readmsg</name>
         <value>0xb36f</value>
         <object_component_ref idref="oc-65e"/>
      </symbol>
      <symbol id="sm-1268">
         <name>C$$IO$$</name>
         <value>0xb36b</value>
         <object_component_ref idref="oc-65e"/>
      </symbol>
      <symbol id="sm-1269">
         <name>__CIOBUF_</name>
         <value>0x200004e8</value>
         <object_component_ref idref="oc-675"/>
      </symbol>
      <symbol id="sm-126a">
         <name>__TI_writemsg</name>
         <value>0xb33d</value>
         <object_component_ref idref="oc-65e"/>
      </symbol>
      <symbol id="sm-1286">
         <name>__aeabi_uldivmod</name>
         <value>0x9405</value>
         <object_component_ref idref="oc-36d"/>
      </symbol>
      <symbol id="sm-12a4">
         <name>__TI_wrt_ok</name>
         <value>0xac1d</value>
         <object_component_ref idref="oc-539"/>
      </symbol>
      <symbol id="sm-12a5">
         <name>__TI_rd_ok</name>
         <value>0xac7f</value>
         <object_component_ref idref="oc-539"/>
      </symbol>
      <symbol id="sm-12ad">
         <name>errno</name>
         <value>0x200004d8</value>
         <object_component_ref idref="oc-513"/>
      </symbol>
      <symbol id="sm-12c7">
         <name>__TI_doflush</name>
         <value>0xab55</value>
         <object_component_ref idref="oc-53f"/>
      </symbol>
      <symbol id="sm-12c8">
         <name>fflush</name>
         <value>0xaba1</value>
         <object_component_ref idref="oc-53f"/>
      </symbol>
      <symbol id="sm-12da">
         <name>fseek</name>
         <value>0xb3a5</value>
         <object_component_ref idref="oc-5cd"/>
      </symbol>
      <symbol id="sm-12e4">
         <name>copysign</name>
         <value>0xbd8d</value>
         <object_component_ref idref="oc-50d"/>
      </symbol>
      <symbol id="sm-12e5">
         <name>copysignl</name>
         <value>0xbd8d</value>
         <object_component_ref idref="oc-50d"/>
      </symbol>
      <symbol id="sm-1301">
         <name>setvbuf</name>
         <value>0xa9ad</value>
         <object_component_ref idref="oc-5d3"/>
      </symbol>
      <symbol id="sm-1338">
         <name>__TI_cleanup</name>
         <value>0x9a89</value>
         <object_component_ref idref="oc-61f"/>
      </symbol>
      <symbol id="sm-1339">
         <name>freopen</name>
         <value>0x9ab5</value>
         <object_component_ref idref="oc-61f"/>
      </symbol>
      <symbol id="sm-133a">
         <name>fopen</name>
         <value>0x9adf</value>
         <object_component_ref idref="oc-61f"/>
      </symbol>
      <symbol id="sm-13a9">
         <name>_sys_memory</name>
         <value>0x20000960</value>
         <object_component_ref idref="oc-2b"/>
      </symbol>
      <symbol id="sm-13aa">
         <name>free</name>
         <value>0x7c4b</value>
         <object_component_ref idref="oc-619"/>
      </symbol>
      <symbol id="sm-13ab">
         <name>realloc</name>
         <value>0x7d0d</value>
         <object_component_ref idref="oc-619"/>
      </symbol>
      <symbol id="sm-13ac">
         <name>memalign</name>
         <value>0x7e15</value>
         <object_component_ref idref="oc-619"/>
      </symbol>
      <symbol id="sm-13ad">
         <name>calloc</name>
         <value>0x7f01</value>
         <object_component_ref idref="oc-619"/>
      </symbol>
      <symbol id="sm-13ae">
         <name>malloc</name>
         <value>0x7be1</value>
         <object_component_ref idref="oc-619"/>
      </symbol>
      <symbol id="sm-13af">
         <name>minit</name>
         <value>0x7b61</value>
         <object_component_ref idref="oc-619"/>
      </symbol>
      <symbol id="sm-13c5">
         <name>__TI_closefile</name>
         <value>0xad65</value>
         <object_component_ref idref="oc-64f"/>
      </symbol>
      <symbol id="sm-13c6">
         <name>fclose</name>
         <value>0xadcb</value>
         <object_component_ref idref="oc-64f"/>
      </symbol>
      <symbol id="sm-13c8">
         <name>__TI_static_base__</name>
         <value>0x0</value>
      </symbol>
      <symbol id="sm-13cb">
         <name>SHT$$INIT_ARRAY$$Limit</name>
         <value>0x0</value>
      </symbol>
      <symbol id="sm-13cc">
         <name>SHT$$INIT_ARRAY$$Base</name>
         <value>0x0</value>
      </symbol>
      <symbol id="sm-13cd">
         <name>remove</name>
         <value>0x8601</value>
      </symbol>
   </symbol_table>
   <title>Link successful</title>
</link_info>
