******************************************************************************
                  TI ARM Linker PC v16.9.0                     
******************************************************************************
>> Linked Tue Aug 06 18:25:57 2019

OUTPUT FILE NAME:   <Autocar.out>
ENTRY POINT SYMBOL: "_c_int00"  address: 0000b585


MEMORY CONFIGURATION

         name            origin    length      used     unused   attr    fill
----------------------  --------  ---------  --------  --------  ----  --------
  FLASH                 00000000   00040000  0000d280  00032d80  R  X
  SRAM                  20000000   00008000  000009d9  00007627  RW X


SEGMENT ALLOCATION MAP

run origin  load origin   length   init length attrs members
----------  ----------- ---------- ----------- ----- -------
00000000    00000000    0000d280   0000d280    r-x
  00000000    00000000    0000026c   0000026c    r-- .intvecs
  0000026c    0000026c    0000bd24   0000bd24    r-x .text
  0000bf90    0000bf90    00001220   00001220    r-- .const
  0000d1b0    0000d1b0    000000d0   000000d0    r-- .cinit
20000000    20000000    000009e0   00000000    rw-
  20000000    20000000    0000026c   00000000    rw- .vtable
  2000026c    2000026c    0000027c   00000000    rw- .data
  200004e8    200004e8    00000271   00000000    rw- .bss
  2000075c    2000075c    00000200   00000000    rw- .stack
  20000960    20000960    00000080   00000000    rw- .sysmem


SECTION ALLOCATION MAP

 output                                  attributes/
section   page    origin      length       input sections
--------  ----  ----------  ----------   ----------------
.intvecs   0    00000000    0000026c     
                  00000000    0000026c     tm4c123gh6pm_startup_ccs.obj (.intvecs)

.text      0    0000026c    0000bd24     
                  0000026c    000029d0     inv_mpu.obj (.text)
                  00002c3c    0000113a     rtsv7M4_T_le_v4SPD16_eabi.lib : _printfi.obj (.text)
                  00003d76    00000002                                   : i_div0.obj (.text)
                  00003d78    00001088     inv_mpu_dmp_motion_driver.obj (.text)
                  00004e00    00000a94     I2C_Init.obj (.text)
                  00005894    000008a4     uart.obj (.text)
                  00006138    00000898     rtsv7M4_T_le_v4SPD16_eabi.lib : _scanfi.obj (.text)
                  000069d0    000007e8     pid.obj (.text)
                  000071b8    0000050c     car_ctrl.obj (.text)
                  000076c4    0000049c     uartstdio.obj (.text)
                  00007b60    000003d0     rtsv7M4_T_le_v4SPD16_eabi.lib : memory.obj (.text)
                  00007f30    00000324                                   : trgdrv.obj (.text)
                  00008254    0000031c     pwm_config.obj (.text)
                  00008570    0000030c     rtsv7M4_T_le_v4SPD16_eabi.lib : lowlev.obj (.text)
                  0000887c    000002ec                                   : s_atan.obj (.text)
                  00008b68    0000024c     interrupt_handler.obj (.text)
                  00008db4    0000023c     rtsv7M4_T_le_v4SPD16_eabi.lib : strtod.obj (.text)
                  00008ff0    0000021e                                   : ll_div_t2.obj (.text)
                  0000920e    00000002                                   : l_div0.obj (.text)
                  00009210    000001f4     main.obj (.text)
                  00009404    000001f4     rtsv7M4_T_le_v4SPD16_eabi.lib : ull_div_t2.obj (.text)
                  000095f8    000001ec                                   : e_atan2.obj (.text)
                  000097e4    000001dc                                   : strtoll.obj (.text)
                  000099c0    000001c4                                   : fopen.obj (.text)
                  00009b84    000001b6                                   : fd_add_t2.obj (.text)
                  00009d3a    00000002                                   : mpu_init.obj (.text)
                  00009d3c    0000015c                                   : strtoull.obj (.text)
                  00009e98    00000136                                   : fd_div_t2.obj (.text)
                  00009fce    00000002                                   : startup.obj (.text)
                  00009fd0    00000134                                   : fputs.obj (.text)
                  0000a104    00000134                                   : strtol.obj (.text)
                  0000a238    00000132     driverlib.lib : gpio.obj (.text:GPIOPadConfigSet)
                  0000a36a    00000002     --HOLE-- [fill = 0]
                  0000a36c    00000130     timer_config.obj (.text)
                  0000a49c    00000114     rtsv7M4_T_le_v4SPD16_eabi.lib : strtoul.obj (.text)
                  0000a5b0    00000110     driverlib.lib : sysctl.obj (.text:SysCtlClockGet)
                  0000a6c0    000000fc     rtsv7M4_T_le_v4SPD16_eabi.lib : fd_mul_t2.obj (.text)
                  0000a7bc    000000fc                                   : s_scalbn.obj (.text)
                  0000a8b8    000000f4     driverlib.lib : sysctl.obj (.text:SysCtlClockSet)
                  0000a9ac    000000dc     rtsv7M4_T_le_v4SPD16_eabi.lib : setvbuf.obj (.text)
                  0000aa88    000000cc                                   : sscanf.obj (.text)
                  0000ab54    000000c8                                   : fflush.obj (.text)
                  0000ac1c    000000ac                                   : _io_perm.obj (.text)
                  0000acc8    0000009c                                   : memcpy_t2.obj (.text)
                  0000ad64    00000098                                   : fclose.obj (.text)
                  0000adfc    00000098                                   : fputc.obj (.text)
                  0000ae94    00000094     distance.obj (.text)
                  0000af28    00000086     rtsv7M4_T_le_v4SPD16_eabi.lib : fd_cmp_t2.obj (.text:__aeabi_cdcmple)
                  0000afae    00000086                                   : fd_cmp_t2.obj (.text:__aeabi_cdrcmple)
                  0000b034    0000007a                                   : memset_t2.obj (.text)
                  0000b0ae    00000002     --HOLE-- [fill = 0]
                  0000b0b0    00000070                                   : autoinit.obj (.text)
                  0000b120    00000070                                   : printf.obj (.text)
                  0000b190    0000006e                                   : fd_tos_t2.obj (.text)
                  0000b1fe    0000006c                                   : fs_toll_t2.obj (.text)
                  0000b26a    00000002     --HOLE-- [fill = 0]
                  0000b26c    00000068     driverlib.lib : interrupt.obj (.text:IntEnable)
                  0000b2d4    00000068     rtsv7M4_T_le_v4SPD16_eabi.lib : copy_decompress_lzss.obj (.text:decompress:lzss)
                  0000b33c    00000068                                   : trgmsg.obj (.text)
                  0000b3a4    00000064                                   : fseek.obj (.text)
                  0000b408    00000064                                   : s_frexp.obj (.text)
                  0000b46c    00000060     driverlib.lib : timer.obj (.text:TimerConfigure)
                  0000b4cc    00000060     rtsv7M4_T_le_v4SPD16_eabi.lib : sprintf.obj (.text)
                  0000b52c    00000056                                   : ltoa.obj (.text)
                  0000b582    00000002     --HOLE-- [fill = 0]
                  0000b584    00000054                                   : boot.obj (.text)
                  0000b5d8    00000054                                   : exit.obj (.text)
                  0000b62c    00000050     delay.obj (.text)
                  0000b67c    0000004c     driverlib.lib : i2c.obj (.text:I2CMasterInitExpClk)
                  0000b6c8    0000004c                   : timer.obj (.text:_TimerIntNumberGet)
                  0000b714    0000004c     rtsv7M4_T_le_v4SPD16_eabi.lib : atoi.obj (.text)
                  0000b760    0000004c                                   : cpy_tbl.obj (.text)
                  0000b7ac    00000048     driverlib.lib : gpio.obj (.text:GPIOPinConfigure)
                  0000b7f4    00000048     rtsv7M4_T_le_v4SPD16_eabi.lib : fd_toi_t2.obj (.text)
                  0000b83c    00000048                                   : ll_tofs_t2.obj (.text)
                  0000b884    00000046     driverlib.lib : uart.obj (.text:UARTConfigSetExpClk)
                  0000b8ca    00000002     --HOLE-- [fill = 0]
                  0000b8cc    00000040                   : uart.obj (.text:_UARTIntNumberGet)
                  0000b90c    00000040     rtsv7M4_T_le_v4SPD16_eabi.lib : strtok.obj (.text)
                  0000b94c    00000040                                   : u_divt2.obj (.text)
                  0000b98c    00000038     driverlib.lib : sysctl.obj (.text:SysCtlPeripheralPresent)
                  0000b9c4    00000038                   : sysctl.obj (.text:SysCtlPeripheralReady)
                  0000b9fc    00000038     rtsv7M4_T_le_v4SPD16_eabi.lib : fs_tod_t2.obj (.text)
                  0000ba34    00000036                                   : strncpy.obj (.text)
                  0000ba6a    00000002     --HOLE-- [fill = 0]
                  0000ba6c    00000034     driverlib.lib : interrupt.obj (.text:IntRegister)
                  0000baa0    00000034                   : sysctl.obj (.text:SysCtlPeripheralEnable)
                  0000bad4    0000002e     rtsv7M4_T_le_v4SPD16_eabi.lib : i_tofd_t2.obj (.text)
                  0000bb02    0000002a     driverlib.lib : gpio.obj (.text:GPIODirModeSet)
                  0000bb2c    0000002a     rtsv7M4_T_le_v4SPD16_eabi.lib : strspn.obj (.text)
                  0000bb56    00000002     --HOLE-- [fill = 0]
                  0000bb58    00000024     driverlib.lib : interrupt.obj (.text:IntPrioritySet)
                  0000bb7c    00000024     rtsv7M4_T_le_v4SPD16_eabi.lib : memcmp.obj (.text)
                  0000bba0    00000024                                   : strcspn.obj (.text)
                  0000bbc4    00000022     driverlib.lib : pwm.obj (.text:PWMGenConfigure)
                  0000bbe6    00000002     --HOLE-- [fill = 0]
                  0000bbe8    00000020                   : uart.obj (.text:UARTDisable)
                  0000bc08    00000020     rtsv7M4_T_le_v4SPD16_eabi.lib : memchr.obj (.text)
                  0000bc28    0000001e     driverlib.lib : pwm.obj (.text:PWMPulseWidthSet)
                  0000bc46    0000001c     rtsv7M4_T_le_v4SPD16_eabi.lib : memccpy.obj (.text)
                  0000bc62    00000018     driverlib.lib : gpio.obj (.text:GPIOPinTypeGPIOOutput)
                  0000bc7a    00000018                   : timer.obj (.text:TimerIntRegister)
                  0000bc92    00000018                   : uart.obj (.text:UARTIntRegister)
                  0000bcaa    00000002     --HOLE-- [fill = 0]
                  0000bcac    00000018     rtsv7M4_T_le_v4SPD16_eabi.lib : args_main.obj (.text)
                  0000bcc4    00000018                                   : ll_mul_t2.obj (.text)
                  0000bcdc    00000018                                   : strcmp.obj (.text)
                  0000bcf4    00000018                                   : strrchr.obj (.text)
                  0000bd0c    00000016     driverlib.lib : i2c.obj (.text:I2CMasterErr)
                  0000bd22    00000016                   : timer.obj (.text:TimerControlEvent)
                  0000bd38    00000016     rtsv7M4_T_le_v4SPD16_eabi.lib : strchr.obj (.text)
                  0000bd4e    00000002     --HOLE-- [fill = 0]
                  0000bd50    00000014     driverlib.lib : sysctl.obj (.text:SysCtlPWMClockSet)
                  0000bd64    00000014                   : uart.obj (.text:UARTEnable)
                  0000bd78    00000014     rtsv7M4_T_le_v4SPD16_eabi.lib : _lock.obj (.text)
                  0000bd8c    00000014                                   : s_copysign.obj (.text)
                  0000bda0    00000014                                   : strcpy.obj (.text)
                  0000bdb4    00000014                                   : strlen.obj (.text)
                  0000bdc8    00000012     driverlib.lib : gpio.obj (.text:GPIOPinTypeI2C)
                  0000bdda    00000012                   : gpio.obj (.text:GPIOPinTypeI2CSCL)
                  0000bdec    00000012                   : gpio.obj (.text:GPIOPinTypePWM)
                  0000bdfe    00000012                   : gpio.obj (.text:GPIOPinTypeTimer)
                  0000be10    00000012                   : gpio.obj (.text:GPIOPinTypeUART)
                  0000be22    00000012                   : pwm.obj (.text:PWMGenPeriodGet)
                  0000be34    00000012                   : pwm.obj (.text:PWMOutputState)
                  0000be46    00000012                   : timer.obj (.text:TimerLoadSet)
                  0000be58    00000010                   : fpu.obj (.text:FPUEnable)
                  0000be68    00000010                   : fpu.obj (.text:FPULazyStackingEnable)
                  0000be78    00000010                   : interrupt.obj (.text:IntMasterEnable)
                  0000be88    00000010                   : pwm.obj (.text:PWMGenPeriodSet)
                  0000be98    0000000e                   : timer.obj (.text:TimerEnable)
                  0000bea6    0000000e                   : uart.obj (.text:UARTCharGetNonBlocking)
                  0000beb4    0000000e                   : uart.obj (.text:UARTCharsAvail)
                  0000bec2    0000000e     rtsv7M4_T_le_v4SPD16_eabi.lib : copy_decompress_none.obj (.text:decompress:none)
                  0000bed0    0000000c     driverlib.lib : cpu.obj (.text:CPUcpsie)
                  0000bedc    0000000c                   : pwm.obj (.text:PWMGenEnable)
                  0000bee8    0000000c     rtsv7M4_T_le_v4SPD16_eabi.lib : copy_zero_init.obj (.text:decompress:ZI)
                  0000bef4    0000000c     tm4c123gh6pm_startup_ccs.obj (.text)
                  0000bf00    0000000a     driverlib.lib : i2c.obj (.text:I2CMasterEnable)
                  0000bf0a    0000000a                   : timer.obj (.text:TimerIntDisable)
                  0000bf14    0000000a                   : timer.obj (.text:TimerIntStatus)
                  0000bf1e    0000000a                   : timer.obj (.text:TimerValueGet)
                  0000bf28    0000000a                   : uart.obj (.text:UARTCharGet)
                  0000bf32    0000000a                   : uart.obj (.text:UARTCharPut)
                  0000bf3c    0000000a                   : uart.obj (.text:UARTIntStatus)
                  0000bf46    00000008                   : i2c.obj (.text:I2CMasterBusy)
                  0000bf4e    00000008                   : i2c.obj (.text:I2CMasterSlaveAddrSet)
                  0000bf56    00000008                   : timer.obj (.text:TimerIntEnable)
                  0000bf5e    00000008                   : uart.obj (.text:UARTIntEnable)
                  0000bf66    00000006                   : gpio.obj (.text:GPIOPinWrite)
                  0000bf6c    00000006                   : sysctl.obj (.text:SysCtlDelay)
                  0000bf72    00000006                   : uart.obj (.text:UARTClockSourceSet)
                  0000bf78    00000004                   : i2c.obj (.text:I2CMasterControl)
                  0000bf7c    00000004                   : i2c.obj (.text:I2CMasterDataGet)
                  0000bf80    00000004                   : i2c.obj (.text:I2CMasterDataPut)
                  0000bf84    00000004                   : timer.obj (.text:TimerIntClear)
                  0000bf88    00000004                   : uart.obj (.text:UARTIntClear)
                  0000bf8c    00000004     rtsv7M4_T_le_v4SPD16_eabi.lib : pre_init.obj (.text)

.const     0    0000bf90    00001220     
                  0000bf90    00000bf6     inv_mpu_dmp_motion_driver.obj (.const:.string:dmp_memory)
                  0000cb86    00000101     rtsv7M4_T_le_v4SPD16_eabi.lib : ctype.obj (.const:.string:_ctypes_)
                  0000cc87    00000001     --HOLE-- [fill = 0]
                  0000cc88    0000009c     driverlib.lib : interrupt.obj (.const:g_pui32Regs)
                  0000cd24    00000004     uartstdio.obj (.const)
                  0000cd28    00000098     rtsv7M4_T_le_v4SPD16_eabi.lib : s_atan.obj (.const:$O1$$)
                  0000cdc0    00000098                                   : strtod.obj (.const:$O1$$)
                  0000ce58    00000090     driverlib.lib : gpio.obj (.const:g_pui32GPIOBaseAddrs)
                  0000cee8    00000070                   : interrupt.obj (.const)
                  0000cf58    0000006c                   : sysctl.obj (.const:g_pui32Xtals)
                  0000cfc4    00000060                   : timer.obj (.const:g_ppui32TimerIntMap)
                  0000d024    00000040                   : timer.obj (.const:g_ppui32TimerIntMapSnowflake)
                  0000d064    00000040                   : uart.obj (.const:g_ppui32UARTIntMap)
                  0000d0a4    00000040                   : uart.obj (.const:g_ppui32UARTIntMapSnowflake)
                  0000d0e4    00000028     inv_mpu.obj (.const:test)
                  0000d10c    0000001b     inv_mpu.obj (.const:reg)
                  0000d127    00000001     --HOLE-- [fill = 0]
                  0000d128    00000012     uartstdio.obj (.const:.string)
                  0000d13a    00000002     inv_mpu_dmp_motion_driver.obj (.const)
                  0000d13c    00000010     rtsv7M4_T_le_v4SPD16_eabi.lib : _scanfi.obj (.const:$O1$$)
                  0000d14c    0000000c     inv_mpu_dmp_motion_driver.obj (.const:.string:$P$T4$5)
                  0000d158    0000000c     uartstdio.obj (.const:g_ui32UARTBase)
                  0000d164    0000000c     uartstdio.obj (.const:g_ui32UARTPeriph)
                  0000d170    0000000c     inv_mpu.obj (.const:hw)
                  0000d17c    0000000b     inv_mpu_dmp_motion_driver.obj (.const:.string:$P$T7$8)
                  0000d187    0000000b     inv_mpu_dmp_motion_driver.obj (.const:.string:$P$T8$9)
                  0000d192    00000009     inv_mpu_dmp_motion_driver.obj (.const:.string:$P$T5$6)
                  0000d19b    00000009     inv_mpu_dmp_motion_driver.obj (.const:.string:$P$T6$7)
                  0000d1a4    00000003     inv_mpu_dmp_motion_driver.obj (.const:.string:$P$T0$1)
                  0000d1a7    00000003     inv_mpu_dmp_motion_driver.obj (.const:.string:$P$T1$2)
                  0000d1aa    00000003     inv_mpu_dmp_motion_driver.obj (.const:.string:$P$T2$3)
                  0000d1ad    00000003     inv_mpu_dmp_motion_driver.obj (.const:.string:$P$T3$4)

.cinit     0    0000d1b0    000000d0     
                  0000d1b0    00000098     (.cinit..data.load) [load image, compression = lzss]
                  0000d248    0000000c     (__TI_handler_table)
                  0000d254    00000004     --HOLE-- [fill = 0]
                  0000d258    00000008     (.cinit..bss.load) [load image, compression = zero_init]
                  0000d260    00000008     (.cinit..vtable.load) [load image, compression = zero_init]
                  0000d268    00000018     (__TI_cinit_table)

.init_array 
*          0    00000000    00000000     UNINITIALIZED

.vtable    0    20000000    0000026c     UNINITIALIZED
                  20000000    0000026c     driverlib.lib : interrupt.obj (.vtable)

.data      0    2000026c    0000027c     UNINITIALIZED
                  2000026c    000000f0     rtsv7M4_T_le_v4SPD16_eabi.lib : defs.obj (.data:_ftable)
                  2000035c    000000d0                                   : lowlev.obj (.data:$O1$$)
                  2000042c    0000002c     inv_mpu.obj (.data:st)
                  20000458    00000014     main.obj (.data)
                  2000046c    00000010     inv_mpu_dmp_motion_driver.obj (.data:dmp)
                  2000047c    00000010     rtsv7M4_T_le_v4SPD16_eabi.lib : defs.obj (.data)
                  2000048c    0000000c                                   : exit.obj (.data:$O1$$)
                  20000498    0000000c                                   : memory.obj (.data:$O1$$)
                  200004a4    00000009     inv_mpu.obj (.data:gyro_orientation)
                  200004ad    00000003     interrupt_handler.obj (.data)
                  200004b0    00000008     rtsv7M4_T_le_v4SPD16_eabi.lib : _lock.obj (.data:$O1$$)
                  200004b8    00000008     car_ctrl.obj (.data)
                  200004c0    00000008     interrupt_handler.obj (.data:value$2)
                  200004c8    00000008     interrupt_handler.obj (.data:value$4)
                  200004d0    00000005     uartstdio.obj (.data)
                  200004d5    00000003     --HOLE--
                  200004d8    00000004     rtsv7M4_T_le_v4SPD16_eabi.lib : errno.obj (.data)
                  200004dc    00000004                                   : fopen.obj (.data)
                  200004e0    00000004                                   : stkdepth_vars.obj (.data)
                  200004e4    00000004                                   : strtok.obj (.data)

.bss       0    200004e8    00000271     UNINITIALIZED
                  200004e8    00000120     rtsv7M4_T_le_v4SPD16_eabi.lib : trgmsg.obj (.bss:_CIOBUF_)
                  20000608    000000a0     (.common:__TI_tmpnams)
                  200006a8    00000024     (.common:pid_pos)
                  200006cc    00000024     (.common:pid_yaw)
                  200006f0    00000020     (.common:uart1_buff)
                  20000710    00000014     (.common:uart0_buff)
                  20000724    00000014     (.common:uart2_buff)
                  20000738    00000014     (.common:uart5_buff)
                  2000074c    00000008                                   : trgdrv.obj (.bss:parmbuf)
                  20000754    00000004     (.common:pwm_clock_div)
                  20000758    00000001     (.common:uart_flag)

.stack     0    2000075c    00000200     UNINITIALIZED
                  2000075c    00000200     --HOLE--

.sysmem    0    20000960    00000080     UNINITIALIZED
                  20000960    00000008     rtsv7M4_T_le_v4SPD16_eabi.lib : memory.obj (.sysmem)
                  20000968    00000078     --HOLE--

MODULE SUMMARY

       Module                          code    ro data   rw data
       ------                          ----    -------   -------
    .\
       uartstdio.obj                   1180    46        5      
       tm4c123gh6pm_startup_ccs.obj    12      620       0      
       interrupt_handler.obj           588     0         19     
       main.obj                        500     0         21     
    +--+-------------------------------+-------+---------+---------+
       Total:                          2280    666       45     
                                                                
    .\drivers\PID\
       pid.obj                         2024    0         72     
    +--+-------------------------------+-------+---------+---------+
       Total:                          2024    0         72     
                                                                
    .\drivers\car_ctrl\
       car_ctrl.obj                    1292    0         8      
    +--+-------------------------------+-------+---------+---------+
       Total:                          1292    0         8      
                                                                
    .\drivers\mpu6050\
       inv_mpu.obj                     10704   79        53     
       inv_mpu_dmp_motion_driver.obj   4232    3128      16     
       I2C_Init.obj                    2708    0         0      
    +--+-------------------------------+-------+---------+---------+
       Total:                          17644   3207      69     
                                                                
    .\drivers\my_delay\
       delay.obj                       80      0         0      
    +--+-------------------------------+-------+---------+---------+
       Total:                          80      0         0      
                                                                
    .\drivers\pwm\
       pwm_config.obj                  796     0         4      
    +--+-------------------------------+-------+---------+---------+
       Total:                          796     0         4      
                                                                
    .\drivers\timer\
       timer_config.obj                304     0         0      
    +--+-------------------------------+-------+---------+---------+
       Total:                          304     0         0      
                                                                
    .\drivers\uart\
       uart.obj                        2212    0         92     
    +--+-------------------------------+-------+---------+---------+
       Total:                          2212    0         92     
                                                                
    .\drivers\ultra\
       distance.obj                    148     0         0      
    +--+-------------------------------+-------+---------+---------+
       Total:                          148     0         0      
                                                                
    F:/TM4/TivaWare_C_Series-2.1.4.178/driverlib/ccs/Debug/driverlib.lib
       interrupt.obj                   208     268       620    
       sysctl.obj                      706     108       0      
       gpio.obj                        540     144       0      
       timer.obj                       292     160       0      
       uart.obj                        286     128       0      
       i2c.obj                         136     0         0      
       pwm.obj                         128     0         0      
       fpu.obj                         32      0         0      
       cpu.obj                         12      0         0      
    +--+-------------------------------+-------+---------+---------+
       Total:                          2340    808       620    
                                                                
    F:\TM4\ccsv7\tools\compiler\ti-cgt-arm_16.9.0.LTS\lib\rtsv7M4_T_le_v4SPD16_eabi.lib
       _printfi.obj                    4410    0         0      
       _scanfi.obj                     2200    16        0      
       lowlev.obj                      780     0         208    
       memory.obj                      976     0         12     
       s_atan.obj                      748     152       0      
       trgdrv.obj                      804     0         8      
       strtod.obj                      572     152       0      
       ll_div_t2.obj                   542     0         0      
       ull_div_t2.obj                  500     0         0      
       e_atan2.obj                     492     0         0      
       strtoll.obj                     476     0         0      
       fopen.obj                       452     0         4      
       fd_add_t2.obj                   438     0         0      
       defs.obj                        0       0         416    
       trgmsg.obj                      104     0         288    
       strtoull.obj                    348     0         0      
       fd_div_t2.obj                   310     0         0      
       fputs.obj                       308     0         0      
       strtol.obj                      308     0         0      
       strtoul.obj                     276     0         0      
       fd_cmp_t2.obj                   268     0         0      
       ctype.obj                       0       257       0      
       fd_mul_t2.obj                   252     0         0      
       s_scalbn.obj                    252     0         0      
       setvbuf.obj                     220     0         0      
       sscanf.obj                      204     0         0      
       fflush.obj                      200     0         0      
       _io_perm.obj                    172     0         0      
       memcpy_t2.obj                   156     0         0      
       fclose.obj                      152     0         0      
       fputc.obj                       152     0         0      
       memset_t2.obj                   122     0         0      
       autoinit.obj                    112     0         0      
       printf.obj                      112     0         0      
       fd_tos_t2.obj                   110     0         0      
       fs_toll_t2.obj                  108     0         0      
       copy_decompress_lzss.obj        104     0         0      
       fseek.obj                       100     0         0      
       s_frexp.obj                     100     0         0      
       exit.obj                        84      0         12     
       sprintf.obj                     96      0         0      
       ltoa.obj                        86      0         0      
       boot.obj                        84      0         0      
       atoi.obj                        76      0         0      
       cpy_tbl.obj                     76      0         0      
       fd_toi_t2.obj                   72      0         0      
       ll_tofs_t2.obj                  72      0         0      
       strtok.obj                      64      0         4      
       u_divt2.obj                     64      0         0      
       fs_tod_t2.obj                   56      0         0      
       strncpy.obj                     54      0         0      
       i_tofd_t2.obj                   46      0         0      
       strspn.obj                      42      0         0      
       memcmp.obj                      36      0         0      
       strcspn.obj                     36      0         0      
       memchr.obj                      32      0         0      
       _lock.obj                       20      0         8      
       memccpy.obj                     28      0         0      
       args_main.obj                   24      0         0      
       ll_mul_t2.obj                   24      0         0      
       strcmp.obj                      24      0         0      
       strrchr.obj                     24      0         0      
       strchr.obj                      22      0         0      
       s_copysign.obj                  20      0         0      
       strcpy.obj                      20      0         0      
       strlen.obj                      20      0         0      
       copy_decompress_none.obj        14      0         0      
       copy_zero_init.obj              12      0         0      
       errno.obj                       0       0         4      
       pre_init.obj                    4       0         0      
       stkdepth_vars.obj               0       0         4      
       i_div0.obj                      2       0         0      
       l_div0.obj                      2       0         0      
       mpu_init.obj                    2       0         0      
       startup.obj                     2       0         0      
    +--+-------------------------------+-------+---------+---------+
       Total:                          19280   577       968    
                                                                
       Heap:                           0       0         128    
       Stack:                          0       0         512    
       Linker Generated:               0       204       0      
    +--+-------------------------------+-------+---------+---------+
       Grand Total:                    48400   5462      2518   


LINKER GENERATED COPY TABLES

__TI_cinit_table @ 0000d268 records: 3, size/record: 8, table size: 24
	.data: load addr=0000d1b0, load size=00000098 bytes, run addr=2000026c, run size=0000027c bytes, compression=lzss
	.bss: load addr=0000d258, load size=00000008 bytes, run addr=200004e8, run size=00000271 bytes, compression=zero_init
	.vtable: load addr=0000d260, load size=00000008 bytes, run addr=20000000, run size=0000026c bytes, compression=zero_init


LINKER GENERATED HANDLER TABLE

__TI_handler_table @ 0000d248 records: 3, size/record: 4, table size: 12
	index: 0, handler: __TI_zero_init
	index: 1, handler: __TI_decompress_lzss
	index: 2, handler: __TI_decompress_none


GLOBAL SYMBOLS: SORTED ALPHABETICALLY BY Name 

address   name                            
-------   ----                            
0000b5d9  C$$EXIT                         
0000b36b  C$$IO$$                         
0000bed1  CPUcpsie                        
000070b1  Change_pid                      
00005f55  Datapro                         
0000be59  FPUEnable                       
0000be69  FPULazyStackingEnable           
0000bb03  GPIODirModeSet                  
0000a239  GPIOPadConfigSet                
0000b7ad  GPIOPinConfigure                
0000bc63  GPIOPinTypeGPIOOutput           
0000bdc9  GPIOPinTypeI2C                  
0000bddb  GPIOPinTypeI2CSCL               
0000bded  GPIOPinTypePWM                  
0000bdff  GPIOPinTypeTimer                
0000be11  GPIOPinTypeUART                 
0000bf67  GPIOPinWrite                    
0000820b  HOSTclock                       
000081d3  HOSTclose                       
00008195  HOSTgetenv                      
00008139  HOSTlseek                       
000080e7  HOSTopen                        
0000809b  HOSTread                        
0000803d  HOSTrename                      
00008003  HOSTtime                        
00007fb5  HOSTtime64                      
00007f7d  HOSTunlink                      
00007f31  HOSTwrite                       
00004edf  I2C0_Init                       
00004e67  I2C0_ReadOneByte                
00004e01  I2C0_WriteOneByte               
0000bf47  I2CMasterBusy                   
0000bf79  I2CMasterControl                
0000bf7d  I2CMasterDataGet                
0000bf81  I2CMasterDataPut                
0000bf01  I2CMasterEnable                 
0000bd0d  I2CMasterErr                    
0000b67d  I2CMasterInitExpClk             
0000bf4f  I2CMasterSlaveAddrSet           
00005577  I2CReadRegMultiByte             
00005707  I2CReadRegMultiByte_MPU         
00005365  I2CReadRegOneByte               
00005449  I2CReadRegTwoByte               
000050f5  I2CWriteRegMultiByte            
00005231  I2CWriteRegMultiByte_MPU        
00004f19  I2CWriteRegOneByte              
00004fc7  I2CWriteRegTwoByte              
000092f5  INT_pri                         
0000b26d  IntEnable                       
0000be79  IntMasterEnable                 
0000bb59  IntPrioritySet                  
0000ba6d  IntRegister                     
000069d1  PID_Init                        
00006acf  PID_operation                   
00006bbd  PID_out                         
00006075  PS2_Data_pro                    
00009319  PS2_choice                      
20000459  PS2_flag                        
00008267  PWM0_0123_init                  
000083bb  PWM0_4567_init                  
0000bbc5  PWMGenConfigure                 
0000bedd  PWMGenEnable                    
0000be23  PWMGenPeriodGet                 
0000be89  PWMGenPeriodSet                 
0000be35  PWMOutputState                  
0000bc29  PWMPulseWidthSet                
00008255  PWM_clock_div_set               
20000458  Pose                            
0000bef5  ResetISR                        
UNDEFED   SHT$$INIT_ARRAY$$Base           
UNDEFED   SHT$$INIT_ARRAY$$Limit          
0000a5b1  SysCtlClockGet                  
0000a8b9  SysCtlClockSet                  
0000bf6d  SysCtlDelay                     
0000bd51  SysCtlPWMClockSet               
0000baa1  SysCtlPeripheralEnable          
0000b98d  SysCtlPeripheralPresent         
0000b9c5  SysCtlPeripheralReady           
00008b69  Timer0_IntHandler               
0000b46d  TimerConfigure                  
0000bd23  TimerControlEvent               
0000be99  TimerEnable                     
0000bf85  TimerIntClear                   
0000bf0b  TimerIntDisable                 
0000bf57  TimerIntEnable                  
0000bc7b  TimerIntRegister                
0000bf15  TimerIntStatus                  
0000be47  TimerLoadSet                    
0000bf1f  TimerValueGet                   
00005e35  UART0IntHandler                 
00005cc5  UART0_init                      
00005e77  UART1IntHandler                 
00005d1f  UART1_Init                      
00005eb9  UART2IntHandler                 
00005d71  UART2_Init                      
00005f03  UART5IntHandler                 
00005dd3  UART5_Init                      
0000bf29  UARTCharGet                     
0000bea7  UARTCharGetNonBlocking          
0000bf33  UARTCharPut                     
0000beb5  UARTCharsAvail                  
0000bf73  UARTClockSourceSet              
0000b885  UARTConfigSetExpClk             
0000bbe9  UARTDisable                     
0000bd65  UARTEnable                      
0000bf89  UARTIntClear                    
0000bf5f  UARTIntEnable                   
0000bc93  UARTIntRegister                 
0000bf3d  UARTIntStatus                   
000076c5  UARTStdioConfig                 
000058a9  UART_recive_char                
00005c89  UART_recive_string              
00005895  UART_send_char                  
00005bc5  UART_send_char_string           
000059b3  UART_send_float                 
00005c21  UART_send_float_string          
00005995  UART_send_int16_t               
00005b65  UART_send_int16_t_string        
0000597b  UART_send_int32_t               
00005b05  UART_send_int32_t_string        
000058df  UART_send_int64_t               
00005aa3  UART_send_int64_t_string        
000058bd  UART_send_string                
0000780b  UARTgetc                        
00007751  UARTgets                        
00007b2b  UARTprintf                      
00007831  UARTvprintf                     
0000770b  UARTwrite                       
0000a3d1  WTimer0_CCP01_init              
00008bb5  WTimer0_CCP0_IntHandler         
00008c8f  WTimer0_CCP1_IntHandler         
200004e8  __CIOBUF_                       
2000095c  __STACK_END                     
00000200  __STACK_SIZE                    
2000095c  __STACK_TOP                     
00000080  __SYSMEM_SIZE                   
0000d268  __TI_CINIT_Base                 
0000d280  __TI_CINIT_Limit                
0000d248  __TI_Handler_Table_Base         
0000d254  __TI_Handler_Table_Limit        
0000b0b1  __TI_auto_init                  
00009a89  __TI_cleanup                    
2000048c  __TI_cleanup_ptr                
0000ad65  __TI_closefile                  
0000b2d5  __TI_decompress_lzss            
0000bec3  __TI_decompress_none            
0000ab55  __TI_doflush                    
20000490  __TI_dtors_ptr                  
20000494  __TI_enable_exit_profile_output 
2000047c  __TI_ft_end                     
ffffffff  __TI_pprof_out_hndl             
0000347d  __TI_printfi                    
ffffffff  __TI_prof_data_size             
ffffffff  __TI_prof_data_start            
0000ac7f  __TI_rd_ok                      
0000b36f  __TI_readmsg                    
00006139  __TI_scanfi                     
00000000  __TI_static_base__              
20000608  __TI_tmpnams                    
0000b33d  __TI_writemsg                   
0000ac1d  __TI_wrt_ok                     
0000bee9  __TI_zero_init                  
0000af29  __aeabi_cdcmpeq                 
0000af29  __aeabi_cdcmple                 
0000afaf  __aeabi_cdrcmple                
0000b191  __aeabi_d2f                     
0000b7f5  __aeabi_d2iz                    
00009b8f  __aeabi_dadd                    
00009e99  __aeabi_ddiv                    
0000a6c1  __aeabi_dmul                    
00009b85  __aeabi_dsub                    
0000b9fd  __aeabi_f2d                     
0000b1ff  __aeabi_f2lz                    
0000bad5  __aeabi_i2d                     
00003d77  __aeabi_idiv0                   
0000b83d  __aeabi_l2f                     
0000920f  __aeabi_ldiv0                   
00008ff1  __aeabi_ldivmod                 
0000bcc5  __aeabi_lmul                    
0000b035  __aeabi_memclr                  
0000b035  __aeabi_memclr4                 
0000b035  __aeabi_memclr8                 
0000acc9  __aeabi_memcpy                  
0000acc9  __aeabi_memcpy4                 
0000acc9  __aeabi_memcpy8                 
0000b037  __aeabi_memset                  
0000b037  __aeabi_memset4                 
0000b037  __aeabi_memset8                 
20000488  __aeabi_stderr                  
20000480  __aeabi_stdin                   
20000484  __aeabi_stdout                  
0000b94d  __aeabi_uidiv                   
0000b94d  __aeabi_uidivmod                
00009405  __aeabi_uldivmod                
ffffffff  __binit__                       
ffffffff  __c_args__                      
00009d3b  __mpu_init                      
2000075c  __stack                         
0000bcad  _args_main                      
0000b585  _c_int00                        
0000cb86  _ctypes_                        
2000026c  _ftable                         
200004b0  _lock                           
0000bd87  _nop                            
0000bd7f  _register_lock                  
0000bd79  _register_unlock                
20000960  _sys_memory                     
00009fcf  _system_post_cinit              
0000bf8d  _system_pre_init                
200004b4  _unlock                         
0000b5dd  abort                           
000087d1  add_device                      
0000887d  atan                            
000095f9  atan2                           
000095f9  atan2l                          
0000887d  atanl                           
0000b715  atoi                            
ffffffff  binit                           
00007f01  calloc                          
000073bb  car_back_left                   
00007383  car_back_right                  
000071b9  car_ctrl_init                   
0000734b  car_forward_left                
00007313  car_forward_right               
00007257  car_go_back                     
00007233  car_go_forward                  
0000727b  car_go_left                     
0000729f  car_go_right                    
000073f3  car_left_left                   
0000742b  car_left_right                  
00007463  car_right_left                  
0000749b  car_right_right                 
000074e5  car_stop                        
000072c3  car_turn_left                   
000072eb  car_turn_right                  
000075e5  car_wheel_dir_set               
00007561  car_wheel_speed_set             
00006a29  check_yaw                       
00008781  close                           
00006f35  constrain_int                   
0000b761  copy_in                         
0000bd8d  copysign                        
0000bd8d  copysignl                       
0000b645  delay_ms                        
0000b65f  delay_s                         
0000b62d  delay_us                        
20000460  dis2                            
20000464  dis3                            
0000aed1  distance2_trig                  
0000aef7  distance3_trig                  
0000ae95  distance_measure_init           
00004a6f  dmp_enable_6x_lp_quat           
0000476f  dmp_enable_feature              
000049dd  dmp_enable_gyro_cal             
00004a2d  dmp_enable_lp_quat              
000049c9  dmp_get_enabled_features        
00004239  dmp_get_fifo_rate               
00004659  dmp_get_pedometer_step_count    
000046df  dmp_get_pedometer_walk_time     
00003d79  dmp_load_motion_driver_firmware 
00004b89  dmp_read_fifo                   
00004ddb  dmp_register_android_orient_cb  
00004dc9  dmp_register_tap_cb             
00004071  dmp_set_accel_bias              
000041b9  dmp_set_fifo_rate               
00003f15  dmp_set_gyro_bias               
00004b27  dmp_set_interrupt_mode          
00003d8d  dmp_set_orientation             
000046a5  dmp_set_pedometer_step_count    
0000472b  dmp_set_pedometer_walk_time     
00004569  dmp_set_shake_reject_thresh     
000045c5  dmp_set_shake_reject_time       
00004609  dmp_set_shake_reject_timeout    
00004459  dmp_set_tap_axes                
000044b1  dmp_set_tap_count               
00004251  dmp_set_tap_thresh              
000044f5  dmp_set_tap_time                
0000452d  dmp_set_tap_time_multi          
200004d8  errno                           
0000b5e5  exit                            
0000adcb  fclose                          
0000aba1  fflush                          
00009adf  fopen                           
0000adfd  fputc                           
00009fd1  fputs                           
00007c4b  free                            
00009ab5  freopen                         
0000b409  frexp                           
0000b409  frexpl                          
0000b3a5  fseek                           
20000000  g_pfnRAMVectors                 
00000000  g_pfnVectors                    
0000d170  hw                              
00002915  inv_orientation_matrix_to_scalar
0000297d  inv_row_2_scale                 
0000a7bd  ldexp                           
0000a7bd  ldexpl                          
0000875d  lseek                           
0000b52d  ltoa                            
00009211  main                            
200004e0  main_func_sp                    
00007be1  malloc                          
00007e15  memalign                        
0000bc47  memccpy                         
0000bc09  memchr                          
0000bb7d  memcmp                          
0000acc9  memcpy                          
0000b03d  memset                          
000029fd  mget_ms                         
00007b61  minit                           
00001191  mpu_configure_fifo              
00002af1  mpu_dmp_get_data                
00002a0d  mpu_dmp_init                    
00000da5  mpu_get_accel_fsr               
00000825  mpu_get_accel_reg               
00001119  mpu_get_accel_sens              
000025eb  mpu_get_compass_fsr             
000025db  mpu_get_compass_reg             
00001097  mpu_get_compass_sample_rate     
000025c1  mpu_get_dmp_state               
00001179  mpu_get_fifo_config             
00000cb9  mpu_get_gyro_fsr                
000006dd  mpu_get_gyro_reg                
000010c9  mpu_get_gyro_sens               
00001357  mpu_get_int_status              
00000e95  mpu_get_lpf                     
00001223  mpu_get_power_state             
00000fbd  mpu_get_sample_rate             
00000899  mpu_get_temperature             
000003d5  mpu_init                        
00002411  mpu_load_firmware               
000005e5  mpu_lp_accel_mode               
00002609  mpu_lp_motion_interrupt         
000013b9  mpu_read_fifo                   
00001659  mpu_read_fifo_stream            
00002379  mpu_read_mem                    
0000037d  mpu_read_reg                    
0000030f  mpu_reg_dump                    
00000ae1  mpu_reset_fifo                  
00002171  mpu_run_self_test               
0000094d  mpu_set_accel_bias              
00000e05  mpu_set_accel_fsr               
00001765  mpu_set_bypass                  
000010b1  mpu_set_compass_sample_rate     
0000252d  mpu_set_dmp_state               
00000d0b  mpu_set_gyro_fsr                
000018e5  mpu_set_int_latched             
000018cf  mpu_set_int_level               
00000f15  mpu_set_lpf                     
00000fe1  mpu_set_sample_rate             
00001255  mpu_set_sensors                 
000022e5  mpu_write_mem                   
000086af  open                            
200006a8  pid_pos                         
200006cc  pid_yaw                         
00006e21  position_pid                    
0000b129  printf                          
0000adfd  putc                            
0000ae81  putchar                         
0000a0dd  puts                            
20000754  pwm_clock_div                   
0000868b  read                            
00007d0d  realloc                         
0000d10c  reg                             
00008601  remove                          
00008663  remove_device                   
00008625  rename                          
00002869  run_self_test                   
0000a7bd  scalbn                          
0000a7bd  scalbnl                         
2000045c  set_yaw                         
000025d5  setup_compass                   
0000a9ad  setvbuf                         
0000b4cd  sprintf                         
0000aa9b  sscanf                          
00006f89  str_float                       
0000bd39  strchr                          
0000bcdd  strcmp                          
0000bda1  strcpy                          
0000bba1  strcspn                         
0000bdb5  strlen                          
0000ba35  strncpy                         
0000bcf5  strrchr                         
0000bb2d  strspn                          
00008db5  strtod                          
0000b90d  strtok                          
0000a105  strtol                          
00008db5  strtold                         
000097e5  strtoll                         
0000a49d  strtoul                         
00009d3d  strtoull                        
0000d0e4  test                            
0000a36d  timer0_init                     
20000710  uart0_buff                      
200006f0  uart1_buff                      
20000724  uart2_buff                      
20000738  uart5_buff                      
20000758  uart_flag                       
00008601  unlink                          
0000aa89  vsscanf                         
200004b8  w1_speed                        
200004ba  w2_speed                        
200004bc  w3_speed                        
200004be  w4_speed                        
00008571  write                           
20000468  yaw                             


GLOBAL SYMBOLS: SORTED BY Symbol Address 

address   name                            
-------   ----                            
00000000  __TI_static_base__              
00000000  g_pfnVectors                    
00000080  __SYSMEM_SIZE                   
00000200  __STACK_SIZE                    
0000030f  mpu_reg_dump                    
0000037d  mpu_read_reg                    
000003d5  mpu_init                        
000005e5  mpu_lp_accel_mode               
000006dd  mpu_get_gyro_reg                
00000825  mpu_get_accel_reg               
00000899  mpu_get_temperature             
0000094d  mpu_set_accel_bias              
00000ae1  mpu_reset_fifo                  
00000cb9  mpu_get_gyro_fsr                
00000d0b  mpu_set_gyro_fsr                
00000da5  mpu_get_accel_fsr               
00000e05  mpu_set_accel_fsr               
00000e95  mpu_get_lpf                     
00000f15  mpu_set_lpf                     
00000fbd  mpu_get_sample_rate             
00000fe1  mpu_set_sample_rate             
00001097  mpu_get_compass_sample_rate     
000010b1  mpu_set_compass_sample_rate     
000010c9  mpu_get_gyro_sens               
00001119  mpu_get_accel_sens              
00001179  mpu_get_fifo_config             
00001191  mpu_configure_fifo              
00001223  mpu_get_power_state             
00001255  mpu_set_sensors                 
00001357  mpu_get_int_status              
000013b9  mpu_read_fifo                   
00001659  mpu_read_fifo_stream            
00001765  mpu_set_bypass                  
000018cf  mpu_set_int_level               
000018e5  mpu_set_int_latched             
00002171  mpu_run_self_test               
000022e5  mpu_write_mem                   
00002379  mpu_read_mem                    
00002411  mpu_load_firmware               
0000252d  mpu_set_dmp_state               
000025c1  mpu_get_dmp_state               
000025d5  setup_compass                   
000025db  mpu_get_compass_reg             
000025eb  mpu_get_compass_fsr             
00002609  mpu_lp_motion_interrupt         
00002869  run_self_test                   
00002915  inv_orientation_matrix_to_scalar
0000297d  inv_row_2_scale                 
000029fd  mget_ms                         
00002a0d  mpu_dmp_init                    
00002af1  mpu_dmp_get_data                
0000347d  __TI_printfi                    
00003d77  __aeabi_idiv0                   
00003d79  dmp_load_motion_driver_firmware 
00003d8d  dmp_set_orientation             
00003f15  dmp_set_gyro_bias               
00004071  dmp_set_accel_bias              
000041b9  dmp_set_fifo_rate               
00004239  dmp_get_fifo_rate               
00004251  dmp_set_tap_thresh              
00004459  dmp_set_tap_axes                
000044b1  dmp_set_tap_count               
000044f5  dmp_set_tap_time                
0000452d  dmp_set_tap_time_multi          
00004569  dmp_set_shake_reject_thresh     
000045c5  dmp_set_shake_reject_time       
00004609  dmp_set_shake_reject_timeout    
00004659  dmp_get_pedometer_step_count    
000046a5  dmp_set_pedometer_step_count    
000046df  dmp_get_pedometer_walk_time     
0000472b  dmp_set_pedometer_walk_time     
0000476f  dmp_enable_feature              
000049c9  dmp_get_enabled_features        
000049dd  dmp_enable_gyro_cal             
00004a2d  dmp_enable_lp_quat              
00004a6f  dmp_enable_6x_lp_quat           
00004b27  dmp_set_interrupt_mode          
00004b89  dmp_read_fifo                   
00004dc9  dmp_register_tap_cb             
00004ddb  dmp_register_android_orient_cb  
00004e01  I2C0_WriteOneByte               
00004e67  I2C0_ReadOneByte                
00004edf  I2C0_Init                       
00004f19  I2CWriteRegOneByte              
00004fc7  I2CWriteRegTwoByte              
000050f5  I2CWriteRegMultiByte            
00005231  I2CWriteRegMultiByte_MPU        
00005365  I2CReadRegOneByte               
00005449  I2CReadRegTwoByte               
00005577  I2CReadRegMultiByte             
00005707  I2CReadRegMultiByte_MPU         
00005895  UART_send_char                  
000058a9  UART_recive_char                
000058bd  UART_send_string                
000058df  UART_send_int64_t               
0000597b  UART_send_int32_t               
00005995  UART_send_int16_t               
000059b3  UART_send_float                 
00005aa3  UART_send_int64_t_string        
00005b05  UART_send_int32_t_string        
00005b65  UART_send_int16_t_string        
00005bc5  UART_send_char_string           
00005c21  UART_send_float_string          
00005c89  UART_recive_string              
00005cc5  UART0_init                      
00005d1f  UART1_Init                      
00005d71  UART2_Init                      
00005dd3  UART5_Init                      
00005e35  UART0IntHandler                 
00005e77  UART1IntHandler                 
00005eb9  UART2IntHandler                 
00005f03  UART5IntHandler                 
00005f55  Datapro                         
00006075  PS2_Data_pro                    
00006139  __TI_scanfi                     
000069d1  PID_Init                        
00006a29  check_yaw                       
00006acf  PID_operation                   
00006bbd  PID_out                         
00006e21  position_pid                    
00006f35  constrain_int                   
00006f89  str_float                       
000070b1  Change_pid                      
000071b9  car_ctrl_init                   
00007233  car_go_forward                  
00007257  car_go_back                     
0000727b  car_go_left                     
0000729f  car_go_right                    
000072c3  car_turn_left                   
000072eb  car_turn_right                  
00007313  car_forward_right               
0000734b  car_forward_left                
00007383  car_back_right                  
000073bb  car_back_left                   
000073f3  car_left_left                   
0000742b  car_left_right                  
00007463  car_right_left                  
0000749b  car_right_right                 
000074e5  car_stop                        
00007561  car_wheel_speed_set             
000075e5  car_wheel_dir_set               
000076c5  UARTStdioConfig                 
0000770b  UARTwrite                       
00007751  UARTgets                        
0000780b  UARTgetc                        
00007831  UARTvprintf                     
00007b2b  UARTprintf                      
00007b61  minit                           
00007be1  malloc                          
00007c4b  free                            
00007d0d  realloc                         
00007e15  memalign                        
00007f01  calloc                          
00007f31  HOSTwrite                       
00007f7d  HOSTunlink                      
00007fb5  HOSTtime64                      
00008003  HOSTtime                        
0000803d  HOSTrename                      
0000809b  HOSTread                        
000080e7  HOSTopen                        
00008139  HOSTlseek                       
00008195  HOSTgetenv                      
000081d3  HOSTclose                       
0000820b  HOSTclock                       
00008255  PWM_clock_div_set               
00008267  PWM0_0123_init                  
000083bb  PWM0_4567_init                  
00008571  write                           
00008601  remove                          
00008601  unlink                          
00008625  rename                          
00008663  remove_device                   
0000868b  read                            
000086af  open                            
0000875d  lseek                           
00008781  close                           
000087d1  add_device                      
0000887d  atan                            
0000887d  atanl                           
00008b69  Timer0_IntHandler               
00008bb5  WTimer0_CCP0_IntHandler         
00008c8f  WTimer0_CCP1_IntHandler         
00008db5  strtod                          
00008db5  strtold                         
00008ff1  __aeabi_ldivmod                 
0000920f  __aeabi_ldiv0                   
00009211  main                            
000092f5  INT_pri                         
00009319  PS2_choice                      
00009405  __aeabi_uldivmod                
000095f9  atan2                           
000095f9  atan2l                          
000097e5  strtoll                         
00009a89  __TI_cleanup                    
00009ab5  freopen                         
00009adf  fopen                           
00009b85  __aeabi_dsub                    
00009b8f  __aeabi_dadd                    
00009d3b  __mpu_init                      
00009d3d  strtoull                        
00009e99  __aeabi_ddiv                    
00009fcf  _system_post_cinit              
00009fd1  fputs                           
0000a0dd  puts                            
0000a105  strtol                          
0000a239  GPIOPadConfigSet                
0000a36d  timer0_init                     
0000a3d1  WTimer0_CCP01_init              
0000a49d  strtoul                         
0000a5b1  SysCtlClockGet                  
0000a6c1  __aeabi_dmul                    
0000a7bd  ldexp                           
0000a7bd  ldexpl                          
0000a7bd  scalbn                          
0000a7bd  scalbnl                         
0000a8b9  SysCtlClockSet                  
0000a9ad  setvbuf                         
0000aa89  vsscanf                         
0000aa9b  sscanf                          
0000ab55  __TI_doflush                    
0000aba1  fflush                          
0000ac1d  __TI_wrt_ok                     
0000ac7f  __TI_rd_ok                      
0000acc9  __aeabi_memcpy                  
0000acc9  __aeabi_memcpy4                 
0000acc9  __aeabi_memcpy8                 
0000acc9  memcpy                          
0000ad65  __TI_closefile                  
0000adcb  fclose                          
0000adfd  fputc                           
0000adfd  putc                            
0000ae81  putchar                         
0000ae95  distance_measure_init           
0000aed1  distance2_trig                  
0000aef7  distance3_trig                  
0000af29  __aeabi_cdcmpeq                 
0000af29  __aeabi_cdcmple                 
0000afaf  __aeabi_cdrcmple                
0000b035  __aeabi_memclr                  
0000b035  __aeabi_memclr4                 
0000b035  __aeabi_memclr8                 
0000b037  __aeabi_memset                  
0000b037  __aeabi_memset4                 
0000b037  __aeabi_memset8                 
0000b03d  memset                          
0000b0b1  __TI_auto_init                  
0000b129  printf                          
0000b191  __aeabi_d2f                     
0000b1ff  __aeabi_f2lz                    
0000b26d  IntEnable                       
0000b2d5  __TI_decompress_lzss            
0000b33d  __TI_writemsg                   
0000b36b  C$$IO$$                         
0000b36f  __TI_readmsg                    
0000b3a5  fseek                           
0000b409  frexp                           
0000b409  frexpl                          
0000b46d  TimerConfigure                  
0000b4cd  sprintf                         
0000b52d  ltoa                            
0000b585  _c_int00                        
0000b5d9  C$$EXIT                         
0000b5dd  abort                           
0000b5e5  exit                            
0000b62d  delay_us                        
0000b645  delay_ms                        
0000b65f  delay_s                         
0000b67d  I2CMasterInitExpClk             
0000b715  atoi                            
0000b761  copy_in                         
0000b7ad  GPIOPinConfigure                
0000b7f5  __aeabi_d2iz                    
0000b83d  __aeabi_l2f                     
0000b885  UARTConfigSetExpClk             
0000b90d  strtok                          
0000b94d  __aeabi_uidiv                   
0000b94d  __aeabi_uidivmod                
0000b98d  SysCtlPeripheralPresent         
0000b9c5  SysCtlPeripheralReady           
0000b9fd  __aeabi_f2d                     
0000ba35  strncpy                         
0000ba6d  IntRegister                     
0000baa1  SysCtlPeripheralEnable          
0000bad5  __aeabi_i2d                     
0000bb03  GPIODirModeSet                  
0000bb2d  strspn                          
0000bb59  IntPrioritySet                  
0000bb7d  memcmp                          
0000bba1  strcspn                         
0000bbc5  PWMGenConfigure                 
0000bbe9  UARTDisable                     
0000bc09  memchr                          
0000bc29  PWMPulseWidthSet                
0000bc47  memccpy                         
0000bc63  GPIOPinTypeGPIOOutput           
0000bc7b  TimerIntRegister                
0000bc93  UARTIntRegister                 
0000bcad  _args_main                      
0000bcc5  __aeabi_lmul                    
0000bcdd  strcmp                          
0000bcf5  strrchr                         
0000bd0d  I2CMasterErr                    
0000bd23  TimerControlEvent               
0000bd39  strchr                          
0000bd51  SysCtlPWMClockSet               
0000bd65  UARTEnable                      
0000bd79  _register_unlock                
0000bd7f  _register_lock                  
0000bd87  _nop                            
0000bd8d  copysign                        
0000bd8d  copysignl                       
0000bda1  strcpy                          
0000bdb5  strlen                          
0000bdc9  GPIOPinTypeI2C                  
0000bddb  GPIOPinTypeI2CSCL               
0000bded  GPIOPinTypePWM                  
0000bdff  GPIOPinTypeTimer                
0000be11  GPIOPinTypeUART                 
0000be23  PWMGenPeriodGet                 
0000be35  PWMOutputState                  
0000be47  TimerLoadSet                    
0000be59  FPUEnable                       
0000be69  FPULazyStackingEnable           
0000be79  IntMasterEnable                 
0000be89  PWMGenPeriodSet                 
0000be99  TimerEnable                     
0000bea7  UARTCharGetNonBlocking          
0000beb5  UARTCharsAvail                  
0000bec3  __TI_decompress_none            
0000bed1  CPUcpsie                        
0000bedd  PWMGenEnable                    
0000bee9  __TI_zero_init                  
0000bef5  ResetISR                        
0000bf01  I2CMasterEnable                 
0000bf0b  TimerIntDisable                 
0000bf15  TimerIntStatus                  
0000bf1f  TimerValueGet                   
0000bf29  UARTCharGet                     
0000bf33  UARTCharPut                     
0000bf3d  UARTIntStatus                   
0000bf47  I2CMasterBusy                   
0000bf4f  I2CMasterSlaveAddrSet           
0000bf57  TimerIntEnable                  
0000bf5f  UARTIntEnable                   
0000bf67  GPIOPinWrite                    
0000bf6d  SysCtlDelay                     
0000bf73  UARTClockSourceSet              
0000bf79  I2CMasterControl                
0000bf7d  I2CMasterDataGet                
0000bf81  I2CMasterDataPut                
0000bf85  TimerIntClear                   
0000bf89  UARTIntClear                    
0000bf8d  _system_pre_init                
0000cb86  _ctypes_                        
0000d0e4  test                            
0000d10c  reg                             
0000d170  hw                              
0000d248  __TI_Handler_Table_Base         
0000d254  __TI_Handler_Table_Limit        
0000d268  __TI_CINIT_Base                 
0000d280  __TI_CINIT_Limit                
20000000  g_pfnRAMVectors                 
2000026c  _ftable                         
20000458  Pose                            
20000459  PS2_flag                        
2000045c  set_yaw                         
20000460  dis2                            
20000464  dis3                            
20000468  yaw                             
2000047c  __TI_ft_end                     
20000480  __aeabi_stdin                   
20000484  __aeabi_stdout                  
20000488  __aeabi_stderr                  
2000048c  __TI_cleanup_ptr                
20000490  __TI_dtors_ptr                  
20000494  __TI_enable_exit_profile_output 
200004b0  _lock                           
200004b4  _unlock                         
200004b8  w1_speed                        
200004ba  w2_speed                        
200004bc  w3_speed                        
200004be  w4_speed                        
200004d8  errno                           
200004e0  main_func_sp                    
200004e8  __CIOBUF_                       
20000608  __TI_tmpnams                    
200006a8  pid_pos                         
200006cc  pid_yaw                         
200006f0  uart1_buff                      
20000710  uart0_buff                      
20000724  uart2_buff                      
20000738  uart5_buff                      
20000754  pwm_clock_div                   
20000758  uart_flag                       
2000075c  __stack                         
2000095c  __STACK_END                     
2000095c  __STACK_TOP                     
20000960  _sys_memory                     
ffffffff  __TI_pprof_out_hndl             
ffffffff  __TI_prof_data_size             
ffffffff  __TI_prof_data_start            
ffffffff  __binit__                       
ffffffff  __c_args__                      
ffffffff  binit                           
UNDEFED   SHT$$INIT_ARRAY$$Base           
UNDEFED   SHT$$INIT_ARRAY$$Limit          

[406 symbols]
