<?xml version="1.0"?>
<link_info>
   <banner>TI ARM Linker PC v16.9.0.LTS</banner>
   <copyright>Copyright (c) 1996-2015 Texas Instruments Incorporated</copyright>
   <link_time>0x5d32bbfc</link_time>
   <link_errors>0x0</link_errors>
   <output_file>GarageControl.out</output_file>
   <entry_point>
      <name>_c_int00</name>
      <address>0x1c11</address>
   </entry_point>
   <input_file_list>
      <input_file id="fl-2">
         <path>.\</path>
         <kind>object</kind>
         <file>main.obj</file>
         <name>main.obj</name>
      </input_file>
      <input_file id="fl-3">
         <path>.\</path>
         <kind>object</kind>
         <file>tm4c123gh6pm_startup_ccs.obj</file>
         <name>tm4c123gh6pm_startup_ccs.obj</name>
      </input_file>
      <input_file id="fl-4">
         <path>.\</path>
         <kind>object</kind>
         <file>uartstdio.obj</file>
         <name>uartstdio.obj</name>
      </input_file>
      <input_file id="fl-5">
         <path>.\drivers\key\</path>
         <kind>object</kind>
         <file>key.obj</file>
         <name>key.obj</name>
      </input_file>
      <input_file id="fl-6">
         <path>.\drivers\my_delay\</path>
         <kind>object</kind>
         <file>delay.obj</file>
         <name>delay.obj</name>
      </input_file>
      <input_file id="fl-7">
         <path>.\drivers\uart\</path>
         <kind>object</kind>
         <file>uart.obj</file>
         <name>uart.obj</name>
      </input_file>
      <input_file id="fl-e">
         <path>F:\TM4\TivaWare_C_Series-2.1.4.178\driverlib\ccs\Debug\</path>
         <kind>archive</kind>
         <file>driverlib.lib</file>
         <name>adc.obj</name>
      </input_file>
      <input_file id="fl-f">
         <path>F:\TM4\TivaWare_C_Series-2.1.4.178\driverlib\ccs\Debug\</path>
         <kind>archive</kind>
         <file>driverlib.lib</file>
         <name>gpio.obj</name>
      </input_file>
      <input_file id="fl-10">
         <path>F:\TM4\TivaWare_C_Series-2.1.4.178\driverlib\ccs\Debug\</path>
         <kind>archive</kind>
         <file>driverlib.lib</file>
         <name>interrupt.obj</name>
      </input_file>
      <input_file id="fl-11">
         <path>F:\TM4\TivaWare_C_Series-2.1.4.178\driverlib\ccs\Debug\</path>
         <kind>archive</kind>
         <file>driverlib.lib</file>
         <name>sysctl.obj</name>
      </input_file>
      <input_file id="fl-12">
         <path>F:\TM4\TivaWare_C_Series-2.1.4.178\driverlib\ccs\Debug\</path>
         <kind>archive</kind>
         <file>driverlib.lib</file>
         <name>uart.obj</name>
      </input_file>
      <input_file id="fl-13">
         <path>F:\TM4\TivaWare_C_Series-2.1.4.178\driverlib\ccs\Debug\</path>
         <kind>archive</kind>
         <file>driverlib.lib</file>
         <name>cpu.obj</name>
      </input_file>
      <input_file id="fl-c9">
         <path>F:\TM4\ccsv7\tools\compiler\ti-cgt-arm_16.9.0.LTS\lib\</path>
         <kind>archive</kind>
         <file>rtsv7M4_T_le_v4SPD16_eabi.lib</file>
         <name>boot.obj</name>
      </input_file>
      <input_file id="fl-ca">
         <path>F:\TM4\ccsv7\tools\compiler\ti-cgt-arm_16.9.0.LTS\lib\</path>
         <kind>archive</kind>
         <file>rtsv7M4_T_le_v4SPD16_eabi.lib</file>
         <name>copy_decompress_lzss.obj</name>
      </input_file>
      <input_file id="fl-cb">
         <path>F:\TM4\ccsv7\tools\compiler\ti-cgt-arm_16.9.0.LTS\lib\</path>
         <kind>archive</kind>
         <file>rtsv7M4_T_le_v4SPD16_eabi.lib</file>
         <name>copy_decompress_none.obj</name>
      </input_file>
      <input_file id="fl-cc">
         <path>F:\TM4\ccsv7\tools\compiler\ti-cgt-arm_16.9.0.LTS\lib\</path>
         <kind>archive</kind>
         <file>rtsv7M4_T_le_v4SPD16_eabi.lib</file>
         <name>copy_zero_init.obj</name>
      </input_file>
      <input_file id="fl-cd">
         <path>F:\TM4\ccsv7\tools\compiler\ti-cgt-arm_16.9.0.LTS\lib\</path>
         <kind>archive</kind>
         <file>rtsv7M4_T_le_v4SPD16_eabi.lib</file>
         <name>exit.obj</name>
      </input_file>
      <input_file id="fl-ce">
         <path>F:\TM4\ccsv7\tools\compiler\ti-cgt-arm_16.9.0.LTS\lib\</path>
         <kind>archive</kind>
         <file>rtsv7M4_T_le_v4SPD16_eabi.lib</file>
         <name>fs_toll_t2.obj</name>
      </input_file>
      <input_file id="fl-cf">
         <path>F:\TM4\ccsv7\tools\compiler\ti-cgt-arm_16.9.0.LTS\lib\</path>
         <kind>archive</kind>
         <file>rtsv7M4_T_le_v4SPD16_eabi.lib</file>
         <name>ll_div_t2.obj</name>
      </input_file>
      <input_file id="fl-d0">
         <path>F:\TM4\ccsv7\tools\compiler\ti-cgt-arm_16.9.0.LTS\lib\</path>
         <kind>archive</kind>
         <file>rtsv7M4_T_le_v4SPD16_eabi.lib</file>
         <name>ll_tofs_t2.obj</name>
      </input_file>
      <input_file id="fl-d1">
         <path>F:\TM4\ccsv7\tools\compiler\ti-cgt-arm_16.9.0.LTS\lib\</path>
         <kind>archive</kind>
         <file>rtsv7M4_T_le_v4SPD16_eabi.lib</file>
         <name>memcpy_t2.obj</name>
      </input_file>
      <input_file id="fl-d2">
         <path>F:\TM4\ccsv7\tools\compiler\ti-cgt-arm_16.9.0.LTS\lib\</path>
         <kind>archive</kind>
         <file>rtsv7M4_T_le_v4SPD16_eabi.lib</file>
         <name>memset_t2.obj</name>
      </input_file>
      <input_file id="fl-d3">
         <path>F:\TM4\ccsv7\tools\compiler\ti-cgt-arm_16.9.0.LTS\lib\</path>
         <kind>archive</kind>
         <file>rtsv7M4_T_le_v4SPD16_eabi.lib</file>
         <name>mpu_init.obj</name>
      </input_file>
      <input_file id="fl-d4">
         <path>F:\TM4\ccsv7\tools\compiler\ti-cgt-arm_16.9.0.LTS\lib\</path>
         <kind>archive</kind>
         <file>rtsv7M4_T_le_v4SPD16_eabi.lib</file>
         <name>pre_init.obj</name>
      </input_file>
      <input_file id="fl-d5">
         <path>F:\TM4\ccsv7\tools\compiler\ti-cgt-arm_16.9.0.LTS\lib\</path>
         <kind>archive</kind>
         <file>rtsv7M4_T_le_v4SPD16_eabi.lib</file>
         <name>stkdepth_vars.obj</name>
      </input_file>
      <input_file id="fl-d6">
         <path>F:\TM4\ccsv7\tools\compiler\ti-cgt-arm_16.9.0.LTS\lib\</path>
         <kind>archive</kind>
         <file>rtsv7M4_T_le_v4SPD16_eabi.lib</file>
         <name>u_divt2.obj</name>
      </input_file>
      <input_file id="fl-d7">
         <path>F:\TM4\ccsv7\tools\compiler\ti-cgt-arm_16.9.0.LTS\lib\</path>
         <kind>archive</kind>
         <file>rtsv7M4_T_le_v4SPD16_eabi.lib</file>
         <name>_lock.obj</name>
      </input_file>
      <input_file id="fl-d8">
         <path>F:\TM4\ccsv7\tools\compiler\ti-cgt-arm_16.9.0.LTS\lib\</path>
         <kind>archive</kind>
         <file>rtsv7M4_T_le_v4SPD16_eabi.lib</file>
         <name>args_main.obj</name>
      </input_file>
      <input_file id="fl-d9">
         <path>F:\TM4\ccsv7\tools\compiler\ti-cgt-arm_16.9.0.LTS\lib\</path>
         <kind>archive</kind>
         <file>rtsv7M4_T_le_v4SPD16_eabi.lib</file>
         <name>autoinit.obj</name>
      </input_file>
      <input_file id="fl-da">
         <path>F:\TM4\ccsv7\tools\compiler\ti-cgt-arm_16.9.0.LTS\lib\</path>
         <kind>archive</kind>
         <file>rtsv7M4_T_le_v4SPD16_eabi.lib</file>
         <name>cpy_tbl.obj</name>
      </input_file>
      <input_file id="fl-db">
         <path>F:\TM4\ccsv7\tools\compiler\ti-cgt-arm_16.9.0.LTS\lib\</path>
         <kind>archive</kind>
         <file>rtsv7M4_T_le_v4SPD16_eabi.lib</file>
         <name>i_div0.obj</name>
      </input_file>
      <input_file id="fl-dc">
         <path>F:\TM4\ccsv7\tools\compiler\ti-cgt-arm_16.9.0.LTS\lib\</path>
         <kind>archive</kind>
         <file>rtsv7M4_T_le_v4SPD16_eabi.lib</file>
         <name>l_div0.obj</name>
      </input_file>
      <input_file id="fl-dd">
         <path>F:\TM4\ccsv7\tools\compiler\ti-cgt-arm_16.9.0.LTS\lib\</path>
         <kind>archive</kind>
         <file>rtsv7M4_T_le_v4SPD16_eabi.lib</file>
         <name>startup.obj</name>
      </input_file>
   </input_file_list>
   <object_component_list>
      <object_component id="oc-f">
         <name>.intvecs</name>
         <load_address>0x0</load_address>
         <run_address>0x0</run_address>
         <size>0x26c</size>
         <input_file_ref idref="fl-3"/>
      </object_component>
      <object_component id="oc-a7">
         <name>.text</name>
         <load_address>0x26c</load_address>
         <run_address>0x26c</run_address>
         <size>0x6e0</size>
         <input_file_ref idref="fl-2"/>
      </object_component>
      <object_component id="oc-d6">
         <name>.text</name>
         <load_address>0x94c</load_address>
         <run_address>0x94c</run_address>
         <size>0x598</size>
         <input_file_ref idref="fl-7"/>
      </object_component>
      <object_component id="oc-1a7">
         <name>.text</name>
         <load_address>0xee4</load_address>
         <run_address>0xee4</run_address>
         <size>0x49c</size>
         <input_file_ref idref="fl-4"/>
      </object_component>
      <object_component id="oc-186">
         <name>.text</name>
         <load_address>0x1380</load_address>
         <run_address>0x1380</run_address>
         <size>0x21e</size>
         <input_file_ref idref="fl-cf"/>
      </object_component>
      <object_component id="oc-1e2">
         <name>.text:GPIOPadConfigSet</name>
         <load_address>0x159e</load_address>
         <run_address>0x159e</run_address>
         <size>0x132</size>
         <input_file_ref idref="fl-f"/>
      </object_component>
      <object_component id="oc-1a1">
         <name>.text:SysCtlClockGet</name>
         <load_address>0x16d0</load_address>
         <run_address>0x16d0</run_address>
         <size>0x110</size>
         <input_file_ref idref="fl-11"/>
      </object_component>
      <object_component id="oc-d0">
         <name>.text:SysCtlClockSet</name>
         <load_address>0x17e0</load_address>
         <run_address>0x17e0</run_address>
         <size>0xf4</size>
         <input_file_ref idref="fl-11"/>
      </object_component>
      <object_component id="oc-3f">
         <name>.text</name>
         <load_address>0x18d4</load_address>
         <run_address>0x18d4</run_address>
         <size>0x9c</size>
         <input_file_ref idref="fl-d1"/>
      </object_component>
      <object_component id="oc-124">
         <name>.text:ADCSequenceStepConfigure</name>
         <load_address>0x1970</load_address>
         <run_address>0x1970</run_address>
         <size>0x7a</size>
         <input_file_ref idref="fl-e"/>
      </object_component>
      <object_component id="oc-4b">
         <name>.text</name>
         <load_address>0x19ea</load_address>
         <run_address>0x19ea</run_address>
         <size>0x7a</size>
         <input_file_ref idref="fl-d2"/>
      </object_component>
      <object_component id="oc-63">
         <name>.text</name>
         <load_address>0x1a64</load_address>
         <run_address>0x1a64</run_address>
         <size>0x70</size>
         <input_file_ref idref="fl-d9"/>
      </object_component>
      <object_component id="oc-18b">
         <name>.text</name>
         <load_address>0x1ad4</load_address>
         <run_address>0x1ad4</run_address>
         <size>0x6c</size>
         <input_file_ref idref="fl-ce"/>
      </object_component>
      <object_component id="oc-203">
         <name>.text:IntEnable</name>
         <load_address>0x1b40</load_address>
         <run_address>0x1b40</run_address>
         <size>0x68</size>
         <input_file_ref idref="fl-10"/>
      </object_component>
      <object_component id="oc-12">
         <name>.text:decompress:lzss</name>
         <load_address>0x1ba8</load_address>
         <run_address>0x1ba8</run_address>
         <size>0x68</size>
         <input_file_ref idref="fl-ca"/>
      </object_component>
      <object_component id="oc-24">
         <name>.text</name>
         <load_address>0x1c10</load_address>
         <run_address>0x1c10</run_address>
         <size>0x54</size>
         <input_file_ref idref="fl-c9"/>
      </object_component>
      <object_component id="oc-6f">
         <name>.text</name>
         <load_address>0x1c64</load_address>
         <run_address>0x1c64</run_address>
         <size>0x54</size>
         <input_file_ref idref="fl-cd"/>
      </object_component>
      <object_component id="oc-11e">
         <name>.text:ADCSequenceConfigure</name>
         <load_address>0x1cb8</load_address>
         <run_address>0x1cb8</run_address>
         <size>0x50</size>
         <input_file_ref idref="fl-e"/>
      </object_component>
      <object_component id="oc-f4">
         <name>.text</name>
         <load_address>0x1d08</load_address>
         <run_address>0x1d08</run_address>
         <size>0x50</size>
         <input_file_ref idref="fl-6"/>
      </object_component>
      <object_component id="oc-99">
         <name>.text</name>
         <load_address>0x1d58</load_address>
         <run_address>0x1d58</run_address>
         <size>0x4c</size>
         <input_file_ref idref="fl-da"/>
      </object_component>
      <object_component id="oc-195">
         <name>.text:GPIOPinConfigure</name>
         <load_address>0x1da4</load_address>
         <run_address>0x1da4</run_address>
         <size>0x48</size>
         <input_file_ref idref="fl-f"/>
      </object_component>
      <object_component id="oc-190">
         <name>.text</name>
         <load_address>0x1dec</load_address>
         <run_address>0x1dec</run_address>
         <size>0x48</size>
         <input_file_ref idref="fl-d0"/>
      </object_component>
      <object_component id="oc-1bf">
         <name>.text:UARTConfigSetExpClk</name>
         <load_address>0x1e34</load_address>
         <run_address>0x1e34</run_address>
         <size>0x46</size>
         <input_file_ref idref="fl-12"/>
      </object_component>
      <object_component id="oc-2a1">
         <name>.text</name>
         <load_address>0x1e7a</load_address>
         <run_address>0x1e7a</run_address>
         <size>0x2</size>
         <input_file_ref idref="fl-db"/>
      </object_component>
      <object_component id="oc-1f7">
         <name>.text:_UARTIntNumberGet</name>
         <load_address>0x1e7c</load_address>
         <run_address>0x1e7c</run_address>
         <size>0x40</size>
         <input_file_ref idref="fl-12"/>
      </object_component>
      <object_component id="oc-259">
         <name>.text</name>
         <load_address>0x1ebc</load_address>
         <run_address>0x1ebc</run_address>
         <size>0x40</size>
         <input_file_ref idref="fl-d6"/>
      </object_component>
      <object_component id="oc-244">
         <name>.text:SysCtlPeripheralPresent</name>
         <load_address>0x1efc</load_address>
         <run_address>0x1efc</run_address>
         <size>0x38</size>
         <input_file_ref idref="fl-11"/>
      </object_component>
      <object_component id="oc-e2">
         <name>.text:SysCtlPeripheralReady</name>
         <load_address>0x1f34</load_address>
         <run_address>0x1f34</run_address>
         <size>0x38</size>
         <input_file_ref idref="fl-11"/>
      </object_component>
      <object_component id="oc-1fd">
         <name>.text:IntRegister</name>
         <load_address>0x1f6c</load_address>
         <run_address>0x1f6c</run_address>
         <size>0x34</size>
         <input_file_ref idref="fl-10"/>
      </object_component>
      <object_component id="oc-dc">
         <name>.text:SysCtlPeripheralEnable</name>
         <load_address>0x1fa0</load_address>
         <run_address>0x1fa0</run_address>
         <size>0x34</size>
         <input_file_ref idref="fl-11"/>
      </object_component>
      <object_component id="oc-1e8">
         <name>.text:GPIODirModeSet</name>
         <load_address>0x1fd4</load_address>
         <run_address>0x1fd4</run_address>
         <size>0x2a</size>
         <input_file_ref idref="fl-f"/>
      </object_component>
      <object_component id="oc-232">
         <name>.text</name>
         <load_address>0x1ffe</load_address>
         <run_address>0x1ffe</run_address>
         <size>0x2</size>
         <input_file_ref idref="fl-dc"/>
      </object_component>
      <object_component id="oc-fa">
         <name>.text:IntPrioritySet</name>
         <load_address>0x2000</load_address>
         <run_address>0x2000</run_address>
         <size>0x24</size>
         <input_file_ref idref="fl-10"/>
      </object_component>
      <object_component id="oc-26b">
         <name>.text:UARTDisable</name>
         <load_address>0x2024</load_address>
         <run_address>0x2024</run_address>
         <size>0x20</size>
         <input_file_ref idref="fl-12"/>
      </object_component>
      <object_component id="oc-142">
         <name>.text:ADCSequenceDataGet</name>
         <load_address>0x2044</load_address>
         <run_address>0x2044</run_address>
         <size>0x1e</size>
         <input_file_ref idref="fl-e"/>
      </object_component>
      <object_component id="oc-13c">
         <name>.text:ADCProcessorTrigger</name>
         <load_address>0x2062</load_address>
         <run_address>0x2062</run_address>
         <size>0x18</size>
         <input_file_ref idref="fl-e"/>
      </object_component>
      <object_component id="oc-e8">
         <name>.text:GPIOPinTypeGPIOOutput</name>
         <load_address>0x207a</load_address>
         <run_address>0x207a</run_address>
         <size>0x18</size>
         <input_file_ref idref="fl-f"/>
      </object_component>
      <object_component id="oc-100">
         <name>.text:UARTIntRegister</name>
         <load_address>0x2092</load_address>
         <run_address>0x2092</run_address>
         <size>0x18</size>
         <input_file_ref idref="fl-12"/>
      </object_component>
      <object_component id="oc-57">
         <name>.text</name>
         <load_address>0x20aa</load_address>
         <run_address>0x20aa</run_address>
         <size>0x2</size>
         <input_file_ref idref="fl-d3"/>
      </object_component>
      <object_component id="oc-69">
         <name>.text</name>
         <load_address>0x20ac</load_address>
         <run_address>0x20ac</run_address>
         <size>0x18</size>
         <input_file_ref idref="fl-d8"/>
      </object_component>
      <object_component id="oc-24a">
         <name>.text:UARTEnable</name>
         <load_address>0x20c4</load_address>
         <run_address>0x20c4</run_address>
         <size>0x14</size>
         <input_file_ref idref="fl-12"/>
      </object_component>
      <object_component id="oc-15f">
         <name>.text</name>
         <load_address>0x20d8</load_address>
         <run_address>0x20d8</run_address>
         <size>0x14</size>
         <input_file_ref idref="fl-d7"/>
      </object_component>
      <object_component id="oc-112">
         <name>.text:GPIOPinTypeADC</name>
         <load_address>0x20ec</load_address>
         <run_address>0x20ec</run_address>
         <size>0x12</size>
         <input_file_ref idref="fl-f"/>
      </object_component>
      <object_component id="oc-19b">
         <name>.text:GPIOPinTypeUART</name>
         <load_address>0x20fe</load_address>
         <run_address>0x20fe</run_address>
         <size>0x12</size>
         <input_file_ref idref="fl-f"/>
      </object_component>
      <object_component id="oc-136">
         <name>.text:ADCIntEnable</name>
         <load_address>0x2110</load_address>
         <run_address>0x2110</run_address>
         <size>0x10</size>
         <input_file_ref idref="fl-e"/>
      </object_component>
      <object_component id="oc-106">
         <name>.text:IntMasterEnable</name>
         <load_address>0x2120</load_address>
         <run_address>0x2120</run_address>
         <size>0x10</size>
         <input_file_ref idref="fl-10"/>
      </object_component>
      <object_component id="oc-148">
         <name>.text:ADCSequenceDisable</name>
         <load_address>0x2130</load_address>
         <run_address>0x2130</run_address>
         <size>0xe</size>
         <input_file_ref idref="fl-e"/>
      </object_component>
      <object_component id="oc-12a">
         <name>.text:ADCSequenceEnable</name>
         <load_address>0x213e</load_address>
         <run_address>0x213e</run_address>
         <size>0xe</size>
         <input_file_ref idref="fl-e"/>
      </object_component>
      <object_component id="oc-1d1">
         <name>.text:UARTCharGetNonBlocking</name>
         <load_address>0x214c</load_address>
         <run_address>0x214c</run_address>
         <size>0xe</size>
         <input_file_ref idref="fl-12"/>
      </object_component>
      <object_component id="oc-1d7">
         <name>.text:UARTCharsAvail</name>
         <load_address>0x215a</load_address>
         <run_address>0x215a</run_address>
         <size>0xe</size>
         <input_file_ref idref="fl-12"/>
      </object_component>
      <object_component id="oc-18">
         <name>.text:decompress:none</name>
         <load_address>0x2168</load_address>
         <run_address>0x2168</run_address>
         <size>0xe</size>
         <input_file_ref idref="fl-cb"/>
      </object_component>
      <object_component id="oc-118">
         <name>.text:ADCReferenceSet</name>
         <load_address>0x2176</load_address>
         <run_address>0x2176</run_address>
         <size>0xc</size>
         <input_file_ref idref="fl-e"/>
      </object_component>
      <object_component id="oc-20b">
         <name>.text:CPUcpsie</name>
         <load_address>0x2182</load_address>
         <run_address>0x2182</run_address>
         <size>0xc</size>
         <input_file_ref idref="fl-13"/>
      </object_component>
      <object_component id="oc-1e">
         <name>.text:decompress:ZI</name>
         <load_address>0x218e</load_address>
         <run_address>0x218e</run_address>
         <size>0xc</size>
         <input_file_ref idref="fl-cc"/>
      </object_component>
      <object_component id="oc-2b">
         <name>.text</name>
         <load_address>0x219a</load_address>
         <run_address>0x219a</run_address>
         <size>0xc</size>
         <input_file_ref idref="fl-3"/>
      </object_component>
      <object_component id="oc-130">
         <name>.text:ADCIntClear</name>
         <load_address>0x21a6</load_address>
         <run_address>0x21a6</run_address>
         <size>0xa</size>
         <input_file_ref idref="fl-e"/>
      </object_component>
      <object_component id="oc-180">
         <name>.text:UARTCharGet</name>
         <load_address>0x21b0</load_address>
         <run_address>0x21b0</run_address>
         <size>0xa</size>
         <input_file_ref idref="fl-12"/>
      </object_component>
      <object_component id="oc-17a">
         <name>.text:UARTCharPut</name>
         <load_address>0x21ba</load_address>
         <run_address>0x21ba</run_address>
         <size>0xa</size>
         <input_file_ref idref="fl-12"/>
      </object_component>
      <object_component id="oc-1ad">
         <name>.text:UARTFIFOEnable</name>
         <load_address>0x21c4</load_address>
         <run_address>0x21c4</run_address>
         <size>0xa</size>
         <input_file_ref idref="fl-12"/>
      </object_component>
      <object_component id="oc-1c5">
         <name>.text:UARTIntStatus</name>
         <load_address>0x21ce</load_address>
         <run_address>0x21ce</run_address>
         <size>0xa</size>
         <input_file_ref idref="fl-12"/>
      </object_component>
      <object_component id="oc-1b9">
         <name>.text:UARTIntEnable</name>
         <load_address>0x21d8</load_address>
         <run_address>0x21d8</run_address>
         <size>0x8</size>
         <input_file_ref idref="fl-12"/>
      </object_component>
      <object_component id="oc-ee">
         <name>.text:GPIOPinWrite</name>
         <load_address>0x21e0</load_address>
         <run_address>0x21e0</run_address>
         <size>0x6</size>
         <input_file_ref idref="fl-f"/>
      </object_component>
      <object_component id="oc-177">
         <name>.text:SysCtlDelay</name>
         <load_address>0x21e6</load_address>
         <run_address>0x21e6</run_address>
         <size>0x6</size>
         <input_file_ref idref="fl-11"/>
      </object_component>
      <object_component id="oc-1b3">
         <name>.text:UARTFIFOLevelSet</name>
         <load_address>0x21ec</load_address>
         <run_address>0x21ec</run_address>
         <size>0x6</size>
         <input_file_ref idref="fl-12"/>
      </object_component>
      <object_component id="oc-1cb">
         <name>.text:UARTIntClear</name>
         <load_address>0x21f2</load_address>
         <run_address>0x21f2</run_address>
         <size>0x4</size>
         <input_file_ref idref="fl-12"/>
      </object_component>
      <object_component id="oc-5d">
         <name>.text</name>
         <load_address>0x21f6</load_address>
         <run_address>0x21f6</run_address>
         <size>0x4</size>
         <input_file_ref idref="fl-d4"/>
      </object_component>
      <object_component id="oc-9f">
         <name>.text</name>
         <load_address>0x21fa</load_address>
         <run_address>0x21fa</run_address>
         <size>0x2</size>
         <input_file_ref idref="fl-dd"/>
      </object_component>
      <object_component id="oc-1f2">
         <name>.const:g_pui32Regs</name>
         <load_address>0x21fc</load_address>
         <run_address>0x21fc</run_address>
         <size>0x9c</size>
         <input_file_ref idref="fl-10"/>
      </object_component>
      <object_component id="oc-23b">
         <name>.const:g_pui32GPIOBaseAddrs</name>
         <load_address>0x2298</load_address>
         <run_address>0x2298</run_address>
         <size>0x90</size>
         <input_file_ref idref="fl-f"/>
      </object_component>
      <object_component id="oc-28b">
         <name>.const</name>
         <load_address>0x2328</load_address>
         <run_address>0x2328</run_address>
         <size>0x70</size>
         <input_file_ref idref="fl-10"/>
      </object_component>
      <object_component id="oc-240">
         <name>.const:g_pui32Xtals</name>
         <load_address>0x2398</load_address>
         <run_address>0x2398</run_address>
         <size>0x6c</size>
         <input_file_ref idref="fl-11"/>
      </object_component>
      <object_component id="oc-280">
         <name>.const:g_ppui32UARTIntMap</name>
         <load_address>0x2404</load_address>
         <run_address>0x2404</run_address>
         <size>0x40</size>
         <input_file_ref idref="fl-12"/>
      </object_component>
      <object_component id="oc-283">
         <name>.const:g_ppui32UARTIntMapSnowflake</name>
         <load_address>0x2444</load_address>
         <run_address>0x2444</run_address>
         <size>0x40</size>
         <input_file_ref idref="fl-12"/>
      </object_component>
      <object_component id="oc-2a8">
         <name>.const:.string</name>
         <load_address>0x2484</load_address>
         <run_address>0x2484</run_address>
         <size>0x12</size>
         <input_file_ref idref="fl-4"/>
      </object_component>
      <object_component id="oc-152">
         <name>.const:.string:END</name>
         <load_address>0x2496</load_address>
         <run_address>0x2496</run_address>
         <size>0xc</size>
         <input_file_ref idref="fl-2"/>
      </object_component>
      <object_component id="oc-14f">
         <name>.const:.string:START</name>
         <load_address>0x24a2</load_address>
         <run_address>0x24a2</run_address>
         <size>0xc</size>
         <input_file_ref idref="fl-2"/>
      </object_component>
      <object_component id="oc-256">
         <name>.const:g_ui32UARTBase</name>
         <load_address>0x24b0</load_address>
         <run_address>0x24b0</run_address>
         <size>0xc</size>
         <input_file_ref idref="fl-4"/>
      </object_component>
      <object_component id="oc-250">
         <name>.const:g_ui32UARTPeriph</name>
         <load_address>0x24bc</load_address>
         <run_address>0x24bc</run_address>
         <size>0xc</size>
         <input_file_ref idref="fl-4"/>
      </object_component>
      <object_component id="oc-25e">
         <name>.const</name>
         <load_address>0x24c8</load_address>
         <run_address>0x24c8</run_address>
         <size>0x4</size>
         <input_file_ref idref="fl-4"/>
      </object_component>
      <object_component id="oc-2d9">
         <name>.cinit..data.load</name>
         <load_address>0x24d0</load_address>
         <run_address>0x24d0</run_address>
         <size>0x16</size>
      </object_component>
      <object_component id="oc-2d6">
         <name>__TI_handler_table</name>
         <load_address>0x24e8</load_address>
         <run_address>0x24e8</run_address>
         <size>0xc</size>
      </object_component>
      <object_component id="oc-2da">
         <name>.cinit..bss.load</name>
         <load_address>0x24f8</load_address>
         <run_address>0x24f8</run_address>
         <size>0x8</size>
      </object_component>
      <object_component id="oc-2d8">
         <name>.cinit..vtable.load</name>
         <load_address>0x2500</load_address>
         <run_address>0x2500</run_address>
         <size>0x8</size>
      </object_component>
      <object_component id="oc-2d7">
         <name>__TI_cinit_table</name>
         <load_address>0x2508</load_address>
         <run_address>0x2508</run_address>
         <size>0x18</size>
      </object_component>
      <object_component id="oc-287">
         <name>.vtable</name>
         <uninitialized>true</uninitialized>
         <run_address>0x20000000</run_address>
         <size>0x26c</size>
         <input_file_ref idref="fl-10"/>
      </object_component>
      <object_component id="oc-10c">
         <name>.data</name>
         <load_address>0x200004b4</load_address>
         <run_address>0x200004b4</run_address>
         <size>0x18</size>
         <input_file_ref idref="fl-2"/>
      </object_component>
      <object_component id="oc-253">
         <name>.data</name>
         <load_address>0x200004e0</load_address>
         <run_address>0x200004e0</run_address>
         <size>0x5</size>
         <input_file_ref idref="fl-4"/>
      </object_component>
      <object_component id="oc-af">
         <name>.data:$O1$$</name>
         <load_address>0x200004cc</load_address>
         <run_address>0x200004cc</run_address>
         <size>0xc</size>
         <input_file_ref idref="fl-cd"/>
      </object_component>
      <object_component id="oc-75">
         <name>.data</name>
         <load_address>0x200004e8</load_address>
         <run_address>0x200004e8</run_address>
         <size>0x4</size>
         <input_file_ref idref="fl-d5"/>
      </object_component>
      <object_component id="oc-b2">
         <name>.data:$O1$$</name>
         <load_address>0x200004d8</load_address>
         <run_address>0x200004d8</run_address>
         <size>0x8</size>
         <input_file_ref idref="fl-d7"/>
      </object_component>
      <object_component id="oc-1dd">
         <name>.common:uart0_buff</name>
         <uninitialized>true</uninitialized>
         <run_address>0x2000048c</run_address>
         <size>0x14</size>
      </object_component>
      <object_component id="oc-10f">
         <name>.common:uart5_buff</name>
         <uninitialized>true</uninitialized>
         <run_address>0x200004a0</run_address>
         <size>0x14</size>
      </object_component>
      <object_component id="oc-14e">
         <name>.common:ulADC0_Value</name>
         <uninitialized>true</uninitialized>
         <run_address>0x2000046c</run_address>
         <size>0x20</size>
      </object_component>
      <object_component id="oc-2a">
         <name>.stack</name>
         <uninitialized>true</uninitialized>
         <run_address>0x2000026c</run_address>
         <size>0x0</size>
         <input_file_ref idref="fl-c9"/>
      </object_component>
      <object_component id="oc-2db">
         <name>.stack</name>
         <uninitialized>true</uninitialized>
         <run_address>0x2000026c</run_address>
         <size>0x0</size>
      </object_component>
      <object_component id="oc-110">
         <name>.debug_info</name>
         <load_address>0x0</load_address>
         <run_address>0x0</run_address>
         <size>0x7a1</size>
         <input_file_ref idref="fl-2"/>
      </object_component>
      <object_component id="oc-150">
         <name>.debug_info</name>
         <load_address>0x7a1</load_address>
         <run_address>0x7a1</run_address>
         <size>0xbb</size>
         <input_file_ref idref="fl-2"/>
      </object_component>
      <object_component id="oc-153">
         <name>.debug_info</name>
         <load_address>0x85c</load_address>
         <run_address>0x85c</run_address>
         <size>0xb7</size>
         <input_file_ref idref="fl-2"/>
      </object_component>
      <object_component id="oc-10d">
         <name>.debug_info</name>
         <load_address>0x913</load_address>
         <run_address>0x913</run_address>
         <size>0x173</size>
         <input_file_ref idref="fl-2"/>
      </object_component>
      <object_component id="oc-a8">
         <name>.debug_info</name>
         <load_address>0xa86</load_address>
         <run_address>0xa86</run_address>
         <size>0xdc6</size>
         <input_file_ref idref="fl-2"/>
      </object_component>
      <object_component id="oc-ba">
         <name>.debug_info</name>
         <load_address>0x184c</load_address>
         <run_address>0x184c</run_address>
         <size>0x8b</size>
         <input_file_ref idref="fl-2"/>
      </object_component>
      <object_component id="oc-7c">
         <name>.debug_info</name>
         <load_address>0x18d7</load_address>
         <run_address>0x18d7</run_address>
         <size>0x18b</size>
         <input_file_ref idref="fl-2"/>
      </object_component>
      <object_component id="oc-90">
         <name>.debug_info</name>
         <load_address>0x1a62</load_address>
         <run_address>0x1a62</run_address>
         <size>0x2c</size>
         <input_file_ref idref="fl-2"/>
      </object_component>
      <object_component id="oc-263">
         <name>.debug_info</name>
         <load_address>0x1a8e</load_address>
         <run_address>0x1a8e</run_address>
         <size>0x4e</size>
         <input_file_ref idref="fl-2"/>
      </object_component>
      <object_component id="oc-33">
         <name>.debug_info</name>
         <load_address>0x1adc</load_address>
         <run_address>0x1adc</run_address>
         <size>0xf2</size>
         <input_file_ref idref="fl-3"/>
      </object_component>
      <object_component id="oc-10">
         <name>.debug_info</name>
         <load_address>0x1bce</load_address>
         <run_address>0x1bce</run_address>
         <size>0xdd</size>
         <input_file_ref idref="fl-3"/>
      </object_component>
      <object_component id="oc-2c">
         <name>.debug_info</name>
         <load_address>0x1cab</load_address>
         <run_address>0x1cab</run_address>
         <size>0x259</size>
         <input_file_ref idref="fl-3"/>
      </object_component>
      <object_component id="oc-3a">
         <name>.debug_info</name>
         <load_address>0x1f04</load_address>
         <run_address>0x1f04</run_address>
         <size>0x84</size>
         <input_file_ref idref="fl-3"/>
      </object_component>
      <object_component id="oc-262">
         <name>.debug_info</name>
         <load_address>0x1f88</load_address>
         <run_address>0x1f88</run_address>
         <size>0x22c</size>
         <input_file_ref idref="fl-4"/>
      </object_component>
      <object_component id="oc-254">
         <name>.debug_info</name>
         <load_address>0x21b4</load_address>
         <run_address>0x21b4</run_address>
         <size>0xc9</size>
         <input_file_ref idref="fl-4"/>
      </object_component>
      <object_component id="oc-25f">
         <name>.debug_info</name>
         <load_address>0x227d</load_address>
         <run_address>0x227d</run_address>
         <size>0xc3</size>
         <input_file_ref idref="fl-4"/>
      </object_component>
      <object_component id="oc-257">
         <name>.debug_info</name>
         <load_address>0x2340</load_address>
         <run_address>0x2340</run_address>
         <size>0xd1</size>
         <input_file_ref idref="fl-4"/>
      </object_component>
      <object_component id="oc-251">
         <name>.debug_info</name>
         <load_address>0x2411</load_address>
         <run_address>0x2411</run_address>
         <size>0xd5</size>
         <input_file_ref idref="fl-4"/>
      </object_component>
      <object_component id="oc-1a8">
         <name>.debug_info</name>
         <load_address>0x24e6</load_address>
         <run_address>0x24e6</run_address>
         <size>0x772</size>
         <input_file_ref idref="fl-4"/>
      </object_component>
      <object_component id="oc-f6">
         <name>.debug_info</name>
         <load_address>0x2c58</load_address>
         <run_address>0x2c58</run_address>
         <size>0x2a7</size>
         <input_file_ref idref="fl-6"/>
      </object_component>
      <object_component id="oc-1df">
         <name>.debug_info</name>
         <load_address>0x2eff</load_address>
         <run_address>0x2eff</run_address>
         <size>0x4ca</size>
         <input_file_ref idref="fl-7"/>
      </object_component>
      <object_component id="oc-d7">
         <name>.debug_info</name>
         <load_address>0x33c9</load_address>
         <run_address>0x33c9</run_address>
         <size>0x1285</size>
         <input_file_ref idref="fl-7"/>
      </object_component>
      <object_component id="oc-218">
         <name>.debug_info</name>
         <load_address>0x464e</load_address>
         <run_address>0x464e</run_address>
         <size>0x24d</size>
         <input_file_ref idref="fl-e"/>
      </object_component>
      <object_component id="oc-126">
         <name>.debug_info</name>
         <load_address>0x489b</load_address>
         <run_address>0x489b</run_address>
         <size>0x333</size>
         <input_file_ref idref="fl-e"/>
      </object_component>
      <object_component id="oc-12c">
         <name>.debug_info</name>
         <load_address>0x4bce</load_address>
         <run_address>0x4bce</run_address>
         <size>0x2a0</size>
         <input_file_ref idref="fl-e"/>
      </object_component>
      <object_component id="oc-14a">
         <name>.debug_info</name>
         <load_address>0x4e6e</load_address>
         <run_address>0x4e6e</run_address>
         <size>0x2a2</size>
         <input_file_ref idref="fl-e"/>
      </object_component>
      <object_component id="oc-144">
         <name>.debug_info</name>
         <load_address>0x5110</load_address>
         <run_address>0x5110</run_address>
         <size>0x2ff</size>
         <input_file_ref idref="fl-e"/>
      </object_component>
      <object_component id="oc-11f">
         <name>.debug_info</name>
         <load_address>0x540f</load_address>
         <run_address>0x540f</run_address>
         <size>0x326</size>
         <input_file_ref idref="fl-e"/>
      </object_component>
      <object_component id="oc-119">
         <name>.debug_info</name>
         <load_address>0x5735</load_address>
         <run_address>0x5735</run_address>
         <size>0x27c</size>
         <input_file_ref idref="fl-e"/>
      </object_component>
      <object_component id="oc-13d">
         <name>.debug_info</name>
         <load_address>0x59b1</load_address>
         <run_address>0x59b1</run_address>
         <size>0x2a4</size>
         <input_file_ref idref="fl-e"/>
      </object_component>
      <object_component id="oc-137">
         <name>.debug_info</name>
         <load_address>0x5c55</load_address>
         <run_address>0x5c55</run_address>
         <size>0x296</size>
         <input_file_ref idref="fl-e"/>
      </object_component>
      <object_component id="oc-131">
         <name>.debug_info</name>
         <load_address>0x5eeb</load_address>
         <run_address>0x5eeb</run_address>
         <size>0x294</size>
         <input_file_ref idref="fl-e"/>
      </object_component>
      <object_component id="oc-1ef">
         <name>.debug_info</name>
         <load_address>0x617f</load_address>
         <run_address>0x617f</run_address>
         <size>0x240</size>
         <input_file_ref idref="fl-f"/>
      </object_component>
      <object_component id="oc-23c">
         <name>.debug_info</name>
         <load_address>0x63bf</load_address>
         <run_address>0x63bf</run_address>
         <size>0x15b</size>
         <input_file_ref idref="fl-f"/>
      </object_component>
      <object_component id="oc-ef">
         <name>.debug_info</name>
         <load_address>0x651a</load_address>
         <run_address>0x651a</run_address>
         <size>0x2a3</size>
         <input_file_ref idref="fl-f"/>
      </object_component>
      <object_component id="oc-1e9">
         <name>.debug_info</name>
         <load_address>0x67bd</load_address>
         <run_address>0x67bd</run_address>
         <size>0x2b3</size>
         <input_file_ref idref="fl-f"/>
      </object_component>
      <object_component id="oc-1e3">
         <name>.debug_info</name>
         <load_address>0x6a70</load_address>
         <run_address>0x6a70</run_address>
         <size>0x316</size>
         <input_file_ref idref="fl-f"/>
      </object_component>
      <object_component id="oc-19c">
         <name>.debug_info</name>
         <load_address>0x6d86</load_address>
         <run_address>0x6d86</run_address>
         <size>0x27b</size>
         <input_file_ref idref="fl-f"/>
      </object_component>
      <object_component id="oc-ea">
         <name>.debug_info</name>
         <load_address>0x7001</load_address>
         <run_address>0x7001</run_address>
         <size>0x2b7</size>
         <input_file_ref idref="fl-f"/>
      </object_component>
      <object_component id="oc-113">
         <name>.debug_info</name>
         <load_address>0x72b8</load_address>
         <run_address>0x72b8</run_address>
         <size>0x279</size>
         <input_file_ref idref="fl-f"/>
      </object_component>
      <object_component id="oc-196">
         <name>.debug_info</name>
         <load_address>0x7531</load_address>
         <run_address>0x7531</run_address>
         <size>0x280</size>
         <input_file_ref idref="fl-f"/>
      </object_component>
      <object_component id="oc-1f6">
         <name>.debug_info</name>
         <load_address>0x77b1</load_address>
         <run_address>0x77b1</run_address>
         <size>0x20e</size>
         <input_file_ref idref="fl-10"/>
      </object_component>
      <object_component id="oc-28c">
         <name>.debug_info</name>
         <load_address>0x79bf</load_address>
         <run_address>0x79bf</run_address>
         <size>0x210</size>
         <input_file_ref idref="fl-10"/>
      </object_component>
      <object_component id="oc-1f3">
         <name>.debug_info</name>
         <load_address>0x7bcf</load_address>
         <run_address>0x7bcf</run_address>
         <size>0x14e</size>
         <input_file_ref idref="fl-10"/>
      </object_component>
      <object_component id="oc-288">
         <name>.debug_info</name>
         <load_address>0x7d1d</load_address>
         <run_address>0x7d1d</run_address>
         <size>0x157</size>
         <input_file_ref idref="fl-10"/>
      </object_component>
      <object_component id="oc-1fe">
         <name>.debug_info</name>
         <load_address>0x7e74</load_address>
         <run_address>0x7e74</run_address>
         <size>0x2c1</size>
         <input_file_ref idref="fl-10"/>
      </object_component>
      <object_component id="oc-fb">
         <name>.debug_info</name>
         <load_address>0x8135</load_address>
         <run_address>0x8135</run_address>
         <size>0x2c9</size>
         <input_file_ref idref="fl-10"/>
      </object_component>
      <object_component id="oc-107">
         <name>.debug_info</name>
         <load_address>0x83fe</load_address>
         <run_address>0x83fe</run_address>
         <size>0x23e</size>
         <input_file_ref idref="fl-10"/>
      </object_component>
      <object_component id="oc-205">
         <name>.debug_info</name>
         <load_address>0x863c</load_address>
         <run_address>0x863c</run_address>
         <size>0x268</size>
         <input_file_ref idref="fl-10"/>
      </object_component>
      <object_component id="oc-179">
         <name>.debug_info</name>
         <load_address>0x88a4</load_address>
         <run_address>0x88a4</run_address>
         <size>0x298</size>
         <input_file_ref idref="fl-11"/>
      </object_component>
      <object_component id="oc-241">
         <name>.debug_info</name>
         <load_address>0x8b3c</load_address>
         <run_address>0x8b3c</run_address>
         <size>0x14d</size>
         <input_file_ref idref="fl-11"/>
      </object_component>
      <object_component id="oc-e6">
         <name>.debug_info</name>
         <load_address>0x8c89</load_address>
         <run_address>0x8c89</run_address>
         <size>0x27f</size>
         <input_file_ref idref="fl-11"/>
      </object_component>
      <object_component id="oc-248">
         <name>.debug_info</name>
         <load_address>0x8f08</load_address>
         <run_address>0x8f08</run_address>
         <size>0x283</size>
         <input_file_ref idref="fl-11"/>
      </object_component>
      <object_component id="oc-e0">
         <name>.debug_info</name>
         <load_address>0x918b</load_address>
         <run_address>0x918b</run_address>
         <size>0x27d</size>
         <input_file_ref idref="fl-11"/>
      </object_component>
      <object_component id="oc-d2">
         <name>.debug_info</name>
         <load_address>0x9408</load_address>
         <run_address>0x9408</run_address>
         <size>0x2db</size>
         <input_file_ref idref="fl-11"/>
      </object_component>
      <object_component id="oc-1a3">
         <name>.debug_info</name>
         <load_address>0x96e3</load_address>
         <run_address>0x96e3</run_address>
         <size>0x2b5</size>
         <input_file_ref idref="fl-11"/>
      </object_component>
      <object_component id="oc-22b">
         <name>.debug_info</name>
         <load_address>0x9998</load_address>
         <run_address>0x9998</run_address>
         <size>0x5f</size>
         <input_file_ref idref="fl-11"/>
      </object_component>
      <object_component id="oc-20a">
         <name>.debug_info</name>
         <load_address>0x99f7</load_address>
         <run_address>0x99f7</run_address>
         <size>0x227</size>
         <input_file_ref idref="fl-12"/>
      </object_component>
      <object_component id="oc-281">
         <name>.debug_info</name>
         <load_address>0x9c1e</load_address>
         <run_address>0x9c1e</run_address>
         <size>0x157</size>
         <input_file_ref idref="fl-12"/>
      </object_component>
      <object_component id="oc-284">
         <name>.debug_info</name>
         <load_address>0x9d75</load_address>
         <run_address>0x9d75</run_address>
         <size>0x169</size>
         <input_file_ref idref="fl-12"/>
      </object_component>
      <object_component id="oc-1f9">
         <name>.debug_info</name>
         <load_address>0x9ede</load_address>
         <run_address>0x9ede</run_address>
         <size>0x27e</size>
         <input_file_ref idref="fl-12"/>
      </object_component>
      <object_component id="oc-1c7">
         <name>.debug_info</name>
         <load_address>0xa15c</load_address>
         <run_address>0xa15c</run_address>
         <size>0x27f</size>
         <input_file_ref idref="fl-12"/>
      </object_component>
      <object_component id="oc-102">
         <name>.debug_info</name>
         <load_address>0xa3db</load_address>
         <run_address>0xa3db</run_address>
         <size>0x2c3</size>
         <input_file_ref idref="fl-12"/>
      </object_component>
      <object_component id="oc-1bb">
         <name>.debug_info</name>
         <load_address>0xa69e</load_address>
         <run_address>0xa69e</run_address>
         <size>0x28f</size>
         <input_file_ref idref="fl-12"/>
      </object_component>
      <object_component id="oc-1cd">
         <name>.debug_info</name>
         <load_address>0xa92d</load_address>
         <run_address>0xa92d</run_address>
         <size>0x28d</size>
         <input_file_ref idref="fl-12"/>
      </object_component>
      <object_component id="oc-1b5">
         <name>.debug_info</name>
         <load_address>0xabba</load_address>
         <run_address>0xabba</run_address>
         <size>0x2cf</size>
         <input_file_ref idref="fl-12"/>
      </object_component>
      <object_component id="oc-1af">
         <name>.debug_info</name>
         <load_address>0xae89</load_address>
         <run_address>0xae89</run_address>
         <size>0x24f</size>
         <input_file_ref idref="fl-12"/>
      </object_component>
      <object_component id="oc-24c">
         <name>.debug_info</name>
         <load_address>0xb0d8</load_address>
         <run_address>0xb0d8</run_address>
         <size>0x247</size>
         <input_file_ref idref="fl-12"/>
      </object_component>
      <object_component id="oc-26d">
         <name>.debug_info</name>
         <load_address>0xb31f</load_address>
         <run_address>0xb31f</run_address>
         <size>0x249</size>
         <input_file_ref idref="fl-12"/>
      </object_component>
      <object_component id="oc-1c1">
         <name>.debug_info</name>
         <load_address>0xb568</load_address>
         <run_address>0xb568</run_address>
         <size>0x326</size>
         <input_file_ref idref="fl-12"/>
      </object_component>
      <object_component id="oc-1d9">
         <name>.debug_info</name>
         <load_address>0xb88e</load_address>
         <run_address>0xb88e</run_address>
         <size>0x253</size>
         <input_file_ref idref="fl-12"/>
      </object_component>
      <object_component id="oc-17c">
         <name>.debug_info</name>
         <load_address>0xbae1</load_address>
         <run_address>0xbae1</run_address>
         <size>0x273</size>
         <input_file_ref idref="fl-12"/>
      </object_component>
      <object_component id="oc-1d3">
         <name>.debug_info</name>
         <load_address>0xbd54</load_address>
         <run_address>0xbd54</run_address>
         <size>0x263</size>
         <input_file_ref idref="fl-12"/>
      </object_component>
      <object_component id="oc-182">
         <name>.debug_info</name>
         <load_address>0xbfb7</load_address>
         <run_address>0xbfb7</run_address>
         <size>0x24d</size>
         <input_file_ref idref="fl-12"/>
      </object_component>
      <object_component id="oc-20d">
         <name>.debug_info</name>
         <load_address>0xc204</load_address>
         <run_address>0xc204</run_address>
         <size>0x212</size>
         <input_file_ref idref="fl-13"/>
      </object_component>
      <object_component id="oc-27">
         <name>.debug_info</name>
         <load_address>0xc416</load_address>
         <run_address>0xc416</run_address>
         <size>0x160</size>
         <input_file_ref idref="fl-c9"/>
      </object_component>
      <object_component id="oc-86">
         <name>.debug_info</name>
         <load_address>0xc576</load_address>
         <run_address>0xc576</run_address>
         <size>0xf9</size>
         <input_file_ref idref="fl-ca"/>
      </object_component>
      <object_component id="oc-13">
         <name>.debug_info</name>
         <load_address>0xc66f</load_address>
         <run_address>0xc66f</run_address>
         <size>0x245</size>
         <input_file_ref idref="fl-ca"/>
      </object_component>
      <object_component id="oc-35">
         <name>.debug_info</name>
         <load_address>0xc8b4</load_address>
         <run_address>0xc8b4</run_address>
         <size>0x60</size>
         <input_file_ref idref="fl-ca"/>
      </object_component>
      <object_component id="oc-81">
         <name>.debug_info</name>
         <load_address>0xc914</load_address>
         <run_address>0xc914</run_address>
         <size>0x46</size>
         <input_file_ref idref="fl-ca"/>
      </object_component>
      <object_component id="oc-4a">
         <name>.debug_info</name>
         <load_address>0xc95a</load_address>
         <run_address>0xc95a</run_address>
         <size>0x140</size>
         <input_file_ref idref="fl-cb"/>
      </object_component>
      <object_component id="oc-19">
         <name>.debug_info</name>
         <load_address>0xca9a</load_address>
         <run_address>0xca9a</run_address>
         <size>0x1df</size>
         <input_file_ref idref="fl-cb"/>
      </object_component>
      <object_component id="oc-45">
         <name>.debug_info</name>
         <load_address>0xcc79</load_address>
         <run_address>0xcc79</run_address>
         <size>0x46</size>
         <input_file_ref idref="fl-cb"/>
      </object_component>
      <object_component id="oc-88">
         <name>.debug_info</name>
         <load_address>0xccbf</load_address>
         <run_address>0xccbf</run_address>
         <size>0x2c</size>
         <input_file_ref idref="fl-cb"/>
      </object_component>
      <object_component id="oc-56">
         <name>.debug_info</name>
         <load_address>0xcceb</load_address>
         <run_address>0xcceb</run_address>
         <size>0x12f</size>
         <input_file_ref idref="fl-cc"/>
      </object_component>
      <object_component id="oc-20">
         <name>.debug_info</name>
         <load_address>0xce1a</load_address>
         <run_address>0xce1a</run_address>
         <size>0x1aa</size>
         <input_file_ref idref="fl-cc"/>
      </object_component>
      <object_component id="oc-51">
         <name>.debug_info</name>
         <load_address>0xcfc4</load_address>
         <run_address>0xcfc4</run_address>
         <size>0x46</size>
         <input_file_ref idref="fl-cc"/>
      </object_component>
      <object_component id="oc-b6">
         <name>.debug_info</name>
         <load_address>0xd00a</load_address>
         <run_address>0xd00a</run_address>
         <size>0x234</size>
         <input_file_ref idref="fl-cd"/>
      </object_component>
      <object_component id="oc-b0">
         <name>.debug_info</name>
         <load_address>0xd23e</load_address>
         <run_address>0xd23e</run_address>
         <size>0x185</size>
         <input_file_ref idref="fl-cd"/>
      </object_component>
      <object_component id="oc-70">
         <name>.debug_info</name>
         <load_address>0xd3c3</load_address>
         <run_address>0xd3c3</run_address>
         <size>0x214</size>
         <input_file_ref idref="fl-cd"/>
      </object_component>
      <object_component id="oc-18d">
         <name>.debug_info</name>
         <load_address>0xd5d7</load_address>
         <run_address>0xd5d7</run_address>
         <size>0x12d</size>
         <input_file_ref idref="fl-ce"/>
      </object_component>
      <object_component id="oc-188">
         <name>.debug_info</name>
         <load_address>0xd704</load_address>
         <run_address>0xd704</run_address>
         <size>0x13a</size>
         <input_file_ref idref="fl-cf"/>
      </object_component>
      <object_component id="oc-192">
         <name>.debug_info</name>
         <load_address>0xd83e</load_address>
         <run_address>0xd83e</run_address>
         <size>0x122</size>
         <input_file_ref idref="fl-d0"/>
      </object_component>
      <object_component id="oc-42">
         <name>.debug_info</name>
         <load_address>0xd960</load_address>
         <run_address>0xd960</run_address>
         <size>0x111</size>
         <input_file_ref idref="fl-d1"/>
      </object_component>
      <object_component id="oc-4d">
         <name>.debug_info</name>
         <load_address>0xda71</load_address>
         <run_address>0xda71</run_address>
         <size>0x13f</size>
         <input_file_ref idref="fl-d2"/>
      </object_component>
      <object_component id="oc-5b">
         <name>.debug_info</name>
         <load_address>0xdbb0</load_address>
         <run_address>0xdbb0</run_address>
         <size>0x138</size>
         <input_file_ref idref="fl-d3"/>
      </object_component>
      <object_component id="oc-5e">
         <name>.debug_info</name>
         <load_address>0xdce8</load_address>
         <run_address>0xdce8</run_address>
         <size>0x148</size>
         <input_file_ref idref="fl-d4"/>
      </object_component>
      <object_component id="oc-76">
         <name>.debug_info</name>
         <load_address>0xde30</load_address>
         <run_address>0xde30</run_address>
         <size>0x109</size>
         <input_file_ref idref="fl-d5"/>
      </object_component>
      <object_component id="oc-25c">
         <name>.debug_info</name>
         <load_address>0xdf39</load_address>
         <run_address>0xdf39</run_address>
         <size>0x13a</size>
         <input_file_ref idref="fl-d6"/>
      </object_component>
      <object_component id="oc-167">
         <name>.debug_info</name>
         <load_address>0xe073</load_address>
         <run_address>0xe073</run_address>
         <size>0x124</size>
         <input_file_ref idref="fl-d7"/>
      </object_component>
      <object_component id="oc-b3">
         <name>.debug_info</name>
         <load_address>0xe197</load_address>
         <run_address>0xe197</run_address>
         <size>0x113</size>
         <input_file_ref idref="fl-d7"/>
      </object_component>
      <object_component id="oc-161">
         <name>.debug_info</name>
         <load_address>0xe2aa</load_address>
         <run_address>0xe2aa</run_address>
         <size>0x21f</size>
         <input_file_ref idref="fl-d7"/>
      </object_component>
      <object_component id="oc-ae">
         <name>.debug_info</name>
         <load_address>0xe4c9</load_address>
         <run_address>0xe4c9</run_address>
         <size>0x166</size>
         <input_file_ref idref="fl-d8"/>
      </object_component>
      <object_component id="oc-6b">
         <name>.debug_info</name>
         <load_address>0xe62f</load_address>
         <run_address>0xe62f</run_address>
         <size>0x167</size>
         <input_file_ref idref="fl-d8"/>
      </object_component>
      <object_component id="oc-158">
         <name>.debug_info</name>
         <load_address>0xe796</load_address>
         <run_address>0xe796</run_address>
         <size>0x5e</size>
         <input_file_ref idref="fl-d8"/>
      </object_component>
      <object_component id="oc-a6">
         <name>.debug_info</name>
         <load_address>0xe7f4</load_address>
         <run_address>0xe7f4</run_address>
         <size>0x2e9</size>
         <input_file_ref idref="fl-d9"/>
      </object_component>
      <object_component id="oc-65">
         <name>.debug_info</name>
         <load_address>0xeadd</load_address>
         <run_address>0xeadd</run_address>
         <size>0x190</size>
         <input_file_ref idref="fl-d9"/>
      </object_component>
      <object_component id="oc-c6">
         <name>.debug_info</name>
         <load_address>0xec6d</load_address>
         <run_address>0xec6d</run_address>
         <size>0x39</size>
         <input_file_ref idref="fl-d9"/>
      </object_component>
      <object_component id="oc-172">
         <name>.debug_info</name>
         <load_address>0xeca6</load_address>
         <run_address>0xeca6</run_address>
         <size>0x39</size>
         <input_file_ref idref="fl-d9"/>
      </object_component>
      <object_component id="oc-cb">
         <name>.debug_info</name>
         <load_address>0xecdf</load_address>
         <run_address>0xecdf</run_address>
         <size>0xcd</size>
         <input_file_ref idref="fl-d9"/>
      </object_component>
      <object_component id="oc-c2">
         <name>.debug_info</name>
         <load_address>0xedac</load_address>
         <run_address>0xedac</run_address>
         <size>0x1e0</size>
         <input_file_ref idref="fl-da"/>
      </object_component>
      <object_component id="oc-9b">
         <name>.debug_info</name>
         <load_address>0xef8c</load_address>
         <run_address>0xef8c</run_address>
         <size>0x183</size>
         <input_file_ref idref="fl-da"/>
      </object_component>
      <object_component id="oc-16d">
         <name>.debug_info</name>
         <load_address>0xf10f</load_address>
         <run_address>0xf10f</run_address>
         <size>0x2c</size>
         <input_file_ref idref="fl-da"/>
      </object_component>
      <object_component id="oc-2a2">
         <name>.debug_info</name>
         <load_address>0xf13b</load_address>
         <run_address>0xf13b</run_address>
         <size>0x147</size>
         <input_file_ref idref="fl-db"/>
      </object_component>
      <object_component id="oc-236">
         <name>.debug_info</name>
         <load_address>0xf282</load_address>
         <run_address>0xf282</run_address>
         <size>0x147</size>
         <input_file_ref idref="fl-dc"/>
      </object_component>
      <object_component id="oc-a0">
         <name>.debug_info</name>
         <load_address>0xf3c9</load_address>
         <run_address>0xf3c9</run_address>
         <size>0x145</size>
         <input_file_ref idref="fl-dd"/>
      </object_component>
      <object_component id="oc-2dc">
         <name>.debug_info</name>
         <load_address>0xf50e</load_address>
         <run_address>0xf50e</run_address>
         <size>0x93</size>
      </object_component>
      <object_component id="oc-215">
         <name>.debug_line</name>
         <load_address>0x0</load_address>
         <run_address>0x0</run_address>
         <size>0x1c5</size>
         <input_file_ref idref="fl-2"/>
      </object_component>
      <object_component id="oc-223">
         <name>.debug_line</name>
         <load_address>0x1c5</load_address>
         <run_address>0x1c5</run_address>
         <size>0x2d</size>
         <input_file_ref idref="fl-2"/>
      </object_component>
      <object_component id="oc-225">
         <name>.debug_line</name>
         <load_address>0x1f2</load_address>
         <run_address>0x1f2</run_address>
         <size>0x2d</size>
         <input_file_ref idref="fl-2"/>
      </object_component>
      <object_component id="oc-213">
         <name>.debug_line</name>
         <load_address>0x21f</load_address>
         <run_address>0x21f</run_address>
         <size>0x2d</size>
         <input_file_ref idref="fl-2"/>
      </object_component>
      <object_component id="oc-ac">
         <name>.debug_line</name>
         <load_address>0x24c</load_address>
         <run_address>0x24c</run_address>
         <size>0x272</size>
         <input_file_ref idref="fl-2"/>
      </object_component>
      <object_component id="oc-bd">
         <name>.debug_line</name>
         <load_address>0x4be</load_address>
         <run_address>0x4be</run_address>
         <size>0x20</size>
         <input_file_ref idref="fl-2"/>
      </object_component>
      <object_component id="oc-7f">
         <name>.debug_line</name>
         <load_address>0x4de</load_address>
         <run_address>0x4de</run_address>
         <size>0x66</size>
         <input_file_ref idref="fl-2"/>
      </object_component>
      <object_component id="oc-93">
         <name>.debug_line</name>
         <load_address>0x544</load_address>
         <run_address>0x544</run_address>
         <size>0x66</size>
         <input_file_ref idref="fl-2"/>
      </object_component>
      <object_component id="oc-266">
         <name>.debug_line</name>
         <load_address>0x5aa</load_address>
         <run_address>0x5aa</run_address>
         <size>0x66</size>
         <input_file_ref idref="fl-2"/>
      </object_component>
      <object_component id="oc-7b">
         <name>.debug_line</name>
         <load_address>0x610</load_address>
         <run_address>0x610</run_address>
         <size>0x41</size>
         <input_file_ref idref="fl-3"/>
      </object_component>
      <object_component id="oc-32">
         <name>.debug_line</name>
         <load_address>0x651</load_address>
         <run_address>0x651</run_address>
         <size>0x41</size>
         <input_file_ref idref="fl-3"/>
      </object_component>
      <object_component id="oc-30">
         <name>.debug_line</name>
         <load_address>0x692</load_address>
         <run_address>0x692</run_address>
         <size>0xa1</size>
         <input_file_ref idref="fl-3"/>
      </object_component>
      <object_component id="oc-3d">
         <name>.debug_line</name>
         <load_address>0x733</load_address>
         <run_address>0x733</run_address>
         <size>0x20</size>
         <input_file_ref idref="fl-3"/>
      </object_component>
      <object_component id="oc-2ac">
         <name>.debug_line</name>
         <load_address>0x753</load_address>
         <run_address>0x753</run_address>
         <size>0x90</size>
         <input_file_ref idref="fl-4"/>
      </object_component>
      <object_component id="oc-29e">
         <name>.debug_line</name>
         <load_address>0x7e3</load_address>
         <run_address>0x7e3</run_address>
         <size>0x32</size>
         <input_file_ref idref="fl-4"/>
      </object_component>
      <object_component id="oc-2aa">
         <name>.debug_line</name>
         <load_address>0x815</load_address>
         <run_address>0x815</run_address>
         <size>0x32</size>
         <input_file_ref idref="fl-4"/>
      </object_component>
      <object_component id="oc-2a0">
         <name>.debug_line</name>
         <load_address>0x847</load_address>
         <run_address>0x847</run_address>
         <size>0x32</size>
         <input_file_ref idref="fl-4"/>
      </object_component>
      <object_component id="oc-29c">
         <name>.debug_line</name>
         <load_address>0x879</load_address>
         <run_address>0x879</run_address>
         <size>0x32</size>
         <input_file_ref idref="fl-4"/>
      </object_component>
      <object_component id="oc-1ab">
         <name>.debug_line</name>
         <load_address>0x8ab</load_address>
         <run_address>0x8ab</run_address>
         <size>0x283</size>
         <input_file_ref idref="fl-4"/>
      </object_component>
      <object_component id="oc-f9">
         <name>.debug_line</name>
         <load_address>0xb2e</load_address>
         <run_address>0xb2e</run_address>
         <size>0x84</size>
         <input_file_ref idref="fl-6"/>
      </object_component>
      <object_component id="oc-277">
         <name>.debug_line</name>
         <load_address>0xbb2</load_address>
         <run_address>0xbb2</run_address>
         <size>0x119</size>
         <input_file_ref idref="fl-7"/>
      </object_component>
      <object_component id="oc-da">
         <name>.debug_line</name>
         <load_address>0xccb</load_address>
         <run_address>0xccb</run_address>
         <size>0x2cd</size>
         <input_file_ref idref="fl-7"/>
      </object_component>
      <object_component id="oc-293">
         <name>.debug_line</name>
         <load_address>0xf98</load_address>
         <run_address>0xf98</run_address>
         <size>0xde</size>
         <input_file_ref idref="fl-e"/>
      </object_component>
      <object_component id="oc-125">
         <name>.debug_line</name>
         <load_address>0x1076</load_address>
         <run_address>0x1076</run_address>
         <size>0xa7</size>
         <input_file_ref idref="fl-e"/>
      </object_component>
      <object_component id="oc-12b">
         <name>.debug_line</name>
         <load_address>0x111d</load_address>
         <run_address>0x111d</run_address>
         <size>0x91</size>
         <input_file_ref idref="fl-e"/>
      </object_component>
      <object_component id="oc-149">
         <name>.debug_line</name>
         <load_address>0x11ae</load_address>
         <run_address>0x11ae</run_address>
         <size>0x91</size>
         <input_file_ref idref="fl-e"/>
      </object_component>
      <object_component id="oc-143">
         <name>.debug_line</name>
         <load_address>0x123f</load_address>
         <run_address>0x123f</run_address>
         <size>0x9c</size>
         <input_file_ref idref="fl-e"/>
      </object_component>
      <object_component id="oc-122">
         <name>.debug_line</name>
         <load_address>0x12db</load_address>
         <run_address>0x12db</run_address>
         <size>0xa4</size>
         <input_file_ref idref="fl-e"/>
      </object_component>
      <object_component id="oc-11c">
         <name>.debug_line</name>
         <load_address>0x137f</load_address>
         <run_address>0x137f</run_address>
         <size>0x91</size>
         <input_file_ref idref="fl-e"/>
      </object_component>
      <object_component id="oc-140">
         <name>.debug_line</name>
         <load_address>0x1410</load_address>
         <run_address>0x1410</run_address>
         <size>0x91</size>
         <input_file_ref idref="fl-e"/>
      </object_component>
      <object_component id="oc-13a">
         <name>.debug_line</name>
         <load_address>0x14a1</load_address>
         <run_address>0x14a1</run_address>
         <size>0x92</size>
         <input_file_ref idref="fl-e"/>
      </object_component>
      <object_component id="oc-134">
         <name>.debug_line</name>
         <load_address>0x1533</load_address>
         <run_address>0x1533</run_address>
         <size>0x91</size>
         <input_file_ref idref="fl-e"/>
      </object_component>
      <object_component id="oc-27b">
         <name>.debug_line</name>
         <load_address>0x15c4</load_address>
         <run_address>0x15c4</run_address>
         <size>0x82</size>
         <input_file_ref idref="fl-f"/>
      </object_component>
      <object_component id="oc-296">
         <name>.debug_line</name>
         <load_address>0x1646</load_address>
         <run_address>0x1646</run_address>
         <size>0x7d</size>
         <input_file_ref idref="fl-f"/>
      </object_component>
      <object_component id="oc-f2">
         <name>.debug_line</name>
         <load_address>0x16c3</load_address>
         <run_address>0x16c3</run_address>
         <size>0x92</size>
         <input_file_ref idref="fl-f"/>
      </object_component>
      <object_component id="oc-1ec">
         <name>.debug_line</name>
         <load_address>0x1755</load_address>
         <run_address>0x1755</run_address>
         <size>0x95</size>
         <input_file_ref idref="fl-f"/>
      </object_component>
      <object_component id="oc-1e6">
         <name>.debug_line</name>
         <load_address>0x17ea</load_address>
         <run_address>0x17ea</run_address>
         <size>0xd1</size>
         <input_file_ref idref="fl-f"/>
      </object_component>
      <object_component id="oc-19f">
         <name>.debug_line</name>
         <load_address>0x18bb</load_address>
         <run_address>0x18bb</run_address>
         <size>0x93</size>
         <input_file_ref idref="fl-f"/>
      </object_component>
      <object_component id="oc-e9">
         <name>.debug_line</name>
         <load_address>0x194e</load_address>
         <run_address>0x194e</run_address>
         <size>0x99</size>
         <input_file_ref idref="fl-f"/>
      </object_component>
      <object_component id="oc-117">
         <name>.debug_line</name>
         <load_address>0x19e7</load_address>
         <run_address>0x19e7</run_address>
         <size>0x93</size>
         <input_file_ref idref="fl-f"/>
      </object_component>
      <object_component id="oc-19a">
         <name>.debug_line</name>
         <load_address>0x1a7a</load_address>
         <run_address>0x1a7a</run_address>
         <size>0xa7</size>
         <input_file_ref idref="fl-f"/>
      </object_component>
      <object_component id="oc-27f">
         <name>.debug_line</name>
         <load_address>0x1b21</load_address>
         <run_address>0x1b21</run_address>
         <size>0x7c</size>
         <input_file_ref idref="fl-10"/>
      </object_component>
      <object_component id="oc-2b5">
         <name>.debug_line</name>
         <load_address>0x1b9d</load_address>
         <run_address>0x1b9d</run_address>
         <size>0x82</size>
         <input_file_ref idref="fl-10"/>
      </object_component>
      <object_component id="oc-27d">
         <name>.debug_line</name>
         <load_address>0x1c1f</load_address>
         <run_address>0x1c1f</run_address>
         <size>0x82</size>
         <input_file_ref idref="fl-10"/>
      </object_component>
      <object_component id="oc-2b3">
         <name>.debug_line</name>
         <load_address>0x1ca1</load_address>
         <run_address>0x1ca1</run_address>
         <size>0x82</size>
         <input_file_ref idref="fl-10"/>
      </object_component>
      <object_component id="oc-201">
         <name>.debug_line</name>
         <load_address>0x1d23</load_address>
         <run_address>0x1d23</run_address>
         <size>0xaf</size>
         <input_file_ref idref="fl-10"/>
      </object_component>
      <object_component id="oc-fe">
         <name>.debug_line</name>
         <load_address>0x1dd2</load_address>
         <run_address>0x1dd2</run_address>
         <size>0x99</size>
         <input_file_ref idref="fl-10"/>
      </object_component>
      <object_component id="oc-10a">
         <name>.debug_line</name>
         <load_address>0x1e6b</load_address>
         <run_address>0x1e6b</run_address>
         <size>0x97</size>
         <input_file_ref idref="fl-10"/>
      </object_component>
      <object_component id="oc-204">
         <name>.debug_line</name>
         <load_address>0x1f02</load_address>
         <run_address>0x1f02</run_address>
         <size>0xc2</size>
         <input_file_ref idref="fl-10"/>
      </object_component>
      <object_component id="oc-22a">
         <name>.debug_line</name>
         <load_address>0x1fc4</load_address>
         <run_address>0x1fc4</run_address>
         <size>0x13d</size>
         <input_file_ref idref="fl-11"/>
      </object_component>
      <object_component id="oc-298">
         <name>.debug_line</name>
         <load_address>0x2101</load_address>
         <run_address>0x2101</run_address>
         <size>0x7f</size>
         <input_file_ref idref="fl-11"/>
      </object_component>
      <object_component id="oc-e3">
         <name>.debug_line</name>
         <load_address>0x2180</load_address>
         <run_address>0x2180</run_address>
         <size>0x94</size>
         <input_file_ref idref="fl-11"/>
      </object_component>
      <object_component id="oc-245">
         <name>.debug_line</name>
         <load_address>0x2214</load_address>
         <run_address>0x2214</run_address>
         <size>0x94</size>
         <input_file_ref idref="fl-11"/>
      </object_component>
      <object_component id="oc-dd">
         <name>.debug_line</name>
         <load_address>0x22a8</load_address>
         <run_address>0x22a8</run_address>
         <size>0x94</size>
         <input_file_ref idref="fl-11"/>
      </object_component>
      <object_component id="oc-d4">
         <name>.debug_line</name>
         <load_address>0x233c</load_address>
         <run_address>0x233c</run_address>
         <size>0xee</size>
         <input_file_ref idref="fl-11"/>
      </object_component>
      <object_component id="oc-1a5">
         <name>.debug_line</name>
         <load_address>0x242a</load_address>
         <run_address>0x242a</run_address>
         <size>0x11a</size>
         <input_file_ref idref="fl-11"/>
      </object_component>
      <object_component id="oc-22e">
         <name>.debug_line</name>
         <load_address>0x2544</load_address>
         <run_address>0x2544</run_address>
         <size>0x7f</size>
         <input_file_ref idref="fl-11"/>
      </object_component>
      <object_component id="oc-290">
         <name>.debug_line</name>
         <load_address>0x25c3</load_address>
         <run_address>0x25c3</run_address>
         <size>0x82</size>
         <input_file_ref idref="fl-12"/>
      </object_component>
      <object_component id="oc-2af">
         <name>.debug_line</name>
         <load_address>0x2645</load_address>
         <run_address>0x2645</run_address>
         <size>0x7d</size>
         <input_file_ref idref="fl-12"/>
      </object_component>
      <object_component id="oc-2b1">
         <name>.debug_line</name>
         <load_address>0x26c2</load_address>
         <run_address>0x26c2</run_address>
         <size>0x7d</size>
         <input_file_ref idref="fl-12"/>
      </object_component>
      <object_component id="oc-1fb">
         <name>.debug_line</name>
         <load_address>0x273f</load_address>
         <run_address>0x273f</run_address>
         <size>0xa5</size>
         <input_file_ref idref="fl-12"/>
      </object_component>
      <object_component id="oc-1c9">
         <name>.debug_line</name>
         <load_address>0x27e4</load_address>
         <run_address>0x27e4</run_address>
         <size>0x92</size>
         <input_file_ref idref="fl-12"/>
      </object_component>
      <object_component id="oc-104">
         <name>.debug_line</name>
         <load_address>0x2876</load_address>
         <run_address>0x2876</run_address>
         <size>0x99</size>
         <input_file_ref idref="fl-12"/>
      </object_component>
      <object_component id="oc-1bd">
         <name>.debug_line</name>
         <load_address>0x290f</load_address>
         <run_address>0x290f</run_address>
         <size>0x92</size>
         <input_file_ref idref="fl-12"/>
      </object_component>
      <object_component id="oc-1cf">
         <name>.debug_line</name>
         <load_address>0x29a1</load_address>
         <run_address>0x29a1</run_address>
         <size>0x92</size>
         <input_file_ref idref="fl-12"/>
      </object_component>
      <object_component id="oc-1b7">
         <name>.debug_line</name>
         <load_address>0x2a33</load_address>
         <run_address>0x2a33</run_address>
         <size>0x92</size>
         <input_file_ref idref="fl-12"/>
      </object_component>
      <object_component id="oc-1b1">
         <name>.debug_line</name>
         <load_address>0x2ac5</load_address>
         <run_address>0x2ac5</run_address>
         <size>0x92</size>
         <input_file_ref idref="fl-12"/>
      </object_component>
      <object_component id="oc-24e">
         <name>.debug_line</name>
         <load_address>0x2b57</load_address>
         <run_address>0x2b57</run_address>
         <size>0x93</size>
         <input_file_ref idref="fl-12"/>
      </object_component>
      <object_component id="oc-26f">
         <name>.debug_line</name>
         <load_address>0x2bea</load_address>
         <run_address>0x2bea</run_address>
         <size>0x96</size>
         <input_file_ref idref="fl-12"/>
      </object_component>
      <object_component id="oc-1c3">
         <name>.debug_line</name>
         <load_address>0x2c80</load_address>
         <run_address>0x2c80</run_address>
         <size>0xb3</size>
         <input_file_ref idref="fl-12"/>
      </object_component>
      <object_component id="oc-1db">
         <name>.debug_line</name>
         <load_address>0x2d33</load_address>
         <run_address>0x2d33</run_address>
         <size>0x92</size>
         <input_file_ref idref="fl-12"/>
      </object_component>
      <object_component id="oc-17e">
         <name>.debug_line</name>
         <load_address>0x2dc5</load_address>
         <run_address>0x2dc5</run_address>
         <size>0x93</size>
         <input_file_ref idref="fl-12"/>
      </object_component>
      <object_component id="oc-1d5">
         <name>.debug_line</name>
         <load_address>0x2e58</load_address>
         <run_address>0x2e58</run_address>
         <size>0x92</size>
         <input_file_ref idref="fl-12"/>
[...]
      </symbol>
      <symbol id="sm-bc">
         <name>ADCInitial</name>
         <value>0x6d3</value>
         <object_component_ref idref="oc-a7"/>
      </symbol>
      <symbol id="sm-bd">
         <name>INT_pri</name>
         <value>0x535</value>
         <object_component_ref idref="oc-a7"/>
      </symbol>
      <symbol id="sm-be">
         <name>END</name>
         <value>0x2496</value>
         <object_component_ref idref="oc-152"/>
      </symbol>
      <symbol id="sm-bf">
         <name>times</name>
         <value>0x200004bc</value>
         <object_component_ref idref="oc-10c"/>
      </symbol>
      <symbol id="sm-c0">
         <name>parking_ctrl</name>
         <value>0x785</value>
         <object_component_ref idref="oc-a7"/>
      </symbol>
      <symbol id="sm-c1">
         <name>main</name>
         <value>0x26d</value>
         <object_component_ref idref="oc-a7"/>
      </symbol>
      <symbol id="sm-c2">
         <name>last_val</name>
         <value>0x200004c8</value>
         <object_component_ref idref="oc-10c"/>
      </symbol>
      <symbol id="sm-c3">
         <name>START</name>
         <value>0x24a2</value>
         <object_component_ref idref="oc-14f"/>
      </symbol>
      <symbol id="sm-c4">
         <name>once</name>
         <value>0x200004b4</value>
         <object_component_ref idref="oc-10c"/>
      </symbol>
      <symbol id="sm-c5">
         <name>parking_light</name>
         <value>0x5cd</value>
         <object_component_ref idref="oc-a7"/>
      </symbol>
      <symbol id="sm-c6">
         <name>LigCtrl_Init</name>
         <value>0x55d</value>
         <object_component_ref idref="oc-a7"/>
      </symbol>
      <symbol id="sm-c7">
         <name>ValueAvg</name>
         <value>0x200004c4</value>
         <object_component_ref idref="oc-10c"/>
      </symbol>
      <symbol id="sm-c8">
         <name>flag</name>
         <value>0x200004b8</value>
         <object_component_ref idref="oc-10c"/>
      </symbol>
      <symbol id="sm-c9">
         <name>rec_flag</name>
         <value>0x200004c0</value>
         <object_component_ref idref="oc-10c"/>
      </symbol>
      <symbol id="sm-ea">
         <name>ResetISR</name>
         <value>0x219b</value>
         <object_component_ref idref="oc-2b"/>
      </symbol>
      <symbol id="sm-eb">
         <name>g_pfnVectors</name>
         <value>0x0</value>
         <object_component_ref idref="oc-f"/>
      </symbol>
      <symbol id="sm-15a">
         <name>UARTgetc</name>
         <value>0x102b</value>
         <object_component_ref idref="oc-1a7"/>
      </symbol>
      <symbol id="sm-15b">
         <name>UARTgets</name>
         <value>0xf71</value>
         <object_component_ref idref="oc-1a7"/>
      </symbol>
      <symbol id="sm-15c">
         <name>UARTStdioConfig</name>
         <value>0xee5</value>
         <object_component_ref idref="oc-1a7"/>
      </symbol>
      <symbol id="sm-15d">
         <name>UARTwrite</name>
         <value>0xf2b</value>
         <object_component_ref idref="oc-1a7"/>
      </symbol>
      <symbol id="sm-15e">
         <name>UARTprintf</name>
         <value>0x134b</value>
         <object_component_ref idref="oc-1a7"/>
      </symbol>
      <symbol id="sm-15f">
         <name>UARTvprintf</name>
         <value>0x1051</value>
         <object_component_ref idref="oc-1a7"/>
      </symbol>
      <symbol id="sm-16e">
         <name>delay_us</name>
         <value>0x1d09</value>
         <object_component_ref idref="oc-f4"/>
      </symbol>
      <symbol id="sm-16f">
         <name>delay_s</name>
         <value>0x1d3b</value>
         <object_component_ref idref="oc-f4"/>
      </symbol>
      <symbol id="sm-170">
         <name>delay_ms</name>
         <value>0x1d21</value>
         <object_component_ref idref="oc-f4"/>
      </symbol>
      <symbol id="sm-1c1">
         <name>UART0_init</name>
         <value>0xd7d</value>
         <object_component_ref idref="oc-d6"/>
      </symbol>
      <symbol id="sm-1c2">
         <name>UART_send_int16_t</name>
         <value>0xa4d</value>
         <object_component_ref idref="oc-d6"/>
      </symbol>
      <symbol id="sm-1c3">
         <name>UART5IntHandler</name>
         <value>0xe6f</value>
         <object_component_ref idref="oc-d6"/>
      </symbol>
      <symbol id="sm-1c4">
         <name>UART0IntHandler</name>
         <value>0xe29</value>
         <object_component_ref idref="oc-d6"/>
      </symbol>
      <symbol id="sm-1c5">
         <name>UART_send_string</name>
         <value>0x975</value>
         <object_component_ref idref="oc-d6"/>
      </symbol>
      <symbol id="sm-1c6">
         <name>UART_send_char_string</name>
         <value>0xc7d</value>
         <object_component_ref idref="oc-d6"/>
      </symbol>
      <symbol id="sm-1c7">
         <name>UART_send_int64_t_string</name>
         <value>0xb5b</value>
         <object_component_ref idref="oc-d6"/>
      </symbol>
      <symbol id="sm-1c8">
         <name>UART_send_int16_t_string</name>
         <value>0xc1d</value>
         <object_component_ref idref="oc-d6"/>
      </symbol>
      <symbol id="sm-1c9">
         <name>UART_send_int32_t_string</name>
         <value>0xbbd</value>
         <object_component_ref idref="oc-d6"/>
      </symbol>
      <symbol id="sm-1ca">
         <name>UART_send_float_string</name>
         <value>0xcd9</value>
         <object_component_ref idref="oc-d6"/>
      </symbol>
      <symbol id="sm-1cb">
         <name>UART_send_char</name>
         <value>0x94d</value>
         <object_component_ref idref="oc-d6"/>
      </symbol>
      <symbol id="sm-1cc">
         <name>UART_send_int64_t</name>
         <value>0x997</value>
         <object_component_ref idref="oc-d6"/>
      </symbol>
      <symbol id="sm-1cd">
         <name>UART_recive_char</name>
         <value>0x961</value>
         <object_component_ref idref="oc-d6"/>
      </symbol>
      <symbol id="sm-1ce">
         <name>UART_send_float</name>
         <value>0xa6b</value>
         <object_component_ref idref="oc-d6"/>
      </symbol>
      <symbol id="sm-1cf">
         <name>UART5_Init</name>
         <value>0xdd7</value>
         <object_component_ref idref="oc-d6"/>
      </symbol>
      <symbol id="sm-1d0">
         <name>UART_send_int32_t</name>
         <value>0xa33</value>
         <object_component_ref idref="oc-d6"/>
      </symbol>
      <symbol id="sm-1d1">
         <name>UART_recive_string</name>
         <value>0xd41</value>
         <object_component_ref idref="oc-d6"/>
      </symbol>
      <symbol id="sm-225">
         <name>ADCProcessorTrigger</name>
         <value>0x2063</value>
         <object_component_ref idref="oc-13c"/>
      </symbol>
      <symbol id="sm-226">
         <name>ADCSequenceEnable</name>
         <value>0x213f</value>
         <object_component_ref idref="oc-12a"/>
      </symbol>
      <symbol id="sm-227">
         <name>ADCSequenceConfigure</name>
         <value>0x1cb9</value>
         <object_component_ref idref="oc-11e"/>
      </symbol>
      <symbol id="sm-228">
         <name>ADCIntEnable</name>
         <value>0x2111</value>
         <object_component_ref idref="oc-136"/>
      </symbol>
      <symbol id="sm-229">
         <name>ADCReferenceSet</name>
         <value>0x2177</value>
         <object_component_ref idref="oc-118"/>
      </symbol>
      <symbol id="sm-22a">
         <name>ADCSequenceStepConfigure</name>
         <value>0x1971</value>
         <object_component_ref idref="oc-124"/>
      </symbol>
      <symbol id="sm-22b">
         <name>ADCIntClear</name>
         <value>0x21a7</value>
         <object_component_ref idref="oc-130"/>
      </symbol>
      <symbol id="sm-22c">
         <name>ADCSequenceDisable</name>
         <value>0x2131</value>
         <object_component_ref idref="oc-148"/>
      </symbol>
      <symbol id="sm-22d">
         <name>ADCSequenceDataGet</name>
         <value>0x2045</value>
         <object_component_ref idref="oc-142"/>
      </symbol>
      <symbol id="sm-277">
         <name>GPIOPinConfigure</name>
         <value>0x1da5</value>
         <object_component_ref idref="oc-195"/>
      </symbol>
      <symbol id="sm-278">
         <name>GPIOPinTypeADC</name>
         <value>0x20ed</value>
         <object_component_ref idref="oc-112"/>
      </symbol>
      <symbol id="sm-279">
         <name>GPIOPinTypeUART</name>
         <value>0x20ff</value>
         <object_component_ref idref="oc-19b"/>
      </symbol>
      <symbol id="sm-27a">
         <name>GPIOPinTypeGPIOOutput</name>
         <value>0x207b</value>
         <object_component_ref idref="oc-e8"/>
      </symbol>
      <symbol id="sm-27b">
         <name>GPIODirModeSet</name>
         <value>0x1fd5</value>
         <object_component_ref idref="oc-1e8"/>
      </symbol>
      <symbol id="sm-27c">
         <name>GPIOPinWrite</name>
         <value>0x21e1</value>
         <object_component_ref idref="oc-ee"/>
      </symbol>
      <symbol id="sm-27d">
         <name>GPIOPadConfigSet</name>
         <value>0x159f</value>
         <object_component_ref idref="oc-1e2"/>
      </symbol>
      <symbol id="sm-2d0">
         <name>IntPrioritySet</name>
         <value>0x2001</value>
         <object_component_ref idref="oc-fa"/>
      </symbol>
      <symbol id="sm-2d1">
         <name>IntEnable</name>
         <value>0x1b41</value>
         <object_component_ref idref="oc-203"/>
      </symbol>
      <symbol id="sm-2d2">
         <name>IntRegister</name>
         <value>0x1f6d</value>
         <object_component_ref idref="oc-1fd"/>
      </symbol>
      <symbol id="sm-2d3">
         <name>g_pfnRAMVectors</name>
         <value>0x20000000</value>
         <object_component_ref idref="oc-287"/>
      </symbol>
      <symbol id="sm-2d4">
         <name>IntMasterEnable</name>
         <value>0x2121</value>
         <object_component_ref idref="oc-106"/>
      </symbol>
      <symbol id="sm-33c">
         <name>SysCtlPeripheralPresent</name>
         <value>0x1efd</value>
         <object_component_ref idref="oc-244"/>
      </symbol>
      <symbol id="sm-33d">
         <name>SysCtlClockSet</name>
         <value>0x17e1</value>
         <object_component_ref idref="oc-d0"/>
      </symbol>
      <symbol id="sm-33e">
         <name>SysCtlDelay</name>
         <value>0x21e7</value>
         <object_component_ref idref="oc-177"/>
      </symbol>
      <symbol id="sm-33f">
         <name>SysCtlPeripheralEnable</name>
         <value>0x1fa1</value>
         <object_component_ref idref="oc-dc"/>
      </symbol>
      <symbol id="sm-340">
         <name>SysCtlClockGet</name>
         <value>0x16d1</value>
         <object_component_ref idref="oc-1a1"/>
      </symbol>
      <symbol id="sm-341">
         <name>SysCtlPeripheralReady</name>
         <value>0x1f35</value>
         <object_component_ref idref="oc-e2"/>
      </symbol>
      <symbol id="sm-3d3">
         <name>UARTConfigSetExpClk</name>
         <value>0x1e35</value>
         <object_component_ref idref="oc-1bf"/>
      </symbol>
      <symbol id="sm-3d4">
         <name>UARTDisable</name>
         <value>0x2025</value>
         <object_component_ref idref="oc-26b"/>
      </symbol>
      <symbol id="sm-3d5">
         <name>UARTIntEnable</name>
         <value>0x21d9</value>
         <object_component_ref idref="oc-1b9"/>
      </symbol>
      <symbol id="sm-3d6">
         <name>UARTCharsAvail</name>
         <value>0x215b</value>
         <object_component_ref idref="oc-1d7"/>
      </symbol>
      <symbol id="sm-3d7">
         <name>UARTCharGetNonBlocking</name>
         <value>0x214d</value>
         <object_component_ref idref="oc-1d1"/>
      </symbol>
      <symbol id="sm-3d8">
         <name>UARTCharPut</name>
         <value>0x21bb</value>
         <object_component_ref idref="oc-17a"/>
      </symbol>
      <symbol id="sm-3d9">
         <name>UARTEnable</name>
         <value>0x20c5</value>
         <object_component_ref idref="oc-24a"/>
      </symbol>
      <symbol id="sm-3da">
         <name>UARTFIFOEnable</name>
         <value>0x21c5</value>
         <object_component_ref idref="oc-1ad"/>
      </symbol>
      <symbol id="sm-3db">
         <name>UARTIntClear</name>
         <value>0x21f3</value>
         <object_component_ref idref="oc-1cb"/>
      </symbol>
      <symbol id="sm-3dc">
         <name>UARTIntStatus</name>
         <value>0x21cf</value>
         <object_component_ref idref="oc-1c5"/>
      </symbol>
      <symbol id="sm-3dd">
         <name>UARTCharGet</name>
         <value>0x21b1</value>
         <object_component_ref idref="oc-180"/>
      </symbol>
      <symbol id="sm-3de">
         <name>UARTFIFOLevelSet</name>
         <value>0x21ed</value>
         <object_component_ref idref="oc-1b3"/>
      </symbol>
      <symbol id="sm-3df">
         <name>UARTIntRegister</name>
         <value>0x2093</value>
         <object_component_ref idref="oc-100"/>
      </symbol>
      <symbol id="sm-3e9">
         <name>CPUcpsie</name>
         <value>0x2183</value>
         <object_component_ref idref="oc-20b"/>
      </symbol>
      <symbol id="sm-3fa">
         <name>_c_int00</name>
         <value>0x1c11</value>
         <object_component_ref idref="oc-24"/>
      </symbol>
      <symbol id="sm-3fb">
         <name>__stack</name>
         <value>0x2000026c</value>
         <object_component_ref idref="oc-2a"/>
      </symbol>
      <symbol id="sm-419">
         <name>__TI_decompress_lzss</name>
         <value>0x1ba9</value>
         <object_component_ref idref="oc-12"/>
      </symbol>
      <symbol id="sm-430">
         <name>__TI_decompress_none</name>
         <value>0x2169</value>
         <object_component_ref idref="oc-18"/>
      </symbol>
      <symbol id="sm-442">
         <name>__TI_zero_init</name>
         <value>0x218f</value>
         <object_component_ref idref="oc-1e"/>
      </symbol>
      <symbol id="sm-463">
         <name>C$$EXIT</name>
         <value>0x1c65</value>
         <object_component_ref idref="oc-6f"/>
      </symbol>
      <symbol id="sm-464">
         <name>abort</name>
         <value>0x1c69</value>
         <object_component_ref idref="oc-6f"/>
      </symbol>
      <symbol id="sm-465">
         <name>exit</name>
         <value>0x1c71</value>
         <object_component_ref idref="oc-6f"/>
      </symbol>
      <symbol id="sm-466">
         <name>__TI_dtors_ptr</name>
         <value>0x200004d0</value>
         <object_component_ref idref="oc-af"/>
      </symbol>
      <symbol id="sm-467">
         <name>__TI_cleanup_ptr</name>
         <value>0x200004cc</value>
         <object_component_ref idref="oc-af"/>
      </symbol>
      <symbol id="sm-468">
         <name>__TI_enable_exit_profile_output</name>
         <value>0x200004d4</value>
         <object_component_ref idref="oc-af"/>
      </symbol>
      <symbol id="sm-473">
         <name>__aeabi_f2lz</name>
         <value>0x1ad5</value>
         <object_component_ref idref="oc-18b"/>
      </symbol>
      <symbol id="sm-492">
         <name>__aeabi_ldivmod</name>
         <value>0x1381</value>
         <object_component_ref idref="oc-186"/>
      </symbol>
      <symbol id="sm-49d">
         <name>__aeabi_l2f</name>
         <value>0x1ded</value>
         <object_component_ref idref="oc-190"/>
      </symbol>
      <symbol id="sm-4b8">
         <name>memcpy</name>
         <value>0x18d5</value>
         <object_component_ref idref="oc-3f"/>
      </symbol>
      <symbol id="sm-4b9">
         <name>__aeabi_memcpy</name>
         <value>0x18d5</value>
         <object_component_ref idref="oc-3f"/>
      </symbol>
      <symbol id="sm-4ba">
         <name>__aeabi_memcpy8</name>
         <value>0x18d5</value>
         <object_component_ref idref="oc-3f"/>
      </symbol>
      <symbol id="sm-4bb">
         <name>__aeabi_memcpy4</name>
         <value>0x18d5</value>
         <object_component_ref idref="oc-3f"/>
      </symbol>
      <symbol id="sm-4ca">
         <name>__aeabi_memset</name>
         <value>0x19ed</value>
         <object_component_ref idref="oc-4b"/>
      </symbol>
      <symbol id="sm-4cb">
         <name>memset</name>
         <value>0x19f3</value>
         <object_component_ref idref="oc-4b"/>
      </symbol>
      <symbol id="sm-4cc">
         <name>__aeabi_memset8</name>
         <value>0x19ed</value>
         <object_component_ref idref="oc-4b"/>
      </symbol>
      <symbol id="sm-4cd">
         <name>__aeabi_memset4</name>
         <value>0x19ed</value>
         <object_component_ref idref="oc-4b"/>
      </symbol>
      <symbol id="sm-4ce">
         <name>__aeabi_memclr8</name>
         <value>0x19eb</value>
         <object_component_ref idref="oc-4b"/>
      </symbol>
      <symbol id="sm-4cf">
         <name>__aeabi_memclr4</name>
         <value>0x19eb</value>
         <object_component_ref idref="oc-4b"/>
      </symbol>
      <symbol id="sm-4d0">
         <name>__aeabi_memclr</name>
         <value>0x19eb</value>
         <object_component_ref idref="oc-4b"/>
      </symbol>
      <symbol id="sm-4da">
         <name>__mpu_init</name>
         <value>0x20ab</value>
         <object_component_ref idref="oc-57"/>
      </symbol>
      <symbol id="sm-4e4">
         <name>_system_pre_init</name>
         <value>0x21f7</value>
         <object_component_ref idref="oc-5d"/>
      </symbol>
      <symbol id="sm-4ec">
         <name>main_func_sp</name>
         <value>0x200004e8</value>
         <object_component_ref idref="oc-75"/>
      </symbol>
      <symbol id="sm-4fb">
         <name>__aeabi_uidivmod</name>
         <value>0x1ebd</value>
         <object_component_ref idref="oc-259"/>
      </symbol>
      <symbol id="sm-4fc">
         <name>__aeabi_uidiv</name>
         <value>0x1ebd</value>
         <object_component_ref idref="oc-259"/>
      </symbol>
      <symbol id="sm-515">
         <name>_nop</name>
         <value>0x20e7</value>
         <object_component_ref idref="oc-15f"/>
      </symbol>
      <symbol id="sm-516">
         <name>_lock</name>
         <value>0x200004d8</value>
         <object_component_ref idref="oc-b2"/>
      </symbol>
      <symbol id="sm-517">
         <name>_unlock</name>
         <value>0x200004dc</value>
         <object_component_ref idref="oc-b2"/>
      </symbol>
      <symbol id="sm-518">
         <name>_register_lock</name>
         <value>0x20df</value>
         <object_component_ref idref="oc-15f"/>
      </symbol>
      <symbol id="sm-519">
         <name>_register_unlock</name>
         <value>0x20d9</value>
         <object_component_ref idref="oc-15f"/>
      </symbol>
      <symbol id="sm-52d">
         <name>_args_main</name>
         <value>0x20ad</value>
         <object_component_ref idref="oc-69"/>
      </symbol>
      <symbol id="sm-557">
         <name>__TI_auto_init</name>
         <value>0x1a65</value>
         <object_component_ref idref="oc-63"/>
      </symbol>
      <symbol id="sm-571">
         <name>copy_in</name>
         <value>0x1d59</value>
         <object_component_ref idref="oc-99"/>
      </symbol>
      <symbol id="sm-57b">
         <name>__aeabi_idiv0</name>
         <value>0x1e7b</value>
         <object_component_ref idref="oc-2a1"/>
      </symbol>
      <symbol id="sm-585">
         <name>__aeabi_ldiv0</name>
         <value>0x1fff</value>
         <object_component_ref idref="oc-232"/>
      </symbol>
      <symbol id="sm-58f">
         <name>_system_post_cinit</name>
         <value>0x21fb</value>
         <object_component_ref idref="oc-9f"/>
      </symbol>
      <symbol id="sm-590">
         <name>__TI_static_base__</name>
         <value>0x0</value>
      </symbol>
      <symbol id="sm-593">
         <name>SHT$$INIT_ARRAY$$Limit</name>
         <value>0x0</value>
      </symbol>
      <symbol id="sm-594">
         <name>SHT$$INIT_ARRAY$$Base</name>
         <value>0x0</value>
      </symbol>
   </symbol_table>
   <title>Link successful</title>
</link_info>
