******************************************************************************
                  TI ARM Linker PC v16.9.0                     
******************************************************************************
>> Linked Mon Jul 08 22:15:29 2019

OUTPUT FILE NAME:   <InvertedPendulum.out>
ENTRY POINT SYMBOL: "_c_int00"  address: 0000902d


MEMORY CONFIGURATION

         name            origin    length      used     unused   attr    fill
----------------------  --------  ---------  --------  --------  ----  --------
  FLASH                 00000000   00040000  0000a6a0  00035960  R  X
  SRAM                  20000000   00008000  00000628  000079d8  RW X


SEGMENT ALLOCATION MAP

run origin  load origin   length   init length attrs members
----------  ----------- ---------- ----------- ----- -------
00000000    00000000    0000a6a8   0000a6a8    r-x
  00000000    00000000    0000026c   0000026c    r-- .intvecs
  0000026c    0000026c    00009440   00009440    r-x .text
  000096b0    000096b0    00000f4c   00000f4c    r-- .const
  0000a600    0000a600    000000a8   000000a8    r-- .cinit
20000000    20000000    00000628   00000000    rw-
  20000000    20000000    00000258   00000000    rw- .data
  20000258    20000258    00000200   00000000    rw- .stack
  20000458    20000458    000001c8   00000000    rw- .bss
  20000620    20000620    00000008   00000000    rw- .sysmem


SECTION ALLOCATION MAP

 output                                  attributes/
section   page    origin      length       input sections
--------  ----  ----------  ----------   ----------------
.intvecs   0    00000000    0000026c     
                  00000000    0000026c     tm4c123gh6pm_startup_ccs.obj (.intvecs)

.text      0    0000026c    00009440     
                  0000026c    00002ab8     inv_mpu.obj (.text)
                  00002d24    0000113a     rtsv7M4_T_le_v4SPD16_eabi.lib : _printfi.obj (.text)
                  00003e5e    00000002                                   : i_div0.obj (.text)
                  00003e60    00001088     inv_mpu_dmp_motion_driver.obj (.text)
                  00004ee8    00000a94     I2C_Init.obj (.text)
                  0000597c    0000049c     uartstdio.obj (.text)
                  00005e18    00000498     uart.obj (.text)
                  000062b0    000003e4     rtsv7M4_T_le_v4SPD16_eabi.lib : e_asin.obj (.text)
                  00006694    000003d0                                   : memory.obj (.text)
                  00006a64    00000324                                   : trgdrv.obj (.text)
                  00006d88    0000030c                                   : lowlev.obj (.text)
                  00007094    000002ec                                   : s_atan.obj (.text)
                  00007380    0000021e                                   : ll_div_t2.obj (.text)
                  0000759e    000001f4                                   : ull_div_t2.obj (.text)
                  00007792    00000002                                   : l_div0.obj (.text)
                  00007794    000001ec                                   : e_atan2.obj (.text)
                  00007980    000001c4                                   : fopen.obj (.text)
                  00007b44    000001b6                                   : fd_add_t2.obj (.text)
                  00007cfa    00000002                                   : mpu_init.obj (.text)
                  00007cfc    00000170                                   : e_sqrt.obj (.text)
                  00007e6c    00000136                                   : fd_div_t2.obj (.text)
                  00007fa2    00000002                                   : startup.obj (.text)
                  00007fa4    00000134                                   : fputs.obj (.text)
                  000080d8    00000132     driverlib.lib : gpio.obj (.text:GPIOPadConfigSet)
                  0000820a    00000002     --HOLE-- [fill = 0]
                  0000820c    00000110                   : sysctl.obj (.text:SysCtlClockGet)
                  0000831c    000000fc     rtsv7M4_T_le_v4SPD16_eabi.lib : fd_mul_t2.obj (.text)
                  00008418    000000fc                                   : s_scalbn.obj (.text)
                  00008514    000000f4     driverlib.lib : sysctl.obj (.text:SysCtlClockSet)
                  00008608    000000dc     rtsv7M4_T_le_v4SPD16_eabi.lib : setvbuf.obj (.text)
                  000086e4    000000d4     main.obj (.text)
                  000087b8    000000c8     rtsv7M4_T_le_v4SPD16_eabi.lib : fflush.obj (.text)
                  00008880    000000ac                                   : _io_perm.obj (.text)
                  0000892c    0000009c                                   : memcpy_t2.obj (.text)
                  000089c8    00000098                                   : fclose.obj (.text)
                  00008a60    00000098                                   : fputc.obj (.text)
                  00008af8    00000086                                   : fd_cmp_t2.obj (.text:__aeabi_cdcmple)
                  00008b7e    00000086                                   : fd_cmp_t2.obj (.text:__aeabi_cdrcmple)
                  00008c04    0000007a                                   : memset_t2.obj (.text)
                  00008c7e    00000002     --HOLE-- [fill = 0]
                  00008c80    00000070                                   : autoinit.obj (.text)
                  00008cf0    00000070                                   : printf.obj (.text)
                  00008d60    0000006e                                   : fd_tos_t2.obj (.text)
                  00008dce    0000006c                                   : fs_toll_t2.obj (.text)
                  00008e3a    00000068                                   : copy_decompress_lzss.obj (.text:decompress:lzss)
                  00008ea2    00000002     --HOLE-- [fill = 0]
                  00008ea4    00000068                                   : trgmsg.obj (.text)
                  00008f0c    00000064                                   : fseek.obj (.text)
                  00008f70    00000064                                   : s_frexp.obj (.text)
                  00008fd4    00000056                                   : ltoa.obj (.text)
                  0000902a    00000002     --HOLE-- [fill = 0]
                  0000902c    00000054                                   : boot.obj (.text)
                  00009080    00000054                                   : exit.obj (.text)
                  000090d4    00000050     delay.obj (.text)
                  00009124    0000004c     driverlib.lib : i2c.obj (.text:I2CMasterInitExpClk)
                  00009170    0000004c     rtsv7M4_T_le_v4SPD16_eabi.lib : atoi.obj (.text)
                  000091bc    0000004c                                   : cpy_tbl.obj (.text)
                  00009208    00000048     driverlib.lib : gpio.obj (.text:GPIOPinConfigure)
                  00009250    00000048     rtsv7M4_T_le_v4SPD16_eabi.lib : fd_toi_t2.obj (.text)
                  00009298    00000048                                   : ll_tofs_t2.obj (.text)
                  000092e0    00000046     driverlib.lib : uart.obj (.text:UARTConfigSetExpClk)
                  00009326    00000040     rtsv7M4_T_le_v4SPD16_eabi.lib : u_divt2.obj (.text)
                  00009366    00000002     --HOLE-- [fill = 0]
                  00009368    00000038     driverlib.lib : sysctl.obj (.text:SysCtlPeripheralPresent)
                  000093a0    00000038     rtsv7M4_T_le_v4SPD16_eabi.lib : fs_tod_t2.obj (.text)
                  000093d8    00000036                                   : strncpy.obj (.text)
                  0000940e    00000002     --HOLE-- [fill = 0]
                  00009410    00000034     driverlib.lib : sysctl.obj (.text:SysCtlPeripheralEnable)
                  00009444    0000002e     rtsv7M4_T_le_v4SPD16_eabi.lib : i_tofd_t2.obj (.text)
                  00009472    0000002a     driverlib.lib : gpio.obj (.text:GPIODirModeSet)
                  0000949c    00000024     rtsv7M4_T_le_v4SPD16_eabi.lib : memcmp.obj (.text)
                  000094c0    00000020     driverlib.lib : uart.obj (.text:UARTDisable)
                  000094e0    00000020     rtsv7M4_T_le_v4SPD16_eabi.lib : memchr.obj (.text)
                  00009500    0000001c                                   : memccpy.obj (.text)
                  0000951c    00000018                                   : args_main.obj (.text)
                  00009534    00000018                                   : ll_mul_t2.obj (.text)
                  0000954c    00000018                                   : strcmp.obj (.text)
                  00009564    00000016     driverlib.lib : i2c.obj (.text:I2CMasterErr)
                  0000957a    00000016     rtsv7M4_T_le_v4SPD16_eabi.lib : strchr.obj (.text)
                  00009590    00000014     driverlib.lib : uart.obj (.text:UARTEnable)
                  000095a4    00000014     rtsv7M4_T_le_v4SPD16_eabi.lib : _lock.obj (.text)
                  000095b8    00000014                                   : s_copysign.obj (.text)
                  000095cc    00000014                                   : strcpy.obj (.text)
                  000095e0    00000014                                   : strlen.obj (.text)
                  000095f4    00000012     driverlib.lib : gpio.obj (.text:GPIOPinTypeI2C)
                  00009606    00000012                   : gpio.obj (.text:GPIOPinTypeI2CSCL)
                  00009618    00000012                   : gpio.obj (.text:GPIOPinTypeUART)
                  0000962a    0000000e     rtsv7M4_T_le_v4SPD16_eabi.lib : copy_decompress_none.obj (.text:decompress:none)
                  00009638    0000000c                                   : copy_zero_init.obj (.text:decompress:ZI)
                  00009644    0000000c     tm4c123gh6pm_startup_ccs.obj (.text)
                  00009650    0000000a     driverlib.lib : i2c.obj (.text:I2CMasterEnable)
                  0000965a    0000000a                   : uart.obj (.text:UARTCharGet)
                  00009664    0000000a                   : uart.obj (.text:UARTCharPut)
                  0000966e    0000000a                   : uart.obj (.text:UARTFIFOEnable)
                  00009678    00000008                   : i2c.obj (.text:I2CMasterBusy)
                  00009680    00000008                   : i2c.obj (.text:I2CMasterSlaveAddrSet)
                  00009688    00000008                   : uart.obj (.text:UARTIntEnable)
                  00009690    00000006                   : sysctl.obj (.text:SysCtlDelay)
                  00009696    00000006                   : uart.obj (.text:UARTFIFOLevelSet)
                  0000969c    00000004                   : i2c.obj (.text:I2CMasterControl)
                  000096a0    00000004                   : i2c.obj (.text:I2CMasterDataGet)
                  000096a4    00000004                   : i2c.obj (.text:I2CMasterDataPut)
                  000096a8    00000004     rtsv7M4_T_le_v4SPD16_eabi.lib : pre_init.obj (.text)

.const     0    000096b0    00000f4c     
                  000096b0    00000bf6     inv_mpu_dmp_motion_driver.obj (.const:.string:dmp_memory)
                  0000a2a6    00000101     rtsv7M4_T_le_v4SPD16_eabi.lib : ctype.obj (.const:.string:_ctypes_)
                  0000a3a7    00000001     --HOLE-- [fill = 0]
                  0000a3a8    00000098                                   : s_atan.obj (.const:$O1$$)
                  0000a440    00000090     driverlib.lib : gpio.obj (.const:g_pui32GPIOBaseAddrs)
                  0000a4d0    0000006c                   : sysctl.obj (.const:g_pui32Xtals)
                  0000a53c    00000028     inv_mpu.obj (.const:test)
                  0000a564    0000001b     inv_mpu.obj (.const:reg)
                  0000a57f    00000001     --HOLE-- [fill = 0]
                  0000a580    00000012     uartstdio.obj (.const:.string)
                  0000a592    0000000c     inv_mpu_dmp_motion_driver.obj (.const:.string:$P$T4$5)
                  0000a59e    00000002     inv_mpu_dmp_motion_driver.obj (.const)
                  0000a5a0    0000000c     uartstdio.obj (.const:g_ui32UARTBase)
                  0000a5ac    0000000c     uartstdio.obj (.const:g_ui32UARTPeriph)
                  0000a5b8    0000000c     inv_mpu.obj (.const:hw)
                  0000a5c4    0000000b     inv_mpu_dmp_motion_driver.obj (.const:.string:$P$T7$8)
                  0000a5cf    0000000b     inv_mpu_dmp_motion_driver.obj (.const:.string:$P$T8$9)
                  0000a5da    00000009     inv_mpu_dmp_motion_driver.obj (.const:.string:$P$T5$6)
                  0000a5e3    00000009     inv_mpu_dmp_motion_driver.obj (.const:.string:$P$T6$7)
                  0000a5ec    00000004     uartstdio.obj (.const)
                  0000a5f0    00000003     inv_mpu_dmp_motion_driver.obj (.const:.string:$P$T0$1)
                  0000a5f3    00000003     inv_mpu_dmp_motion_driver.obj (.const:.string:$P$T1$2)
                  0000a5f6    00000003     inv_mpu_dmp_motion_driver.obj (.const:.string:$P$T2$3)
                  0000a5f9    00000003     inv_mpu_dmp_motion_driver.obj (.const:.string:$P$T3$4)

.cinit     0    0000a600    000000a8     
                  0000a600    00000084     (.cinit..data.load) [load image, compression = lzss]
                  0000a684    0000000c     (__TI_handler_table)
                  0000a690    00000008     (.cinit..bss.load) [load image, compression = zero_init]
                  0000a698    00000010     (__TI_cinit_table)

.init_array 
*          0    00000000    00000000     UNINITIALIZED

.data      0    20000000    00000258     UNINITIALIZED
                  20000000    000000f0     rtsv7M4_T_le_v4SPD16_eabi.lib : defs.obj (.data:_ftable)
                  200000f0    000000d0                                   : lowlev.obj (.data:$O1$$)
                  200001c0    0000002c     inv_mpu.obj (.data:st)
                  200001ec    00000010     inv_mpu_dmp_motion_driver.obj (.data:dmp)
                  200001fc    00000010     rtsv7M4_T_le_v4SPD16_eabi.lib : defs.obj (.data)
                  2000020c    0000000c                                   : exit.obj (.data:$O1$$)
                  20000218    0000000c                                   : memory.obj (.data:$O1$$)
                  20000224    0000000c     main.obj (.data)
                  20000230    00000009     inv_mpu.obj (.data:gyro_orientation)
                  20000239    00000003     --HOLE--
                  2000023c    00000008     rtsv7M4_T_le_v4SPD16_eabi.lib : _lock.obj (.data:$O1$$)
                  20000244    00000005     uartstdio.obj (.data)
                  20000249    00000003     --HOLE--
                  2000024c    00000004     rtsv7M4_T_le_v4SPD16_eabi.lib : errno.obj (.data)
                  20000250    00000004                                   : fopen.obj (.data)
                  20000254    00000004                                   : stkdepth_vars.obj (.data)

.stack     0    20000258    00000200     UNINITIALIZED
                  20000258    00000200     --HOLE--

.bss       0    20000458    000001c8     UNINITIALIZED
                  20000458    00000120     rtsv7M4_T_le_v4SPD16_eabi.lib : trgmsg.obj (.bss:_CIOBUF_)
                  20000578    000000a0     (.common:__TI_tmpnams)
                  20000618    00000008                                   : trgdrv.obj (.bss:parmbuf)

.sysmem    0    20000620    00000008     UNINITIALIZED
                  20000620    00000008     rtsv7M4_T_le_v4SPD16_eabi.lib : memory.obj (.sysmem)

MODULE SUMMARY

       Module                          code    ro data   rw data
       ------                          ----    -------   -------
    .\
       uartstdio.obj                   1180    46        5      
       tm4c123gh6pm_startup_ccs.obj    12      620       0      
       main.obj                        212     0         12     
    +--+-------------------------------+-------+---------+---------+
       Total:                          1404    666       17     
                                                                
    .\mydrivers\mpu6050\
       inv_mpu.obj                     10936   79        53     
       inv_mpu_dmp_motion_driver.obj   4232    3128      16     
       I2C_Init.obj                    2708    0         0      
    +--+-------------------------------+-------+---------+---------+
       Total:                          17876   3207      69     
                                                                
    .\mydrivers\my_delay\
       delay.obj                       80      0         0      
    +--+-------------------------------+-------+---------+---------+
       Total:                          80      0         0      
                                                                
    .\mydrivers\uart\
       uart.obj                        1176    0         0      
    +--+-------------------------------+-------+---------+---------+
       Total:                          1176    0         0      
                                                                
    F:/TM4/TivaWare_C_Series-2.1.4.178/driverlib/ccs/Debug/driverlib.lib
       sysctl.obj                      630     108       0      
       gpio.obj                        474     144       0      
       uart.obj                        166     0         0      
       i2c.obj                         136     0         0      
    +--+-------------------------------+-------+---------+---------+
       Total:                          1406    252       0      
                                                                
    F:\TM4\ccsv7\tools\compiler\ti-cgt-arm_16.9.0.LTS\lib\rtsv7M4_T_le_v4SPD16_eabi.lib
       _printfi.obj                    4410    0         0      
       e_asin.obj                      996     0         0      
       lowlev.obj                      780     0         208    
       memory.obj                      976     0         12     
       s_atan.obj                      748     152       0      
       trgdrv.obj                      804     0         8      
       ll_div_t2.obj                   542     0         0      
       ull_div_t2.obj                  500     0         0      
       e_atan2.obj                     492     0         0      
       fopen.obj                       452     0         4      
       fd_add_t2.obj                   438     0         0      
       defs.obj                        0       0         416    
       trgmsg.obj                      104     0         288    
       e_sqrt.obj                      368     0         0      
       fd_div_t2.obj                   310     0         0      
       fputs.obj                       308     0         0      
       fd_cmp_t2.obj                   268     0         0      
       ctype.obj                       0       257       0      
       fd_mul_t2.obj                   252     0         0      
       s_scalbn.obj                    252     0         0      
       setvbuf.obj                     220     0         0      
       fflush.obj                      200     0         0      
       _io_perm.obj                    172     0         0      
       memcpy_t2.obj                   156     0         0      
       fclose.obj                      152     0         0      
       fputc.obj                       152     0         0      
       memset_t2.obj                   122     0         0      
       autoinit.obj                    112     0         0      
       printf.obj                      112     0         0      
       fd_tos_t2.obj                   110     0         0      
       fs_toll_t2.obj                  108     0         0      
       copy_decompress_lzss.obj        104     0         0      
       fseek.obj                       100     0         0      
       s_frexp.obj                     100     0         0      
       exit.obj                        84      0         12     
       ltoa.obj                        86      0         0      
       boot.obj                        84      0         0      
       atoi.obj                        76      0         0      
       cpy_tbl.obj                     76      0         0      
       fd_toi_t2.obj                   72      0         0      
       ll_tofs_t2.obj                  72      0         0      
       u_divt2.obj                     64      0         0      
       fs_tod_t2.obj                   56      0         0      
       strncpy.obj                     54      0         0      
       i_tofd_t2.obj                   46      0         0      
       memcmp.obj                      36      0         0      
       memchr.obj                      32      0         0      
       _lock.obj                       20      0         8      
       memccpy.obj                     28      0         0      
       args_main.obj                   24      0         0      
       ll_mul_t2.obj                   24      0         0      
       strcmp.obj                      24      0         0      
       strchr.obj                      22      0         0      
       s_copysign.obj                  20      0         0      
       strcpy.obj                      20      0         0      
       strlen.obj                      20      0         0      
       copy_decompress_none.obj        14      0         0      
       copy_zero_init.obj              12      0         0      
       errno.obj                       0       0         4      
       pre_init.obj                    4       0         0      
       stkdepth_vars.obj               0       0         4      
       i_div0.obj                      2       0         0      
       l_div0.obj                      2       0         0      
       mpu_init.obj                    2       0         0      
       startup.obj                     2       0         0      
    +--+-------------------------------+-------+---------+---------+
       Total:                          15998   409       964    
                                                                
       Heap:                           0       0         8      
       Stack:                          0       0         512    
       Linker Generated:               0       168       0      
    +--+-------------------------------+-------+---------+---------+
       Grand Total:                    37940   4702      1570   


LINKER GENERATED COPY TABLES

__TI_cinit_table @ 0000a698 records: 2, size/record: 8, table size: 16
	.data: load addr=0000a600, load size=00000084 bytes, run addr=20000000, run size=00000258 bytes, compression=lzss
	.bss: load addr=0000a690, load size=00000008 bytes, run addr=20000458, run size=000001c8 bytes, compression=zero_init


LINKER GENERATED HANDLER TABLE

__TI_handler_table @ 0000a684 records: 3, size/record: 4, table size: 12
	index: 0, handler: __TI_decompress_lzss
	index: 1, handler: __TI_decompress_none
	index: 2, handler: __TI_zero_init


GLOBAL SYMBOLS: SORTED ALPHABETICALLY BY Name 

address   name                            
-------   ----                            
00009081  C$$EXIT                         
00008ed3  C$$IO$$                         
00009473  GPIODirModeSet                  
000080d9  GPIOPadConfigSet                
00009209  GPIOPinConfigure                
000095f5  GPIOPinTypeI2C                  
00009607  GPIOPinTypeI2CSCL               
00009619  GPIOPinTypeUART                 
00006d3f  HOSTclock                       
00006d07  HOSTclose                       
00006cc9  HOSTgetenv                      
00006c6d  HOSTlseek                       
00006c1b  HOSTopen                        
00006bcf  HOSTread                        
00006b71  HOSTrename                      
00006b37  HOSTtime                        
00006ae9  HOSTtime64                      
00006ab1  HOSTunlink                      
00006a65  HOSTwrite                       
00004fc7  I2C0_Init                       
00004f4f  I2C0_ReadOneByte                
00004ee9  I2C0_WriteOneByte               
00009679  I2CMasterBusy                   
0000969d  I2CMasterControl                
000096a1  I2CMasterDataGet                
000096a5  I2CMasterDataPut                
00009651  I2CMasterEnable                 
00009565  I2CMasterErr                    
00009125  I2CMasterInitExpClk             
00009681  I2CMasterSlaveAddrSet           
0000565f  I2CReadRegMultiByte             
000057ef  I2CReadRegMultiByte_MPU         
0000544d  I2CReadRegOneByte               
00005531  I2CReadRegTwoByte               
000051dd  I2CWriteRegMultiByte            
00005319  I2CWriteRegMultiByte_MPU        
00005001  I2CWriteRegOneByte              
000050af  I2CWriteRegTwoByte              
00009645  ResetISR                        
UNDEFED   SHT$$INIT_ARRAY$$Base           
UNDEFED   SHT$$INIT_ARRAY$$Limit          
0000820d  SysCtlClockGet                  
00008515  SysCtlClockSet                  
00009691  SysCtlDelay                     
00009411  SysCtlPeripheralEnable          
00009369  SysCtlPeripheralPresent         
00006249  UART0_init                      
0000965b  UARTCharGet                     
00009665  UARTCharPut                     
000092e1  UARTConfigSetExpClk             
000094c1  UARTDisable                     
00009591  UARTEnable                      
0000966f  UARTFIFOEnable                  
00009697  UARTFIFOLevelSet                
00009689  UARTIntEnable                   
0000597d  UARTStdioConfig                 
00005e2d  UART_recive_char                
0000620d  UART_recive_string              
00005e19  UART_send_char                  
00006149  UART_send_char_string           
00005f37  UART_send_float                 
000061a5  UART_send_float_string          
00005f19  UART_send_int16_t               
000060e9  UART_send_int16_t_string        
00005eff  UART_send_int32_t               
00006089  UART_send_int32_t_string        
00005e63  UART_send_int64_t               
00006027  UART_send_int64_t_string        
00005e41  UART_send_string                
00005ac3  UARTgetc                        
00005a09  UARTgets                        
00005de3  UARTprintf                      
00005ae9  UARTvprintf                     
000059c3  UARTwrite                       
20000458  __CIOBUF_                       
20000458  __STACK_END                     
00000200  __STACK_SIZE                    
20000458  __STACK_TOP                     
00000008  __SYSMEM_SIZE                   
0000a698  __TI_CINIT_Base                 
0000a6a8  __TI_CINIT_Limit                
0000a684  __TI_Handler_Table_Base         
0000a690  __TI_Handler_Table_Limit        
00008c81  __TI_auto_init                  
00007a49  __TI_cleanup                    
2000020c  __TI_cleanup_ptr                
000089c9  __TI_closefile                  
00008e3b  __TI_decompress_lzss            
0000962b  __TI_decompress_none            
000087b9  __TI_doflush                    
20000210  __TI_dtors_ptr                  
20000214  __TI_enable_exit_profile_output 
200001fc  __TI_ft_end                     
ffffffff  __TI_pprof_out_hndl             
00003565  __TI_printfi                    
ffffffff  __TI_prof_data_size             
ffffffff  __TI_prof_data_start            
000088e3  __TI_rd_ok                      
00008ed7  __TI_readmsg                    
00000000  __TI_static_base__              
20000578  __TI_tmpnams                    
00008ea5  __TI_writemsg                   
00008881  __TI_wrt_ok                     
00009639  __TI_zero_init                  
00008af9  __aeabi_cdcmpeq                 
00008af9  __aeabi_cdcmple                 
00008b7f  __aeabi_cdrcmple                
00008d61  __aeabi_d2f                     
00009251  __aeabi_d2iz                    
00007b4f  __aeabi_dadd                    
00007e6d  __aeabi_ddiv                    
0000831d  __aeabi_dmul                    
00007b45  __aeabi_dsub                    
000093a1  __aeabi_f2d                     
00008dcf  __aeabi_f2lz                    
00009445  __aeabi_i2d                     
00003e5f  __aeabi_idiv0                   
00009299  __aeabi_l2f                     
00007793  __aeabi_ldiv0                   
00007381  __aeabi_ldivmod                 
00009535  __aeabi_lmul                    
00008c05  __aeabi_memclr                  
00008c05  __aeabi_memclr4                 
00008c05  __aeabi_memclr8                 
0000892d  __aeabi_memcpy                  
0000892d  __aeabi_memcpy4                 
0000892d  __aeabi_memcpy8                 
00008c07  __aeabi_memset                  
00008c07  __aeabi_memset4                 
00008c07  __aeabi_memset8                 
20000208  __aeabi_stderr                  
20000200  __aeabi_stdin                   
20000204  __aeabi_stdout                  
00009327  __aeabi_uidiv                   
00009327  __aeabi_uidivmod                
0000759f  __aeabi_uldivmod                
ffffffff  __binit__                       
ffffffff  __c_args__                      
00007cfb  __mpu_init                      
20000258  __stack                         
0000951d  _args_main                      
0000902d  _c_int00                        
0000a2a6  _ctypes_                        
20000000  _ftable                         
2000023c  _lock                           
000095b3  _nop                            
000095ab  _register_lock                  
000095a5  _register_unlock                
20000620  _sys_memory                     
00007fa3  _system_post_cinit              
000096a9  _system_pre_init                
20000240  _unlock                         
00009085  abort                           
00006fe9  add_device                      
000062b1  asin                            
000062b1  asinl                           
00007095  atan                            
00007795  atan2                           
00007795  atan2l                          
00007095  atanl                           
00009171  atoi                            
ffffffff  binit                           
00006a35  calloc                          
00006f99  close                           
000091bd  copy_in                         
000095b9  copysign                        
000095b9  copysignl                       
000090ed  delay_ms                        
00009107  delay_s                         
000090d5  delay_us                        
00004b57  dmp_enable_6x_lp_quat           
00004857  dmp_enable_feature              
00004ac5  dmp_enable_gyro_cal             
00004b15  dmp_enable_lp_quat              
00004ab1  dmp_get_enabled_features        
00004321  dmp_get_fifo_rate               
00004741  dmp_get_pedometer_step_count    
000047c7  dmp_get_pedometer_walk_time     
00003e61  dmp_load_motion_driver_firmware 
00004c71  dmp_read_fifo                   
00004ec3  dmp_register_android_orient_cb  
00004eb1  dmp_register_tap_cb             
00004159  dmp_set_accel_bias              
000042a1  dmp_set_fifo_rate               
00003ffd  dmp_set_gyro_bias               
00004c0f  dmp_set_interrupt_mode          
00003e75  dmp_set_orientation             
0000478d  dmp_set_pedometer_step_count    
00004813  dmp_set_pedometer_walk_time     
00004651  dmp_set_shake_reject_thresh     
000046ad  dmp_set_shake_reject_time       
000046f1  dmp_set_shake_reject_timeout    
00004541  dmp_set_tap_axes                
00004599  dmp_set_tap_count               
00004339  dmp_set_tap_thresh              
000045dd  dmp_set_tap_time                
00004615  dmp_set_tap_time_multi          
2000024c  errno                           
0000908d  exit                            
00008a2f  fclose                          
00008805  fflush                          
00007a9f  fopen                           
00008a61  fputc                           
00007fa5  fputs                           
0000677f  free                            
00007a75  freopen                         
00008f71  frexp                           
00008f71  frexpl                          
00008f0d  fseek                           
00000000  g_pfnVectors                    
0000a5b8  hw                              
00002915  inv_orientation_matrix_to_scalar
0000297d  inv_row_2_scale                 
00008419  ldexp                           
00008419  ldexpl                          
00006f75  lseek                           
00008fd5  ltoa                            
000086e5  main                            
20000254  main_func_sp                    
00006715  malloc                          
00006949  memalign                        
00009501  memccpy                         
000094e1  memchr                          
0000949d  memcmp                          
0000892d  memcpy                          
00008c0d  memset                          
000029fd  mget_ms                         
00006695  minit                           
00001191  mpu_configure_fifo              
00002af1  mpu_dmp_get_data                
00002a0d  mpu_dmp_init                    
00000da5  mpu_get_accel_fsr               
00000825  mpu_get_accel_reg               
00001119  mpu_get_accel_sens              
000025eb  mpu_get_compass_fsr             
000025db  mpu_get_compass_reg             
00001097  mpu_get_compass_sample_rate     
000025c1  mpu_get_dmp_state               
00001179  mpu_get_fifo_config             
00000cb9  mpu_get_gyro_fsr                
000006dd  mpu_get_gyro_reg                
000010c9  mpu_get_gyro_sens               
00001357  mpu_get_int_status              
00000e95  mpu_get_lpf                     
00001223  mpu_get_power_state             
00000fbd  mpu_get_sample_rate             
00000899  mpu_get_temperature             
000003d5  mpu_init                        
00002411  mpu_load_firmware               
000005e5  mpu_lp_accel_mode               
00002609  mpu_lp_motion_interrupt         
000013b9  mpu_read_fifo                   
00001659  mpu_read_fifo_stream            
00002379  mpu_read_mem                    
0000037d  mpu_read_reg                    
0000030f  mpu_reg_dump                    
00000ae1  mpu_reset_fifo                  
00002171  mpu_run_self_test               
0000094d  mpu_set_accel_bias              
00000e05  mpu_set_accel_fsr               
00001765  mpu_set_bypass                  
000010b1  mpu_set_compass_sample_rate     
0000252d  mpu_set_dmp_state               
00000d0b  mpu_set_gyro_fsr                
000018e5  mpu_set_int_latched             
000018cf  mpu_set_int_level               
00000f15  mpu_set_lpf                     
00000fe1  mpu_set_sample_rate             
00001255  mpu_set_sensors                 
000022e5  mpu_write_mem                   
00006ec7  open                            
20000224  pitch                           
00008cf9  printf                          
00008a61  putc                            
00008ae5  putchar                         
000080b1  puts                            
00006ea3  read                            
00006841  realloc                         
0000a564  reg                             
00006e19  remove                          
00006e7b  remove_device                   
00006e3d  rename                          
20000228  roll                            
00002869  run_self_test                   
00008419  scalbn                          
00008419  scalbnl                         
000025d5  setup_compass                   
00008609  setvbuf                         
00007cfd  sqrt                            
00007cfd  sqrtl                           
0000957b  strchr                          
0000954d  strcmp                          
000095cd  strcpy                          
000095e1  strlen                          
000093d9  strncpy                         
0000a53c  test                            
00006e19  unlink                          
00006d89  write                           
2000022c  yaw                             


GLOBAL SYMBOLS: SORTED BY Symbol Address 

address   name                            
-------   ----                            
00000000  __TI_static_base__              
00000000  g_pfnVectors                    
00000008  __SYSMEM_SIZE                   
00000200  __STACK_SIZE                    
0000030f  mpu_reg_dump                    
0000037d  mpu_read_reg                    
000003d5  mpu_init                        
000005e5  mpu_lp_accel_mode               
000006dd  mpu_get_gyro_reg                
00000825  mpu_get_accel_reg               
00000899  mpu_get_temperature             
0000094d  mpu_set_accel_bias              
00000ae1  mpu_reset_fifo                  
00000cb9  mpu_get_gyro_fsr                
00000d0b  mpu_set_gyro_fsr                
00000da5  mpu_get_accel_fsr               
00000e05  mpu_set_accel_fsr               
00000e95  mpu_get_lpf                     
00000f15  mpu_set_lpf                     
00000fbd  mpu_get_sample_rate             
00000fe1  mpu_set_sample_rate             
00001097  mpu_get_compass_sample_rate     
000010b1  mpu_set_compass_sample_rate     
000010c9  mpu_get_gyro_sens               
00001119  mpu_get_accel_sens              
00001179  mpu_get_fifo_config             
00001191  mpu_configure_fifo              
00001223  mpu_get_power_state             
00001255  mpu_set_sensors                 
00001357  mpu_get_int_status              
000013b9  mpu_read_fifo                   
00001659  mpu_read_fifo_stream            
00001765  mpu_set_bypass                  
000018cf  mpu_set_int_level               
000018e5  mpu_set_int_latched             
00002171  mpu_run_self_test               
000022e5  mpu_write_mem                   
00002379  mpu_read_mem                    
00002411  mpu_load_firmware               
0000252d  mpu_set_dmp_state               
000025c1  mpu_get_dmp_state               
000025d5  setup_compass                   
000025db  mpu_get_compass_reg             
000025eb  mpu_get_compass_fsr             
00002609  mpu_lp_motion_interrupt         
00002869  run_self_test                   
00002915  inv_orientation_matrix_to_scalar
0000297d  inv_row_2_scale                 
000029fd  mget_ms                         
00002a0d  mpu_dmp_init                    
00002af1  mpu_dmp_get_data                
00003565  __TI_printfi                    
00003e5f  __aeabi_idiv0                   
00003e61  dmp_load_motion_driver_firmware 
00003e75  dmp_set_orientation             
00003ffd  dmp_set_gyro_bias               
00004159  dmp_set_accel_bias              
000042a1  dmp_set_fifo_rate               
00004321  dmp_get_fifo_rate               
00004339  dmp_set_tap_thresh              
00004541  dmp_set_tap_axes                
00004599  dmp_set_tap_count               
000045dd  dmp_set_tap_time                
00004615  dmp_set_tap_time_multi          
00004651  dmp_set_shake_reject_thresh     
000046ad  dmp_set_shake_reject_time       
000046f1  dmp_set_shake_reject_timeout    
00004741  dmp_get_pedometer_step_count    
0000478d  dmp_set_pedometer_step_count    
000047c7  dmp_get_pedometer_walk_time     
00004813  dmp_set_pedometer_walk_time     
00004857  dmp_enable_feature              
00004ab1  dmp_get_enabled_features        
00004ac5  dmp_enable_gyro_cal             
00004b15  dmp_enable_lp_quat              
00004b57  dmp_enable_6x_lp_quat           
00004c0f  dmp_set_interrupt_mode          
00004c71  dmp_read_fifo                   
00004eb1  dmp_register_tap_cb             
00004ec3  dmp_register_android_orient_cb  
00004ee9  I2C0_WriteOneByte               
00004f4f  I2C0_ReadOneByte                
00004fc7  I2C0_Init                       
00005001  I2CWriteRegOneByte              
000050af  I2CWriteRegTwoByte              
000051dd  I2CWriteRegMultiByte            
00005319  I2CWriteRegMultiByte_MPU        
0000544d  I2CReadRegOneByte               
00005531  I2CReadRegTwoByte               
0000565f  I2CReadRegMultiByte             
000057ef  I2CReadRegMultiByte_MPU         
0000597d  UARTStdioConfig                 
000059c3  UARTwrite                       
00005a09  UARTgets                        
00005ac3  UARTgetc                        
00005ae9  UARTvprintf                     
00005de3  UARTprintf                      
00005e19  UART_send_char                  
00005e2d  UART_recive_char                
00005e41  UART_send_string                
00005e63  UART_send_int64_t               
00005eff  UART_send_int32_t               
00005f19  UART_send_int16_t               
00005f37  UART_send_float                 
00006027  UART_send_int64_t_string        
00006089  UART_send_int32_t_string        
000060e9  UART_send_int16_t_string        
00006149  UART_send_char_string           
000061a5  UART_send_float_string          
0000620d  UART_recive_string              
00006249  UART0_init                      
000062b1  asin                            
000062b1  asinl                           
00006695  minit                           
00006715  malloc                          
0000677f  free                            
00006841  realloc                         
00006949  memalign                        
00006a35  calloc                          
00006a65  HOSTwrite                       
00006ab1  HOSTunlink                      
00006ae9  HOSTtime64                      
00006b37  HOSTtime                        
00006b71  HOSTrename                      
00006bcf  HOSTread                        
00006c1b  HOSTopen                        
00006c6d  HOSTlseek                       
00006cc9  HOSTgetenv                      
00006d07  HOSTclose                       
00006d3f  HOSTclock                       
00006d89  write                           
00006e19  remove                          
00006e19  unlink                          
00006e3d  rename                          
00006e7b  remove_device                   
00006ea3  read                            
00006ec7  open                            
00006f75  lseek                           
00006f99  close                           
00006fe9  add_device                      
00007095  atan                            
00007095  atanl                           
00007381  __aeabi_ldivmod                 
0000759f  __aeabi_uldivmod                
00007793  __aeabi_ldiv0                   
00007795  atan2                           
00007795  atan2l                          
00007a49  __TI_cleanup                    
00007a75  freopen                         
00007a9f  fopen                           
00007b45  __aeabi_dsub                    
00007b4f  __aeabi_dadd                    
00007cfb  __mpu_init                      
00007cfd  sqrt                            
00007cfd  sqrtl                           
00007e6d  __aeabi_ddiv                    
00007fa3  _system_post_cinit              
00007fa5  fputs                           
000080b1  puts                            
000080d9  GPIOPadConfigSet                
0000820d  SysCtlClockGet                  
0000831d  __aeabi_dmul                    
00008419  ldexp                           
00008419  ldexpl                          
00008419  scalbn                          
00008419  scalbnl                         
00008515  SysCtlClockSet                  
00008609  setvbuf                         
000086e5  main                            
000087b9  __TI_doflush                    
00008805  fflush                          
00008881  __TI_wrt_ok                     
000088e3  __TI_rd_ok                      
0000892d  __aeabi_memcpy                  
0000892d  __aeabi_memcpy4                 
0000892d  __aeabi_memcpy8                 
0000892d  memcpy                          
000089c9  __TI_closefile                  
00008a2f  fclose                          
00008a61  fputc                           
00008a61  putc                            
00008ae5  putchar                         
00008af9  __aeabi_cdcmpeq                 
00008af9  __aeabi_cdcmple                 
00008b7f  __aeabi_cdrcmple                
00008c05  __aeabi_memclr                  
00008c05  __aeabi_memclr4                 
00008c05  __aeabi_memclr8                 
00008c07  __aeabi_memset                  
00008c07  __aeabi_memset4                 
00008c07  __aeabi_memset8                 
00008c0d  memset                          
00008c81  __TI_auto_init                  
00008cf9  printf                          
00008d61  __aeabi_d2f                     
00008dcf  __aeabi_f2lz                    
00008e3b  __TI_decompress_lzss            
00008ea5  __TI_writemsg                   
00008ed3  C$$IO$$                         
00008ed7  __TI_readmsg                    
00008f0d  fseek                           
00008f71  frexp                           
00008f71  frexpl                          
00008fd5  ltoa                            
0000902d  _c_int00                        
00009081  C$$EXIT                         
00009085  abort                           
0000908d  exit                            
000090d5  delay_us                        
000090ed  delay_ms                        
00009107  delay_s                         
00009125  I2CMasterInitExpClk             
00009171  atoi                            
000091bd  copy_in                         
00009209  GPIOPinConfigure                
00009251  __aeabi_d2iz                    
00009299  __aeabi_l2f                     
000092e1  UARTConfigSetExpClk             
00009327  __aeabi_uidiv                   
00009327  __aeabi_uidivmod                
00009369  SysCtlPeripheralPresent         
000093a1  __aeabi_f2d                     
000093d9  strncpy                         
00009411  SysCtlPeripheralEnable          
00009445  __aeabi_i2d                     
00009473  GPIODirModeSet                  
0000949d  memcmp                          
000094c1  UARTDisable                     
000094e1  memchr                          
00009501  memccpy                         
0000951d  _args_main                      
00009535  __aeabi_lmul                    
0000954d  strcmp                          
00009565  I2CMasterErr                    
0000957b  strchr                          
00009591  UARTEnable                      
000095a5  _register_unlock                
000095ab  _register_lock                  
000095b3  _nop                            
000095b9  copysign                        
000095b9  copysignl                       
000095cd  strcpy                          
000095e1  strlen                          
000095f5  GPIOPinTypeI2C                  
00009607  GPIOPinTypeI2CSCL               
00009619  GPIOPinTypeUART                 
0000962b  __TI_decompress_none            
00009639  __TI_zero_init                  
00009645  ResetISR                        
00009651  I2CMasterEnable                 
0000965b  UARTCharGet                     
00009665  UARTCharPut                     
0000966f  UARTFIFOEnable                  
00009679  I2CMasterBusy                   
00009681  I2CMasterSlaveAddrSet           
00009689  UARTIntEnable                   
00009691  SysCtlDelay                     
00009697  UARTFIFOLevelSet                
0000969d  I2CMasterControl                
000096a1  I2CMasterDataGet                
000096a5  I2CMasterDataPut                
000096a9  _system_pre_init                
0000a2a6  _ctypes_                        
0000a53c  test                            
0000a564  reg                             
0000a5b8  hw                              
0000a684  __TI_Handler_Table_Base         
0000a690  __TI_Handler_Table_Limit        
0000a698  __TI_CINIT_Base                 
0000a6a8  __TI_CINIT_Limit                
20000000  _ftable                         
200001fc  __TI_ft_end                     
20000200  __aeabi_stdin                   
20000204  __aeabi_stdout                  
20000208  __aeabi_stderr                  
2000020c  __TI_cleanup_ptr                
20000210  __TI_dtors_ptr                  
20000214  __TI_enable_exit_profile_output 
20000224  pitch                           
20000228  roll                            
2000022c  yaw                             
2000023c  _lock                           
20000240  _unlock                         
2000024c  errno                           
20000254  main_func_sp                    
20000258  __stack                         
20000458  __CIOBUF_                       
20000458  __STACK_END                     
20000458  __STACK_TOP                     
20000578  __TI_tmpnams                    
20000620  _sys_memory                     
ffffffff  __TI_pprof_out_hndl             
ffffffff  __TI_prof_data_size             
ffffffff  __TI_prof_data_start            
ffffffff  __binit__                       
ffffffff  __c_args__                      
ffffffff  binit                           
UNDEFED   SHT$$INIT_ARRAY$$Base           
UNDEFED   SHT$$INIT_ARRAY$$Limit          

[299 symbols]
